Archive member included because of file (symbol)

/usr/lib/gcc/avr/4.3.4/../../../avr/lib/avr5/libprintf_flt.a(vfprintf_flt.o)
                              (vfprintf)
/usr/lib/gcc/avr/4.3.4/avr5/libgcc.a(_prologue.o)
                              /usr/lib/gcc/avr/4.3.4/../../../avr/lib/avr5/libprintf_flt.a(vfprintf_flt.o) (__prologue_saves__)
/usr/lib/gcc/avr/4.3.4/avr5/libgcc.a(_epilogue.o)
                              /usr/lib/gcc/avr/4.3.4/../../../avr/lib/avr5/libprintf_flt.a(vfprintf_flt.o) (__epilogue_restores__)
/usr/lib/gcc/avr/4.3.4/avr5/libgcc.a(_exit.o)
                              /usr/lib/gcc/avr/4.3.4/../../../avr/lib/avr5/crtm644.o (exit)
/usr/lib/gcc/avr/4.3.4/avr5/libgcc.a(_copy_data.o)
                              /usr/lib/gcc/avr/4.3.4/../../../avr/lib/avr5/libprintf_flt.a(vfprintf_flt.o) (__do_copy_data)
/usr/lib/gcc/avr/4.3.4/avr5/libgcc.a(_clear_bss.o)
                              /usr/lib/gcc/avr/4.3.4/../../../avr/lib/avr5/libprintf_flt.a(vfprintf_flt.o) (__do_clear_bss)
/usr/lib/gcc/avr/4.3.4/avr5/libgcc.a(_addsub_sf.o)
                              ./ej2/ej2.o (__subsf3)
/usr/lib/gcc/avr/4.3.4/avr5/libgcc.a(_mul_sf.o)
                              ./ej2/ej2.o (__mulsf3)
/usr/lib/gcc/avr/4.3.4/avr5/libgcc.a(_div_sf.o)
                              ./ej2/ej2.o (__divsf3)
/usr/lib/gcc/avr/4.3.4/avr5/libgcc.a(_thenan_sf.o)
                              /usr/lib/gcc/avr/4.3.4/avr5/libgcc.a(_addsub_sf.o) (__thenan_sf)
/usr/lib/gcc/avr/4.3.4/avr5/libgcc.a(_usi_to_sf.o)
                              ./ej2/ej2.o (__floatunsisf)
/usr/lib/gcc/avr/4.3.4/avr5/libgcc.a(_clzsi2.o)
                              /usr/lib/gcc/avr/4.3.4/avr5/libgcc.a(_usi_to_sf.o) (__clzsi2)
/usr/lib/gcc/avr/4.3.4/avr5/libgcc.a(_pack_sf.o)
                              /usr/lib/gcc/avr/4.3.4/avr5/libgcc.a(_addsub_sf.o) (__pack_f)
/usr/lib/gcc/avr/4.3.4/avr5/libgcc.a(_unpack_sf.o)
                              /usr/lib/gcc/avr/4.3.4/avr5/libgcc.a(_addsub_sf.o) (__unpack_f)
/usr/lib/gcc/avr/4.3.4/avr5/libgcc.a(_clz.o)
                              /usr/lib/gcc/avr/4.3.4/avr5/libgcc.a(_clzsi2.o) (__clz_tab)
/usr/lib/gcc/avr/4.3.4/../../../avr/lib/avr5/libc.a(atoi.o)
                              ./EEPROM.o (atoi)
/usr/lib/gcc/avr/4.3.4/../../../avr/lib/avr5/libc.a(ftoa_engine.o)
                              /usr/lib/gcc/avr/4.3.4/../../../avr/lib/avr5/libprintf_flt.a(vfprintf_flt.o) (__ftoa_engine)
/usr/lib/gcc/avr/4.3.4/../../../avr/lib/avr5/libc.a(strnlen_P.o)
                              /usr/lib/gcc/avr/4.3.4/../../../avr/lib/avr5/libprintf_flt.a(vfprintf_flt.o) (strnlen_P)
/usr/lib/gcc/avr/4.3.4/../../../avr/lib/avr5/libc.a(strnlen.o)
                              /usr/lib/gcc/avr/4.3.4/../../../avr/lib/avr5/libprintf_flt.a(vfprintf_flt.o) (strnlen)
/usr/lib/gcc/avr/4.3.4/../../../avr/lib/avr5/libc.a(itoa.o)
                              ./EEPROM.o (itoa)
/usr/lib/gcc/avr/4.3.4/../../../avr/lib/avr5/libc.a(mul10.o)
                              /usr/lib/gcc/avr/4.3.4/../../../avr/lib/avr5/libc.a(atoi.o) (__mulhi_const_10)
/usr/lib/gcc/avr/4.3.4/../../../avr/lib/avr5/libc.a(fputc.o)
                              /usr/lib/gcc/avr/4.3.4/../../../avr/lib/avr5/libprintf_flt.a(vfprintf_flt.o) (fputc)
/usr/lib/gcc/avr/4.3.4/../../../avr/lib/avr5/libc.a(sprintf.o)
                              ./ej2/ej2.o (sprintf)
/usr/lib/gcc/avr/4.3.4/../../../avr/lib/avr5/libc.a(ultoa_invert.o)
                              /usr/lib/gcc/avr/4.3.4/../../../avr/lib/avr5/libprintf_flt.a(vfprintf_flt.o) (__ultoa_invert)
/usr/lib/gcc/avr/4.3.4/../../../avr/lib/avr5/libc.a(strrev.o)
                              /usr/lib/gcc/avr/4.3.4/../../../avr/lib/avr5/libc.a(itoa.o) (strrev)
/usr/lib/gcc/avr/4.3.4/avr5/libgcc.a(_udivmodhi4.o)
                              /usr/lib/gcc/avr/4.3.4/../../../avr/lib/avr5/libc.a(itoa.o) (__udivmodhi4)

Memory Configuration

Name             Origin             Length             Attributes
text             0x00000000         0x00020000         xr
data             0x00800060         0x0000ffa0         rw !x
eeprom           0x00810000         0x00010000         rw !x
fuse             0x00820000         0x00000400         rw !x
lock             0x00830000         0x00000400         rw !x
signature        0x00840000         0x00000400         rw !x
*default*        0x00000000         0xffffffff

Linker script and memory map

Address of section .data set to 0x800100
LOAD /usr/lib/gcc/avr/4.3.4/../../../avr/lib/avr5/crtm644.o
LOAD /usr/lib/gcc/avr/4.3.4/../../../avr/lib/avr5/libprintf_flt.a
LOAD /usr/lib/gcc/avr/4.3.4/../../../avr/lib/avr5/libm.a
LOAD ./ej2/ej2.o
LOAD ./ADC.o
LOAD ./EEPROM.o
LOAD ./Leds.o
LOAD ./Switches.o
LOAD ./Timer1.o
LOAD ./USART.o
LOAD ./main.o
LOAD /usr/lib/gcc/avr/4.3.4/avr5/libgcc.a
LOAD /usr/lib/gcc/avr/4.3.4/../../../avr/lib/avr5/libc.a
LOAD /usr/lib/gcc/avr/4.3.4/avr5/libgcc.a

.hash
 *(.hash)

.dynsym
 *(.dynsym)

.dynstr
 *(.dynstr)

.gnu.version
 *(.gnu.version)

.gnu.version_d
 *(.gnu.version_d)

.gnu.version_r
 *(.gnu.version_r)

.rel.init
 *(.rel.init)

.rela.init
 *(.rela.init)

.rel.text
 *(.rel.text)
 *(.rel.text.*)
 *(.rel.gnu.linkonce.t*)

.rela.text
 *(.rela.text)
 *(.rela.text.*)
 *(.rela.gnu.linkonce.t*)

.rel.fini
 *(.rel.fini)

.rela.fini
 *(.rela.fini)

.rel.rodata
 *(.rel.rodata)
 *(.rel.rodata.*)
 *(.rel.gnu.linkonce.r*)

.rela.rodata
 *(.rela.rodata)
 *(.rela.rodata.*)
 *(.rela.gnu.linkonce.r*)

.rel.data
 *(.rel.data)
 *(.rel.data.*)
 *(.rel.gnu.linkonce.d*)

.rela.data
 *(.rela.data)
 *(.rela.data.*)
 *(.rela.gnu.linkonce.d*)

.rel.ctors
 *(.rel.ctors)

.rela.ctors
 *(.rela.ctors)

.rel.dtors
 *(.rel.dtors)

.rela.dtors
 *(.rela.dtors)

.rel.got
 *(.rel.got)

.rela.got
 *(.rela.got)

.rel.bss
 *(.rel.bss)

.rela.bss
 *(.rela.bss)

.rel.plt
 *(.rel.plt)

.rela.plt
 *(.rela.plt)

.text           0x00000000     0x1bc8
 *(.vectors)
 .vectors       0x00000000       0x70 /usr/lib/gcc/avr/4.3.4/../../../avr/lib/avr5/crtm644.o
                0x00000000                __vectors
                0x00000000                __vector_default
 *(.vectors)
 *(.progmem.gcc*)
 *(.progmem*)
 .progmem.data  0x00000070        0x8 /usr/lib/gcc/avr/4.3.4/../../../avr/lib/avr5/libprintf_flt.a(vfprintf_flt.o)
 .progmem.data  0x00000078       0xfa /usr/lib/gcc/avr/4.3.4/../../../avr/lib/avr5/libc.a(ftoa_engine.o)
                0x00000172                . = ALIGN (0x2)
                0x00000172                __trampolines_start = .
 *(.trampolines)
 .trampolines   0x00000172        0x0 linker stubs
 *(.trampolines*)
                0x00000172                __trampolines_end = .
 *(.jumptables)
 *(.jumptables*)
 *(.lowtext)
 *(.lowtext*)
                0x00000172                __ctors_start = .
 *(.ctors)
                0x00000172                __ctors_end = .
                0x00000172                __dtors_start = .
 *(.dtors)
                0x00000172                __dtors_end = .
 SORT(*)(.ctors)
 SORT(*)(.dtors)
 *(.init0)
 .init0         0x00000172        0x0 /usr/lib/gcc/avr/4.3.4/../../../avr/lib/avr5/crtm644.o
                0x00000172                __init
 *(.init0)
 *(.init1)
 *(.init1)
 *(.init2)
 .init2         0x00000172        0xc /usr/lib/gcc/avr/4.3.4/../../../avr/lib/avr5/crtm644.o
 *(.init2)
 *(.init3)
 *(.init3)
 *(.init4)
 .init4         0x0000017e       0x16 /usr/lib/gcc/avr/4.3.4/avr5/libgcc.a(_copy_data.o)
                0x0000017e                __do_copy_data
 .init4         0x00000194       0x10 /usr/lib/gcc/avr/4.3.4/avr5/libgcc.a(_clear_bss.o)
                0x00000194                __do_clear_bss
 *(.init4)
 *(.init5)
 *(.init5)
 *(.init6)
 *(.init6)
 *(.init7)
 *(.init7)
 *(.init8)
 *(.init8)
 *(.init9)
 .init9         0x000001a4        0x8 /usr/lib/gcc/avr/4.3.4/../../../avr/lib/avr5/crtm644.o
 *(.init9)
 *(.text)
 .text          0x000001ac        0x4 /usr/lib/gcc/avr/4.3.4/../../../avr/lib/avr5/crtm644.o
                0x000001ac                __vector_22
                0x000001ac                __vector_1
                0x000001ac                __vector_24
                0x000001ac                __vector_12
                0x000001ac                __bad_interrupt
                0x000001ac                __vector_6
                0x000001ac                __vector_3
                0x000001ac                __vector_23
                0x000001ac                __vector_25
                0x000001ac                __vector_11
                0x000001ac                __vector_13
                0x000001ac                __vector_17
                0x000001ac                __vector_19
                0x000001ac                __vector_7
                0x000001ac                __vector_27
                0x000001ac                __vector_5
                0x000001ac                __vector_4
                0x000001ac                __vector_9
                0x000001ac                __vector_2
                0x000001ac                __vector_21
                0x000001ac                __vector_15
                0x000001ac                __vector_8
                0x000001ac                __vector_26
                0x000001ac                __vector_14
                0x000001ac                __vector_10
                0x000001ac                __vector_16
                0x000001ac                __vector_18
                0x000001ac                __vector_20
 .text          0x000001b0        0x0 /usr/lib/gcc/avr/4.3.4/../../../avr/lib/avr5/libprintf_flt.a(vfprintf_flt.o)
 .text          0x000001b0      0x15e ./ej2/ej2.o
                0x000001b0                getVin
                0x000001d8                convertToG
                0x00000218                ej2
 .text          0x0000030e       0x38 ./ADC.o
                0x0000030e                configureADC
                0x00000320                startADC
 .text          0x00000346      0x136 ./EEPROM.o
                0x00000346                EEPROM_write
                0x00000356                EEPROM_read
                0x00000364                EEPROM_write_string
                0x00000394                EEPROM_read_string
                0x000003c2                EEPROM_read_int
                0x00000412                EEPROM_write_int
 .text          0x0000047c       0x64 ./Leds.o
                0x0000047c                configureLeds
                0x00000484                turnOn
                0x000004a6                turnOff
                0x000004bc                toggle
                0x000004d2                ledsOff
                0x000004d8                ledsOn
                0x000004dc                setLeds
 .text          0x000004e0       0x12 ./Switches.o
                0x000004e0                configureSwitches
 .text          0x000004f2       0x22 ./Timer1.o
                0x000004f2                configureTimer1
 .text          0x00000514       0x4e ./USART.o
                0x00000514                USART_Init
                0x0000052a                USART_Transmit
                0x0000053a                USART_Receive
                0x00000548                USART_SendString
 .text          0x00000562        0xa ./main.o
                0x00000562                main
 .text          0x0000056c        0x0 /usr/lib/gcc/avr/4.3.4/avr5/libgcc.a(_prologue.o)
 .text          0x0000056c        0x0 /usr/lib/gcc/avr/4.3.4/avr5/libgcc.a(_epilogue.o)
 .text          0x0000056c        0x0 /usr/lib/gcc/avr/4.3.4/avr5/libgcc.a(_exit.o)
 .text          0x0000056c        0x0 /usr/lib/gcc/avr/4.3.4/avr5/libgcc.a(_copy_data.o)
 .text          0x0000056c        0x0 /usr/lib/gcc/avr/4.3.4/avr5/libgcc.a(_clear_bss.o)
 .text          0x0000056c      0x354 /usr/lib/gcc/avr/4.3.4/avr5/libgcc.a(_addsub_sf.o)
                0x00000804                __subsf3
                0x00000866                __addsf3
 .text          0x000008c0      0x1f4 /usr/lib/gcc/avr/4.3.4/avr5/libgcc.a(_mul_sf.o)
                0x000008c0                __mulsf3
 .text          0x00000ab4      0x158 /usr/lib/gcc/avr/4.3.4/avr5/libgcc.a(_div_sf.o)
                0x00000ab4                __divsf3
 .text          0x00000c0c        0x0 /usr/lib/gcc/avr/4.3.4/avr5/libgcc.a(_thenan_sf.o)
 .text          0x00000c0c       0xf2 /usr/lib/gcc/avr/4.3.4/avr5/libgcc.a(_usi_to_sf.o)
                0x00000c0c                __floatunsisf
 .text          0x00000cfe       0x9e /usr/lib/gcc/avr/4.3.4/avr5/libgcc.a(_clzsi2.o)
                0x00000cfe                __clzsi2
 .text          0x00000d9c      0x1aa /usr/lib/gcc/avr/4.3.4/avr5/libgcc.a(_pack_sf.o)
                0x00000d9c                __pack_f
 .text          0x00000f46       0xf0 /usr/lib/gcc/avr/4.3.4/avr5/libgcc.a(_unpack_sf.o)
                0x00000f46                __unpack_f
 .text          0x00001036        0x0 /usr/lib/gcc/avr/4.3.4/avr5/libgcc.a(_clz.o)
 .text          0x00001036        0x0 /usr/lib/gcc/avr/4.3.4/../../../avr/lib/avr5/libc.a(atoi.o)
 .text          0x00001036        0x0 /usr/lib/gcc/avr/4.3.4/../../../avr/lib/avr5/libc.a(ftoa_engine.o)
 .text          0x00001036        0x0 /usr/lib/gcc/avr/4.3.4/../../../avr/lib/avr5/libc.a(strnlen_P.o)
 .text          0x00001036        0x0 /usr/lib/gcc/avr/4.3.4/../../../avr/lib/avr5/libc.a(strnlen.o)
 .text          0x00001036        0x0 /usr/lib/gcc/avr/4.3.4/../../../avr/lib/avr5/libc.a(itoa.o)
 .text          0x00001036        0x0 /usr/lib/gcc/avr/4.3.4/../../../avr/lib/avr5/libc.a(mul10.o)
 .text          0x00001036        0x0 /usr/lib/gcc/avr/4.3.4/../../../avr/lib/avr5/libc.a(fputc.o)
 .text          0x00001036        0x0 /usr/lib/gcc/avr/4.3.4/../../../avr/lib/avr5/libc.a(sprintf.o)
 .text          0x00001036        0x0 /usr/lib/gcc/avr/4.3.4/../../../avr/lib/avr5/libc.a(ultoa_invert.o)
 .text          0x00001036        0x0 /usr/lib/gcc/avr/4.3.4/../../../avr/lib/avr5/libc.a(strrev.o)
 .text          0x00001036        0x0 /usr/lib/gcc/avr/4.3.4/avr5/libgcc.a(_udivmodhi4.o)
                0x00001036                . = ALIGN (0x2)
 *(.text.*)
 .text.avr-libc
                0x00001036      0x712 /usr/lib/gcc/avr/4.3.4/../../../avr/lib/avr5/libprintf_flt.a(vfprintf_flt.o)
                0x00001036                vfprintf
 .text.libgcc   0x00001748       0x38 /usr/lib/gcc/avr/4.3.4/avr5/libgcc.a(_prologue.o)
                0x00001748                __prologue_saves__
 .text.libgcc   0x00001780       0x36 /usr/lib/gcc/avr/4.3.4/avr5/libgcc.a(_epilogue.o)
                0x00001780                __epilogue_restores__
 .text.libgcc   0x000017b6        0x0 /usr/lib/gcc/avr/4.3.4/avr5/libgcc.a(_exit.o)
 .text.libgcc   0x000017b6        0x0 /usr/lib/gcc/avr/4.3.4/avr5/libgcc.a(_copy_data.o)
 .text.libgcc   0x000017b6        0x0 /usr/lib/gcc/avr/4.3.4/avr5/libgcc.a(_clear_bss.o)
 .text.avr-libc
                0x000017b6       0x3c /usr/lib/gcc/avr/4.3.4/../../../avr/lib/avr5/libc.a(atoi.o)
                0x000017b6                atoi
 .text.avr-libc
                0x000017f2      0x1b0 /usr/lib/gcc/avr/4.3.4/../../../avr/lib/avr5/libc.a(ftoa_engine.o)
                0x000017f2                __ftoa_engine
 .text.avr-libc
                0x000019a2       0x16 /usr/lib/gcc/avr/4.3.4/../../../avr/lib/avr5/libc.a(strnlen_P.o)
                0x000019a2                strnlen_P
 .text.avr-libc
                0x000019b8       0x16 /usr/lib/gcc/avr/4.3.4/../../../avr/lib/avr5/libc.a(strnlen.o)
                0x000019b8                strnlen
 .text.avr-libc
                0x000019ce       0x42 /usr/lib/gcc/avr/4.3.4/../../../avr/lib/avr5/libc.a(itoa.o)
                0x000019ce                itoa
 .text.avr-libc
                0x00001a10       0x10 /usr/lib/gcc/avr/4.3.4/../../../avr/lib/avr5/libc.a(mul10.o)
                0x00001a10                __mulhi_const_10
 .text.avr-libc
                0x00001a20       0x58 /usr/lib/gcc/avr/4.3.4/../../../avr/lib/avr5/libc.a(fputc.o)
                0x00001a20                fputc
 .text.avr-libc
                0x00001a78       0x48 /usr/lib/gcc/avr/4.3.4/../../../avr/lib/avr5/libc.a(sprintf.o)
                0x00001a78                sprintf
 .text.avr-libc
                0x00001ac0       0xbc /usr/lib/gcc/avr/4.3.4/../../../avr/lib/avr5/libc.a(ultoa_invert.o)
                0x00001ac0                __ultoa_invert
 .text.avr-libc
                0x00001b7c       0x20 /usr/lib/gcc/avr/4.3.4/../../../avr/lib/avr5/libc.a(strrev.o)
                0x00001b7c                strrev
 .text.libgcc   0x00001b9c       0x28 /usr/lib/gcc/avr/4.3.4/avr5/libgcc.a(_udivmodhi4.o)
                0x00001b9c                __udivmodhi4
                0x00001bc4                . = ALIGN (0x2)
 *(.fini9)
 .fini9         0x00001bc4        0x0 /usr/lib/gcc/avr/4.3.4/avr5/libgcc.a(_exit.o)
                0x00001bc4                exit
                0x00001bc4                _exit
 *(.fini9)
 *(.fini8)
 *(.fini8)
 *(.fini7)
 *(.fini7)
 *(.fini6)
 *(.fini6)
 *(.fini5)
 *(.fini5)
 *(.fini4)
 *(.fini4)
 *(.fini3)
 *(.fini3)
 *(.fini2)
 *(.fini2)
 *(.fini1)
 *(.fini1)
 *(.fini0)
 .fini0         0x00001bc4        0x4 /usr/lib/gcc/avr/4.3.4/avr5/libgcc.a(_exit.o)
 *(.fini0)
                0x00001bc8                _etext = .

.data           0x00800100      0x13e load address 0x00001bc8
                0x00800100                PROVIDE (__data_start, .)
 *(.data)
 .data          0x00800100        0x0 /usr/lib/gcc/avr/4.3.4/../../../avr/lib/avr5/crtm644.o
 .data          0x00800100        0x0 /usr/lib/gcc/avr/4.3.4/../../../avr/lib/avr5/libprintf_flt.a(vfprintf_flt.o)
 .data          0x00800100       0x35 ./ej2/ej2.o
 .data          0x00800135        0x0 ./ADC.o
 .data          0x00800135        0x0 ./EEPROM.o
 .data          0x00800135        0x0 ./Leds.o
 .data          0x00800135        0x0 ./Switches.o
 .data          0x00800135        0x0 ./Timer1.o
 .data          0x00800135        0x0 ./USART.o
 .data          0x00800135        0x0 ./main.o
 .data          0x00800135        0x0 /usr/lib/gcc/avr/4.3.4/avr5/libgcc.a(_prologue.o)
 .data          0x00800135        0x0 /usr/lib/gcc/avr/4.3.4/avr5/libgcc.a(_epilogue.o)
 .data          0x00800135        0x0 /usr/lib/gcc/avr/4.3.4/avr5/libgcc.a(_exit.o)
 .data          0x00800135        0x0 /usr/lib/gcc/avr/4.3.4/avr5/libgcc.a(_copy_data.o)
 .data          0x00800135        0x0 /usr/lib/gcc/avr/4.3.4/avr5/libgcc.a(_clear_bss.o)
 .data          0x00800135        0x0 /usr/lib/gcc/avr/4.3.4/avr5/libgcc.a(_addsub_sf.o)
 .data          0x00800135        0x0 /usr/lib/gcc/avr/4.3.4/avr5/libgcc.a(_mul_sf.o)
 .data          0x00800135        0x0 /usr/lib/gcc/avr/4.3.4/avr5/libgcc.a(_div_sf.o)
 .data          0x00800135        0x8 /usr/lib/gcc/avr/4.3.4/avr5/libgcc.a(_thenan_sf.o)
                0x00800135                __thenan_sf
 .data          0x0080013d        0x0 /usr/lib/gcc/avr/4.3.4/avr5/libgcc.a(_usi_to_sf.o)
 .data          0x0080013d        0x0 /usr/lib/gcc/avr/4.3.4/avr5/libgcc.a(_clzsi2.o)
 .data          0x0080013d        0x0 /usr/lib/gcc/avr/4.3.4/avr5/libgcc.a(_pack_sf.o)
 .data          0x0080013d        0x0 /usr/lib/gcc/avr/4.3.4/avr5/libgcc.a(_unpack_sf.o)
 .data          0x0080013d      0x100 /usr/lib/gcc/avr/4.3.4/avr5/libgcc.a(_clz.o)
                0x0080013d                __clz_tab
 .data          0x0080023d        0x0 /usr/lib/gcc/avr/4.3.4/../../../avr/lib/avr5/libc.a(atoi.o)
 .data          0x0080023d        0x0 /usr/lib/gcc/avr/4.3.4/../../../avr/lib/avr5/libc.a(ftoa_engine.o)
 .data          0x0080023d        0x0 /usr/lib/gcc/avr/4.3.4/../../../avr/lib/avr5/libc.a(strnlen_P.o)
 .data          0x0080023d        0x0 /usr/lib/gcc/avr/4.3.4/../../../avr/lib/avr5/libc.a(strnlen.o)
 .data          0x0080023d        0x0 /usr/lib/gcc/avr/4.3.4/../../../avr/lib/avr5/libc.a(itoa.o)
 .data          0x0080023d        0x0 /usr/lib/gcc/avr/4.3.4/../../../avr/lib/avr5/libc.a(mul10.o)
 .data          0x0080023d        0x0 /usr/lib/gcc/avr/4.3.4/../../../avr/lib/avr5/libc.a(fputc.o)
 .data          0x0080023d        0x0 /usr/lib/gcc/avr/4.3.4/../../../avr/lib/avr5/libc.a(sprintf.o)
 .data          0x0080023d        0x0 /usr/lib/gcc/avr/4.3.4/../../../avr/lib/avr5/libc.a(ultoa_invert.o)
 .data          0x0080023d        0x0 /usr/lib/gcc/avr/4.3.4/../../../avr/lib/avr5/libc.a(strrev.o)
 .data          0x0080023d        0x0 /usr/lib/gcc/avr/4.3.4/avr5/libgcc.a(_udivmodhi4.o)
 *(.data*)
 *(.rodata)
 *(.rodata*)
 *(.gnu.linkonce.d*)
                0x0080023e                . = ALIGN (0x2)
 *fill*         0x0080023d        0x1 00
                0x0080023e                _edata = .
                0x0080023e                PROVIDE (__data_end, .)

.bss            0x0080023e        0x0
                0x0080023e                PROVIDE (__bss_start, .)
 *(.bss)
 .bss           0x0080023e        0x0 /usr/lib/gcc/avr/4.3.4/../../../avr/lib/avr5/crtm644.o
 .bss           0x0080023e        0x0 /usr/lib/gcc/avr/4.3.4/../../../avr/lib/avr5/libprintf_flt.a(vfprintf_flt.o)
 .bss           0x0080023e        0x0 ./ej2/ej2.o
 .bss           0x0080023e        0x0 ./ADC.o
 .bss           0x0080023e        0x0 ./EEPROM.o
 .bss           0x0080023e        0x0 ./Leds.o
 .bss           0x0080023e        0x0 ./Switches.o
 .bss           0x0080023e        0x0 ./Timer1.o
 .bss           0x0080023e        0x0 ./USART.o
 .bss           0x0080023e        0x0 ./main.o
 .bss           0x0080023e        0x0 /usr/lib/gcc/avr/4.3.4/avr5/libgcc.a(_prologue.o)
 .bss           0x0080023e        0x0 /usr/lib/gcc/avr/4.3.4/avr5/libgcc.a(_epilogue.o)
 .bss           0x0080023e        0x0 /usr/lib/gcc/avr/4.3.4/avr5/libgcc.a(_exit.o)
 .bss           0x0080023e        0x0 /usr/lib/gcc/avr/4.3.4/avr5/libgcc.a(_copy_data.o)
 .bss           0x0080023e        0x0 /usr/lib/gcc/avr/4.3.4/avr5/libgcc.a(_clear_bss.o)
 .bss           0x0080023e        0x0 /usr/lib/gcc/avr/4.3.4/avr5/libgcc.a(_addsub_sf.o)
 .bss           0x0080023e        0x0 /usr/lib/gcc/avr/4.3.4/avr5/libgcc.a(_mul_sf.o)
 .bss           0x0080023e        0x0 /usr/lib/gcc/avr/4.3.4/avr5/libgcc.a(_div_sf.o)
 .bss           0x0080023e        0x0 /usr/lib/gcc/avr/4.3.4/avr5/libgcc.a(_thenan_sf.o)
 .bss           0x0080023e        0x0 /usr/lib/gcc/avr/4.3.4/avr5/libgcc.a(_usi_to_sf.o)
 .bss           0x0080023e        0x0 /usr/lib/gcc/avr/4.3.4/avr5/libgcc.a(_clzsi2.o)
 .bss           0x0080023e        0x0 /usr/lib/gcc/avr/4.3.4/avr5/libgcc.a(_pack_sf.o)
 .bss           0x0080023e        0x0 /usr/lib/gcc/avr/4.3.4/avr5/libgcc.a(_unpack_sf.o)
 .bss           0x0080023e        0x0 /usr/lib/gcc/avr/4.3.4/avr5/libgcc.a(_clz.o)
 .bss           0x0080023e        0x0 /usr/lib/gcc/avr/4.3.4/../../../avr/lib/avr5/libc.a(atoi.o)
 .bss           0x0080023e        0x0 /usr/lib/gcc/avr/4.3.4/../../../avr/lib/avr5/libc.a(ftoa_engine.o)
 .bss           0x0080023e        0x0 /usr/lib/gcc/avr/4.3.4/../../../avr/lib/avr5/libc.a(strnlen_P.o)
 .bss           0x0080023e        0x0 /usr/lib/gcc/avr/4.3.4/../../../avr/lib/avr5/libc.a(strnlen.o)
 .bss           0x0080023e        0x0 /usr/lib/gcc/avr/4.3.4/../../../avr/lib/avr5/libc.a(itoa.o)
 .bss           0x0080023e        0x0 /usr/lib/gcc/avr/4.3.4/../../../avr/lib/avr5/libc.a(mul10.o)
 .bss           0x0080023e        0x0 /usr/lib/gcc/avr/4.3.4/../../../avr/lib/avr5/libc.a(fputc.o)
 .bss           0x0080023e        0x0 /usr/lib/gcc/avr/4.3.4/../../../avr/lib/avr5/libc.a(sprintf.o)
 .bss           0x0080023e        0x0 /usr/lib/gcc/avr/4.3.4/../../../avr/lib/avr5/libc.a(ultoa_invert.o)
 .bss           0x0080023e        0x0 /usr/lib/gcc/avr/4.3.4/../../../avr/lib/avr5/libc.a(strrev.o)
 .bss           0x0080023e        0x0 /usr/lib/gcc/avr/4.3.4/avr5/libgcc.a(_udivmodhi4.o)
 *(.bss*)
 *(COMMON)
                0x0080023e                PROVIDE (__bss_end, .)
                0x00001bc8                __data_load_start = LOADADDR (.data)
                0x00001d06                __data_load_end = (__data_load_start + SIZEOF (.data))

.noinit         0x0080023e        0x0
                0x0080023e                PROVIDE (__noinit_start, .)
 *(.noinit*)
                0x0080023e                PROVIDE (__noinit_end, .)
                0x0080023e                _end = .
                0x0080023e                PROVIDE (__heap_start, .)

.eeprom         0x00810000        0x0
 *(.eeprom*)
                0x00810000                __eeprom_end = .

.fuse
 *(.fuse)
 *(.lfuse)
 *(.hfuse)
 *(.efuse)

.lock
 *(.lock*)

.signature
 *(.signature*)

.stab           0x00000000     0x2f1c
 *(.stab)
 .stab          0x00000000      0x6b4 /usr/lib/gcc/avr/4.3.4/../../../avr/lib/avr5/crtm644.o
 .stab          0x000006b4     0x1038 /usr/lib/gcc/avr/4.3.4/../../../avr/lib/avr5/libprintf_flt.a(vfprintf_flt.o)
                               0x1044 (size before relaxing)
 .stab          0x000016ec      0x174 /usr/lib/gcc/avr/4.3.4/../../../avr/lib/avr5/libc.a(atoi.o)
                                0x180 (size before relaxing)
 .stab          0x00001860      0xa38 /usr/lib/gcc/avr/4.3.4/../../../avr/lib/avr5/libc.a(ftoa_engine.o)
                                0xa44 (size before relaxing)
 .stab          0x00002298       0x9c /usr/lib/gcc/avr/4.3.4/../../../avr/lib/avr5/libc.a(strnlen_P.o)
                                 0xa8 (size before relaxing)
 .stab          0x00002334       0x9c /usr/lib/gcc/avr/4.3.4/../../../avr/lib/avr5/libc.a(strnlen.o)
                                 0xa8 (size before relaxing)
 .stab          0x000023d0      0x1b0 /usr/lib/gcc/avr/4.3.4/../../../avr/lib/avr5/libc.a(itoa.o)
                                0x1bc (size before relaxing)
 .stab          0x00002580       0x78 /usr/lib/gcc/avr/4.3.4/../../../avr/lib/avr5/libc.a(mul10.o)
                                 0x84 (size before relaxing)
 .stab          0x000025f8      0x1d4 /usr/lib/gcc/avr/4.3.4/../../../avr/lib/avr5/libc.a(fputc.o)
                                0x3b4 (size before relaxing)
 .stab          0x000027cc      0x1f8 /usr/lib/gcc/avr/4.3.4/../../../avr/lib/avr5/libc.a(sprintf.o)
                                0x3d8 (size before relaxing)
 .stab          0x000029c4      0x480 /usr/lib/gcc/avr/4.3.4/../../../avr/lib/avr5/libc.a(ultoa_invert.o)
                                0x48c (size before relaxing)
 .stab          0x00002e44       0xd8 /usr/lib/gcc/avr/4.3.4/../../../avr/lib/avr5/libc.a(strrev.o)
                                 0xe4 (size before relaxing)

.stabstr        0x00000000      0xdf6
 *(.stabstr)
 .stabstr       0x00000000      0xdf6 /usr/lib/gcc/avr/4.3.4/../../../avr/lib/avr5/crtm644.o

.stab.excl
 *(.stab.excl)

.stab.exclstr
 *(.stab.exclstr)

.stab.index
 *(.stab.index)

.stab.indexstr
 *(.stab.indexstr)

.comment
 *(.comment)

.debug
 *(.debug)

.line
 *(.line)

.debug_srcinfo
 *(.debug_srcinfo)

.debug_sfnames
 *(.debug_sfnames)

.debug_aranges
 *(.debug_aranges)

.debug_pubnames
 *(.debug_pubnames)

.debug_info
 *(.debug_info)
 *(.gnu.linkonce.wi.*)

.debug_abbrev
 *(.debug_abbrev)

.debug_line
 *(.debug_line)

.debug_frame
 *(.debug_frame)

.debug_str
 *(.debug_str)

.debug_loc
 *(.debug_loc)

.debug_macinfo
 *(.debug_macinfo)
OUTPUT(tp5.elf elf32-avr)
LOAD linker stubs
