Archive member included because of file (symbol)

/home/jpose/Dropbox/ITBA/embebidos/embededClient/ArduinoCore/Release/libArduinoCore.a(Ethernet.o)
                              ./src/main.o (_ZN13EthernetClass5beginEPh9IPAddress)
/home/jpose/Dropbox/ITBA/embebidos/embededClient/ArduinoCore/Release/libArduinoCore.a(EthernetClient.o)
                              ./src/commandModule.o (_ZN14EthernetClientcvbEv)
/home/jpose/Dropbox/ITBA/embebidos/embededClient/ArduinoCore/Release/libArduinoCore.a(EthernetServer.o)
                              ./src/commandModule.o (_ZN14EthernetServerC1Ej)
/home/jpose/Dropbox/ITBA/embebidos/embededClient/ArduinoCore/Release/libArduinoCore.a(EthernetUdp.o)
                              ./src/infoModule.o (_ZN11EthernetUDP9endPacketEv)
/home/jpose/Dropbox/ITBA/embebidos/embededClient/ArduinoCore/Release/libArduinoCore.a(HardwareSerial.o)
                              ./src/SensorModule.o (Serial)
/home/jpose/Dropbox/ITBA/embebidos/embededClient/ArduinoCore/Release/libArduinoCore.a(IPAddress.o)
                              ./src/infoModule.o (_ZTV9IPAddress)
/home/jpose/Dropbox/ITBA/embebidos/embededClient/ArduinoCore/Release/libArduinoCore.a(Print.o)
                              /home/jpose/Dropbox/ITBA/embebidos/embededClient/ArduinoCore/Release/libArduinoCore.a(EthernetClient.o) (_ZN5Print5writeEPKhj)
/home/jpose/Dropbox/ITBA/embebidos/embededClient/ArduinoCore/Release/libArduinoCore.a(WString.o)
                              /home/jpose/Dropbox/ITBA/embebidos/embededClient/ArduinoCore/Release/libArduinoCore.a(Print.o) (_ZNK6StringixEj)
/home/jpose/Dropbox/ITBA/embebidos/embededClient/ArduinoCore/Release/libArduinoCore.a(new.o)
                              ./src/commandModule.o (_Znwj)
/home/jpose/Dropbox/ITBA/embebidos/embededClient/ArduinoCore/Release/libArduinoCore.a(wiring.o)
                              /home/jpose/Dropbox/ITBA/embebidos/embededClient/ArduinoCore/Release/libArduinoCore.a(EthernetClient.o) (millis)
/home/jpose/Dropbox/ITBA/embebidos/embededClient/ArduinoCore/Release/libArduinoCore.a(wiring_digital.o)
                              ./src/main.o (pinMode)
/home/jpose/Dropbox/ITBA/embebidos/embededClient/ArduinoCore/Release/libArduinoCore.a(socket.o)
                              /home/jpose/Dropbox/ITBA/embebidos/embededClient/ArduinoCore/Release/libArduinoCore.a(EthernetClient.o) (_Z5closeh)
/home/jpose/Dropbox/ITBA/embebidos/embededClient/ArduinoCore/Release/libArduinoCore.a(w5100.o)
                              /home/jpose/Dropbox/ITBA/embebidos/embededClient/ArduinoCore/Release/libArduinoCore.a(socket.o) (_ZN10W5100Class5writeEjh)
/home/jpose/Dropbox/ITBA/embebidos/embededClient/ArduinoCore/Release/libArduinoCore.a(Dhcp.o)
                              /home/jpose/Dropbox/ITBA/embebidos/embededClient/ArduinoCore/Release/libArduinoCore.a(Ethernet.o) (_ZN9DhcpClass10getLocalIpEv)
/home/jpose/Dropbox/ITBA/embebidos/embededClient/ArduinoCore/Release/libArduinoCore.a(Dns.o)
                              /home/jpose/Dropbox/ITBA/embebidos/embededClient/ArduinoCore/Release/libArduinoCore.a(EthernetClient.o) (_ZN9DNSClient5beginERK9IPAddress)
/home/jpose/Dropbox/ITBA/embebidos/embededClient/ArduinoCore/Release/libArduinoCore.a(WMath.o)
                              /home/jpose/Dropbox/ITBA/embebidos/embededClient/ArduinoCore/Release/libArduinoCore.a(Dhcp.o) (_Z6randomll)
/home/jpose/Dropbox/ITBA/embebidos/embededClient/ArduinoCore/Release/libArduinoCore.a(SPI.o)
                              /home/jpose/Dropbox/ITBA/embebidos/embededClient/ArduinoCore/Release/libArduinoCore.a(w5100.o) (_ZN8SPIClass5beginEv)
/usr/lib/gcc/avr/4.7.0/avr5/libgcc.a(_mulsi3.o)
                              /home/jpose/Dropbox/ITBA/embebidos/embededClient/ArduinoCore/Release/libArduinoCore.a(WMath.o) (__mulsi3)
/usr/lib/gcc/avr/4.7.0/avr5/libgcc.a(_udivmodsi4.o)
                              /home/jpose/Dropbox/ITBA/embebidos/embededClient/ArduinoCore/Release/libArduinoCore.a(HardwareSerial.o) (__udivmodsi4)
/usr/lib/gcc/avr/4.7.0/avr5/libgcc.a(_divmodsi4.o)
                              /home/jpose/Dropbox/ITBA/embebidos/embededClient/ArduinoCore/Release/libArduinoCore.a(Dhcp.o) (__divmodsi4)
/usr/lib/gcc/avr/4.7.0/avr5/libgcc.a(_exit.o)
                              /usr/lib/gcc/avr/4.7.0/../../../avr/lib/avr5/crtm328p.o (exit)
/usr/lib/gcc/avr/4.7.0/avr5/libgcc.a(_copy_data.o)
                              ./src/SensorModule.o (__do_copy_data)
/usr/lib/gcc/avr/4.7.0/avr5/libgcc.a(_clear_bss.o)
                              ./src/SensorModule.o (__do_clear_bss)
/usr/lib/gcc/avr/4.7.0/avr5/libgcc.a(_ctors.o)
                              ./src/SensorModule.o (__do_global_ctors)
/usr/lib/gcc/avr/4.7.0/avr5/libgcc.a(_bswapsi2.o)
                              /home/jpose/Dropbox/ITBA/embebidos/embededClient/ArduinoCore/Release/libArduinoCore.a(Dhcp.o) (__bswapsi2)
/usr/lib/gcc/avr/4.7.0/avr5/libgcc.a(_fixunssfsi.o)
[...]
Memory Configuration

Name             Origin             Length             Attributes
text             0x00000000         0x00020000         xr
data             0x00800060         0x0000ffa0         rw !x
eeprom           0x00810000         0x00010000         rw !x
fuse             0x00820000         0x00000400         rw !x
lock             0x00830000         0x00000400         rw !x
signature        0x00840000         0x00000400         rw !x
*default*        0x00000000         0xffffffff

Linker script and memory map

Address of section .data set to 0x800100
LOAD /usr/lib/gcc/avr/4.7.0/../../../avr/lib/avr5/crtm328p.o
LOAD ./src/CommandProtocolHandler.o
LOAD ./src/CommunicationManager.o
LOAD ./src/DigitalPinSensor.o
LOAD ./src/EthernetInformationProtocolHandler.o
LOAD ./src/InformationProtocolHandler.o
LOAD ./src/InformationProtocolTranslator.o
LOAD ./src/Sensor.o
LOAD ./src/SensorManager.o
LOAD ./src/SensorModule.o
LOAD ./src/commandModule.o
LOAD ./src/infoModule.o
LOAD ./src/main.o
LOAD /home/jpose/Dropbox/ITBA/embebidos/embededClient/ArduinoCore/Release/libArduinoCore.a
LOAD /usr/lib/gcc/avr/4.7.0/avr5/libgcc.a
LOAD /usr/lib/gcc/avr/4.7.0/../../../avr/lib/avr5/libm.a
LOAD /usr/lib/gcc/avr/4.7.0/avr5/libgcc.a
LOAD /usr/lib/gcc/avr/4.7.0/../../../avr/lib/avr5/libc.a
LOAD /usr/lib/gcc/avr/4.7.0/avr5/libgcc.a

.hash
 *(.hash)

.dynsym
 *(.dynsym)

.dynstr
 *(.dynstr)

.gnu.version
 *(.gnu.version)

.gnu.version_d
 *(.gnu.version_d)

.gnu.version_r
 *(.gnu.version_r)

.rel.init
 *(.rel.init)

.rela.init
 *(.rela.init)

.rel.text
 *(.rel.text)
 *(.rel.text.*)
 *(.rel.gnu.linkonce.t*)

.rela.text
 *(.rela.text)
 *(.rela.text.*)
 *(.rela.gnu.linkonce.t*)

.rel.fini
 *(.rel.fini)

.rela.fini
 *(.rela.fini)

.rel.rodata
 *(.rel.rodata)
 *(.rel.rodata.*)
 *(.rel.gnu.linkonce.r*)

.rela.rodata
 *(.rela.rodata)
 *(.rela.rodata.*)
 *(.rela.gnu.linkonce.r*)

.rel.data
 *(.rel.data)
 *(.rel.data.*)
 *(.rel.gnu.linkonce.d*)

.rela.data
 *(.rela.data)
 *(.rela.data.*)
 *(.rela.gnu.linkonce.d*)

.rel.ctors
 *(.rel.ctors)

.rela.ctors
 *(.rela.ctors)

.rel.dtors
 *(.rel.dtors)

.rela.dtors
 *(.rela.dtors)

.rel.got
 *(.rel.got)

.rela.got
 *(.rela.got)

.rel.bss
 *(.rel.bss)

.rela.bss
 *(.rela.bss)

.rel.plt
 *(.rel.plt)

.rela.plt
 *(.rela.plt)

.text           0x00000000     0x6ab8
 *(.vectors)
 .vectors       0x00000000       0x68 /usr/lib/gcc/avr/4.7.0/../../../avr/lib/avr5/crtm328p.o
                0x00000000                __vectors
                0x00000000                __vector_default
 *(.vectors)
 *(.progmem.gcc*)
 *(.progmem*)
 .progmem.data  0x00000068       0x5a /home/jpose/Dropbox/ITBA/embebidos/embededClient/ArduinoCore/Release/libArduinoCore.a(wiring_digital.o)
                0x00000068                digital_pin_to_timer_PGM
                0x0000007c                digital_pin_to_bit_mask_PGM
                0x00000090                digital_pin_to_port_PGM
                0x000000a4                port_to_input_PGM
                0x000000ae                port_to_output_PGM
                0x000000b8                port_to_mode_PGM
                0x000000c2                . = ALIGN (0x2)
                0x000000c2                __trampolines_start = .
 *(.trampolines)
 .trampolines   0x000000c2        0x0 linker stubs
 *(.trampolines*)
                0x000000c2                __trampolines_end = .
 *(.jumptables)
 *(.jumptables*)
 *(.lowtext)
 *(.lowtext*)
                0x000000c2                __ctors_start = .
 *(.ctors)
 .ctors         0x000000c2        0x2 ./src/SensorModule.o
 .ctors         0x000000c4        0x2 ./src/commandModule.o
 .ctors         0x000000c6        0x2 ./src/infoModule.o
 .ctors         0x000000c8        0x2 ./src/main.o
 .ctors         0x000000ca        0x2 /home/jpose/Dropbox/ITBA/embebidos/embededClient/ArduinoCore/Release/libArduinoCore.a(Ethernet.o)
 .ctors         0x000000cc        0x2 /home/jpose/Dropbox/ITBA/embebidos/embededClient/ArduinoCore/Release/libArduinoCore.a(EthernetClient.o)
 .ctors         0x000000ce        0x2 /home/jpose/Dropbox/ITBA/embebidos/embededClient/ArduinoCore/Release/libArduinoCore.a(EthernetServer.o)
 .ctors         0x000000d0        0x2 /home/jpose/Dropbox/ITBA/embebidos/embededClient/ArduinoCore/Release/libArduinoCore.a(EthernetUdp.o)
 .ctors         0x000000d2        0x2 /home/jpose/Dropbox/ITBA/embebidos/embededClient/ArduinoCore/Release/libArduinoCore.a(HardwareSerial.o)
 .ctors         0x000000d4        0x2 /home/jpose/Dropbox/ITBA/embebidos/embededClient/ArduinoCore/Release/libArduinoCore.a(IPAddress.o)
 .ctors         0x000000d6        0x2 /home/jpose/Dropbox/ITBA/embebidos/embededClient/ArduinoCore/Release/libArduinoCore.a(Dhcp.o)
 .ctors         0x000000d8        0x2 /home/jpose/Dropbox/ITBA/embebidos/embededClient/ArduinoCore/Release/libArduinoCore.a(Dns.o)
                0x000000da                __ctors_end = .
                0x000000da                __dtors_start = .
 *(.dtors)
                0x000000da                __dtors_end = .
 SORT(*)(.ctors)
 SORT(*)(.dtors)
 *(.init0)
 .init0         0x000000da        0x0 /usr/lib/gcc/avr/4.7.0/../../../avr/lib/avr5/crtm328p.o
                0x000000da                __init
 *(.init0)
 *(.init1)
 *(.init1)
 *(.init2)
 .init2         0x000000da        0xc /usr/lib/gcc/avr/4.7.0/../../../avr/lib/avr5/crtm328p.o
 *(.init2)
 *(.init3)
 *(.init3)
 *(.init4)
 .init4         0x000000e6       0x16 /usr/lib/gcc/avr/4.7.0/avr5/libgcc.a(_copy_data.o)
                0x000000e6                __do_copy_data
 .init4         0x000000fc       0x10 /usr/lib/gcc/avr/4.7.0/avr5/libgcc.a(_clear_bss.o)
                0x000000fc                __do_clear_bss
 *(.init4)
 *(.init5)
 *(.init5)
 *(.init6)
 .init6         0x0000010c       0x16 /usr/lib/gcc/avr/4.7.0/avr5/libgcc.a(_ctors.o)
                0x0000010c                __do_global_ctors
 *(.init6)
 *(.init7)
 *(.init7)
 *(.init8)
 *(.init8)
 *(.init9)
 .init9         0x00000122        0x8 /usr/lib/gcc/avr/4.7.0/../../../avr/lib/avr5/crtm328p.o
 *(.init9)
 *(.text)
 .text          0x0000012a        0x4 /usr/lib/gcc/avr/4.7.0/../../../avr/lib/avr5/crtm328p.o
                0x0000012a                __vector_22
                0x0000012a                __vector_1
                0x0000012a                __vector_24
                0x0000012a                __vector_12
                0x0000012a                __bad_interrupt
                0x0000012a                __vector_6
                0x0000012a                __vector_3
                0x0000012a                __vector_23
                0x0000012a                __vector_25
                0x0000012a                __vector_11
                0x0000012a                __vector_13
                0x0000012a                __vector_17
                0x0000012a                __vector_7
                0x0000012a                __vector_5
                0x0000012a                __vector_4
                0x0000012a                __vector_9
                0x0000012a                __vector_2
                0x0000012a                __vector_21
                0x0000012a                __vector_15
                0x0000012a                __vector_8
                0x0000012a                __vector_14
                0x0000012a                __vector_10
                0x0000012a                __vector_20
 .text          0x0000012e       0xa2 ./src/SensorModule.o
                0x0000012e                _Z11initSensorsPii
                0x00000144                _Z12checkSensorsPiiS_
 .text          0x000001d0       0x8e ./src/commandModule.o
                0x000001d0                _Z8beginTCPi
                0x000001fc                _Z21verifyIncomingCommandv
 .text          0x0000025e       0xb0 ./src/infoModule.o
                0x0000025e                _Z8beginUDPi
                0x00000268                _Z10sendPacket9IPAddressiPc
                0x000002ec                _Z19preparePacketToSendPcPii
 .text          0x0000030e      0x12c ./src/main.o
                0x0000030e                setup
                0x000003b6                loop
 .text          0x0000043a      0x526 /home/jpose/Dropbox/ITBA/embebidos/embededClient/ArduinoCore/Release/libArduinoCore.a(Ethernet.o)
                0x0000043a                _ZN13EthernetClass5beginEPh
                0x00000562                _ZN13EthernetClass5beginEPh9IPAddressS1_S1_S1_
                0x000005ec                _ZN13EthernetClass5beginEPh9IPAddressS1_S1_
                0x000006ea                _ZN13EthernetClass5beginEPh9IPAddressS1_
                0x00000798                _ZN13EthernetClass5beginEPh9IPAddress
                0x00000814                _ZN13EthernetClass8maintainEv
                0x000008d4                _ZN13EthernetClass7localIPEv
                0x000008f8                _ZN13EthernetClass10subnetMaskEv
                0x0000091c                _ZN13EthernetClass9gatewayIPEv
                0x00000940                _ZN13EthernetClass11dnsServerIPEv
 .text          0x00000960      0x40e /home/jpose/Dropbox/ITBA/embebidos/embededClient/ArduinoCore/Release/libArduinoCore.a(EthernetClient.o)
                0x00000960                _ZN14EthernetClient5writeEh
                0x0000098c                _ZN14EthernetClient5flushEv
                0x000009ba                _ZN14EthernetClientcvbEv
                0x000009ca                _ZN14EthernetClient4peekEv
                0x00000a12                _ZN14EthernetClient4readEPhj
                0x00000a1a                _ZN14EthernetClient4readEv
                0x00000a50                _ZN14EthernetClient9availableEv
                0x00000a66                _ZN14EthernetClient5writeEPKhj
                0x00000aa2                _ZN14EthernetClient7connectEPKcj
                0x00000b64                _ZN14EthernetClientC1Ev
                0x00000b64                _ZN14EthernetClientC2Ev
                0x00000b88                _ZN14EthernetClientC2Eh
                0x00000b88                _ZN14EthernetClientC1Eh
                0x00000bac                _ZN14EthernetClient6statusEv
                0x00000bc6                _ZN14EthernetClient9connectedEv
                0x00000c0e                _ZN14EthernetClient4stopEv
                0x00000c94                _ZN14EthernetClient7connectE9IPAddressj
 .text          0x00000d6e      0x326 /home/jpose/Dropbox/ITBA/embebidos/embededClient/ArduinoCore/Release/libArduinoCore.a(EthernetServer.o)
                0x00000d6e                _ZN14EthernetServer5writeEh
                0x00000d9a                _ZN14EthernetServer5beginEv
                0x00000e22                _ZN14EthernetServerC2Ej
                0x00000e22                _ZN14EthernetServerC1Ej
                0x00000e36                _ZN14EthernetServer6acceptEv
                0x00000efa                _ZN14EthernetServer5writeEPKhj
                0x00000fac                _ZN14EthernetServer9availableEv
 .text          0x00001094      0x38a /home/jpose/Dropbox/ITBA/embebidos/embededClient/ArduinoCore/Release/libArduinoCore.a(EthernetUdp.o)
                0x00001094                _ZN11EthernetUDP9availableEv
                0x0000109c                _ZN11EthernetUDP5writeEh
                0x000010c8                _ZN11EthernetUDP5flushEv
                0x000010ec                _ZN11EthernetUDP4peekEv
                0x00001120                _ZN11EthernetUDP4readEPhj
                0x0000115e                _ZN11EthernetUDP4readEv
                0x000011b2                _ZN11EthernetUDP5writeEPKhj
                0x000011de                _ZN11EthernetUDP9endPacketEv
                0x000011e6                _ZN11EthernetUDP11beginPacketE9IPAddressj
                0x000011f6                _ZN11EthernetUDP4stopEv
                0x00001220                _ZN11EthernetUDP11parsePacketEv
                0x000012be                _ZN11EthernetUDP5beginEj
                0x00001332                _ZN11EthernetUDPC2Ev
                0x00001332                _ZN11EthernetUDPC1Ev
                0x0000135c                _ZN11EthernetUDP11beginPacketEPKcj
 .text          0x0000141e      0x464 /home/jpose/Dropbox/ITBA/embebidos/embededClient/ArduinoCore/Release/libArduinoCore.a(HardwareSerial.o)
                0x0000141e                _ZN14HardwareSerial9availableEv
                0x00001444                _ZN14HardwareSerial4peekEv
                0x0000147c                _ZN14HardwareSerial4readEv
                0x000014c0                _ZN14HardwareSerial5flushEv
                0x000014e4                _ZN14HardwareSerial5writeEh
                0x0000154e                _Z11serialEventv
                0x00001550                __vector_18
                0x000015b6                _Z14serialEventRunv
                0x000015c8                __vector_19
                0x0000163e                _ZN14HardwareSerialC2EP11ring_bufferS1_PVhS3_S3_S3_S3_hhhhh
                0x0000163e                _ZN14HardwareSerialC1EP11ring_bufferS1_PVhS3_S3_S3_S3_hhhhh
                0x000016d0                _ZN14HardwareSerial5beginEm
                0x000017d0                _ZN14HardwareSerial3endEv
                0x0000187e                _ZN14HardwareSerialcvbEv
 .text          0x00001882      0x116 /home/jpose/Dropbox/ITBA/embebidos/embededClient/ArduinoCore/Release/libArduinoCore.a(IPAddress.o)
                0x00001882                _ZNK9IPAddress7printToER5Print
                0x000018f8                _ZN9IPAddressC2Ev
                0x000018f8                _ZN9IPAddressC1Ev
                0x0000190c                _ZN9IPAddressC1Ehhhh
                0x0000190c                _ZN9IPAddressC2Ehhhh
                0x00001924                _ZN9IPAddressC2Em
                0x00001924                _ZN9IPAddressC1Em
                0x00001938                _ZN9IPAddressC1EPKh
                0x00001938                _ZN9IPAddressC2EPKh
                0x00001958                _ZN9IPAddressaSEPKh
                0x0000196e                _ZN9IPAddressaSEm
                0x0000197a                _ZN9IPAddresseqEPKh
 .text          0x00001998      0x61a /home/jpose/Dropbox/ITBA/embebidos/embededClient/ArduinoCore/Release/libArduinoCore.a(Print.o)
                0x00001998                _ZN5Print5writeEPKhj
                0x000019e8                _ZN5Print5printEPK19__FlashStringHelper
                0x00001a2a                _ZN5Print5printERK6String
                0x00001a96                _ZN5Print5printEPKc
                0x00001a9a                _ZN5Print5printEc
                0x00001aa8                _ZN5Print5printERK9Printable
                0x00001abc                _ZN5Print7printlnEv
                0x00001ae8                _ZN5Print7printlnEPK19__FlashStringHelper
                0x00001b10                _ZN5Print7printlnERK6String
                0x00001b38                _ZN5Print7printlnEPKc
                0x00001b60                _ZN5Print7printlnEc
                0x00001b88                _ZN5Print7printlnERK9Printable
                0x00001bb0                _ZN5Print11printNumberEmh
                0x00001c68                _ZN5Print5printEmi
                0x00001c82                _ZN5Print7printlnEmi
                0x00001caa                _ZN5Print5printEji
                0x00001cb6                _ZN5Print7printlnEji
                0x00001ce6                _ZN5Print5printEhi
                0x00001cf4                _ZN5Print7printlnEhi
                0x00001d26                _ZN5Print5printEli
                0x00001dbe                _ZN5Print7printlnEli
                0x00001de6                _ZN5Print5printEii
                0x00001df6                _ZN5Print7printlnEii
                0x00001e2a                _ZN5Print10printFloatEdh
                0x00001f86                _ZN5Print5printEdi
                0x00001f8a                _ZN5Print7printlnEdi
 .text          0x00001fb2      0xfd2 /home/jpose/Dropbox/ITBA/embebidos/embededClient/ArduinoCore/Release/libArduinoCore.a(WString.o)
                0x00001fb2                _ZN6StringD1Ev
                0x00001fb2                _ZN6StringD2Ev
                0x00001fbc                _ZN6String10invalidateEv
                0x00001fe0                _ZN6String12changeBufferEj
                0x00002014                _ZN6String7reserveEj
                0x00002052                _ZN6String4copyEPKcj
                0x00002094                _ZN6StringC1EPKc
                0x00002094                _ZN6StringC2EPKc
                0x000020ce                _ZN6StringaSERKS_
                0x000020fc                _ZN6StringC1ERKS_
                0x000020fc                _ZN6StringC2ERKS_
                0x00002110                _ZN6StringaSEPKc
                0x00002144                _ZN6StringC2Emh
                0x00002144                _ZN6StringC1Emh
                0x000021a0                _ZN6StringC1Elh
                0x000021a0                _ZN6StringC2Elh
                0x000021fc                _ZN6StringC2Ejh
                0x000021fc                _ZN6StringC1Ejh
                0x00002256                _ZN6StringC1Eih
                0x00002256                _ZN6StringC2Eih
                0x000022b0                _ZN6StringC1Ehh
                0x000022b0                _ZN6StringC2Ehh
                0x0000230c                _ZN6StringC2Ec
                0x0000230c                _ZN6StringC1Ec
                0x0000233e                _ZN6String6concatEPKcj
                0x00002396                _ZN6String6concatERKS_
                0x000023a4                _ZN6String6concatEPKc
                0x000023c4                _ZN6String6concatEc
                0x000023ea                _ZN6String6concatEh
                0x00002444                _ZN6String6concatEi
                0x000024a8                _ZN6String6concatEj
                0x00002506                _ZN6String6concatEl
                0x0000256c                _ZN6String6concatEm
                0x000025d2                _ZplRK15StringSumHelperRK6String
                0x000025fe                _ZplRK15StringSumHelperPKc
                0x00002638                _ZplRK15StringSumHelperc
                0x0000265a                _ZplRK15StringSumHelperh
                0x0000267c                _ZplRK15StringSumHelperi
                0x0000269e                _ZplRK15StringSumHelperj
                0x000026c0                _ZplRK15StringSumHelperl
                0x000026e2                _ZplRK15StringSumHelperm
                0x00002704                _ZNK6String9compareToERKS_
                0x00002766                _ZNK6String6equalsERKS_
                0x00002788                _ZNK6String6equalsEPKc
                0x000027cc                _ZNK6StringltERKS_
                0x000027da                _ZNK6StringgtERKS_
                0x000027ec                _ZNK6StringleERKS_
                0x000027fe                _ZNK6StringgeERKS_
                0x0000280e                _ZNK6String16equalsIgnoreCaseERKS_
                0x00002876                _ZNK6String10startsWithERKS_j
                0x000028be                _ZNK6String10startsWithERKS_
                0x000028dc                _ZNK6String8endsWithERKS_
                0x0000291e                _ZN6String9setCharAtEjc
                0x0000293a                _ZN6StringixEj
                0x00002960                _ZNK6StringixEj
                0x00002982                _ZNK6String6charAtEj
                0x00002986                _ZNK6String8getBytesEPhjj
                0x000029da                _ZNK6String7indexOfEcj
                0x00002a12                _ZNK6String7indexOfEc
                0x00002a1a                _ZNK6String7indexOfERKS_j
                0x00002a56                _ZNK6String7indexOfERKS_
                0x00002a5e                _ZNK6String11lastIndexOfEcj
                0x00002ac6                _ZNK6String11lastIndexOfEc
                0x00002ad4                _ZNK6String11lastIndexOfERKS_j
                0x00002b6e                _ZNK6String11lastIndexOfERKS_
                0x00002b82                _ZNK6String9substringEjj
                0x00002c0c                _ZNK6String9substringEj
                0x00002c24                _ZN6String7replaceEcc
                0x00002c40                _ZN6String7replaceERKS_S1_
                0x00002e64                _ZN6String11toLowerCaseEv
                0x00002e88                _ZN6String11toUpperCaseEv
                0x00002eac                _ZN6String4trimEv
                0x00002f6c                _ZNK6String5toIntEv
 .text          0x00002f84       0x28 /home/jpose/Dropbox/ITBA/embebidos/embededClient/ArduinoCore/Release/libArduinoCore.a(new.o)
                0x00002f84                _Znwj
                0x00002f88                _ZdlPv
                0x00002f8c                __cxa_guard_acquire
                0x00002fa0                __cxa_guard_release
                0x00002fa8                __cxa_guard_abort
                0x00002faa                __cxa_pure_virtual
 .text          0x00002fac      0x1e2 /home/jpose/Dropbox/ITBA/embebidos/embededClient/ArduinoCore/Release/libArduinoCore.a(wiring.o)
                0x00002fac                __vector_16
                0x00003040                millis
                0x00003064                micros
                0x000030b8                delay
                0x00003104                delayMicroseconds
                0x00003118                init
 .text          0x0000318e      0x184 /home/jpose/Dropbox/ITBA/embebidos/embededClient/ArduinoCore/Release/libArduinoCore.a(wiring_digital.o)
                0x000031e2                pinMode
                0x00003252                digitalWrite
                0x000032c0                digitalRead
 .text          0x00003312      0x610 /home/jpose/Dropbox/ITBA/embebidos/embededClient/ArduinoCore/Release/libArduinoCore.a(socket.o)
                0x00003312                _Z5closeh
                0x0000332c                _Z6sockethhjh
                0x000033ac                _Z6listenh
                0x000033d2                _Z7connecthPhj
                0x0000343c                _Z10disconnecth
                0x00003448                _Z4sendhPKhj
                0x000034ec                _Z4recvhPhi
                0x00003568                _Z4peekhPh
                0x00003584                _Z6sendtohPKhjPhj
                0x00003632                _Z8recvfromhPhjS_Pj
                0x000037ac                _Z8igmpsendhPKhj
                0x00003824                _Z10bufferDatahjPKhj
                0x00003890                _Z8startUDPhPhj
                0x000038dc                _Z7sendUDPh
 .text          0x00003922      0x440 /home/jpose/Dropbox/ITBA/embebidos/embededClient/ArduinoCore/Release/libArduinoCore.a(w5100.o)
                0x00003922                _ZN10W5100Class5writeEjh
                0x00003966                _ZN10W5100Class4initEv
                0x000039e2                _ZN10W5100Class5writeEjPKhj
                0x00003a40                _ZN10W5100Class4readEj
                0x00003a80                _ZN10W5100Class27send_data_processing_offsetEhjPKhj
                0x00003b44                _ZN10W5100Class20send_data_processingEhPKhj
                0x00003b5a                _ZN10W5100Class17getRXReceivedSizeEh
                0x00003b92                _ZN10W5100Class13getTXFreeSizeEh
                0x00003bca                _ZN10W5100Class4readEjPhj
                0x00003c2a                _ZN10W5100Class9read_dataEhPVhS1_j
                0x00003ca2                _ZN10W5100Class20recv_data_processingEhPhjh
                0x00003d42                _ZN10W5100Class9execCmdSnEh7SockCMD
 .text          0x00003d62      0xbe0 /home/jpose/Dropbox/ITBA/embebidos/embededClient/ArduinoCore/Release/libArduinoCore.a(Dhcp.o)
                0x00003d62                _ZN9DhcpClass16reset_DHCP_leaseEv
                0x00003d72                _ZN9DhcpClass12presend_DHCPEv
                0x00003d74                _ZN9DhcpClass17parseDHCPResponseEmRm
                0x00004138                _ZN9DhcpClass10getLocalIpEv
                0x0000414e                _ZN9DhcpClass13getSubnetMaskEv
                0x00004164                _ZN9DhcpClass12getGatewayIpEv
                0x0000417a                _ZN9DhcpClass15getDhcpServerIpEv
                0x00004190                _ZN9DhcpClass14getDnsServerIpEv
                0x000041a6                _ZN9DhcpClass9printByteEPch
                0x000041d0                _ZN9DhcpClass17send_DHCP_MESSAGEEhj
                0x00004410                _ZN9DhcpClass18request_DHCP_leaseEv
                0x00004710                _ZN9DhcpClass10checkLeaseEv
                0x000048b8                _ZN9DhcpClass13beginWithDHCPEPhmm
 .text          0x00004942      0x5fc /home/jpose/Dropbox/ITBA/embebidos/embededClient/ArduinoCore/Release/libArduinoCore.a(Dns.o)
                0x00004942                _ZN9DNSClient5beginERK9IPAddress
                0x0000495c                _ZN9DNSClient9inet_atonEPKcR9IPAddress
                0x000049e2                _ZN9DNSClient12BuildRequestEPKc
                0x00004b36                _ZN9DNSClient15ProcessResponseEjR9IPAddress
                0x00004e0a                _ZN9DNSClient13getHostByNameEPKcR9IPAddress
 .text          0x00004f3e      0x13e /home/jpose/Dropbox/ITBA/embebidos/embededClient/ArduinoCore/Release/libArduinoCore.a(WMath.o)
                0x00004f3e                _Z10randomSeedj
                0x00004f4e                _Z6randoml
                0x00004fa6                _Z6randomll
                0x00004fe2                _Z3maplllll
                0x00005070                _Z8makeWordj
                0x00005072                _Z8makeWordhh
 .text          0x0000507c       0x7e /home/jpose/Dropbox/ITBA/embebidos/embededClient/ArduinoCore/Release/libArduinoCore.a(SPI.o)
                0x0000507c                _ZN8SPIClass5beginEv
                0x000050ba                _ZN8SPIClass3endEv
                0x000050c2                _ZN8SPIClass11setBitOrderEh
                0x000050d4                _ZN8SPIClass11setDataModeEh
                0x000050de                _ZN8SPIClass15setClockDividerEh
 .text          0x000050fa       0x5a /usr/lib/gcc/avr/4.7.0/avr5/libgcc.a(_fixunssfsi.o)
                0x000050fa                __fixunssfsi
 .text          0x00005154      0x35c /usr/lib/gcc/avr/4.7.0/avr5/libgcc.a(_addsub_sf.o)
                0x000053f8                __addsf3
                0x00005450                __subsf3
 .text          0x000054b0      0x1ca /usr/lib/gcc/avr/4.7.0/avr5/libgcc.a(_mul_sf.o)
                0x000054b0                __mulsf3
 .text          0x0000567a      0x146 /usr/lib/gcc/avr/4.7.0/avr5/libgcc.a(_div_sf.o)
                0x0000567a                __divsf3
 .text          0x000057c0       0x5e /usr/lib/gcc/avr/4.7.0/avr5/libgcc.a(_ge_sf.o)
                0x000057c0                __gesf2
 .text          0x0000581e       0x5e /usr/lib/gcc/avr/4.7.0/avr5/libgcc.a(_lt_sf.o)
                0x0000581e                __ltsf2
 .text          0x0000587c       0xb8 /usr/lib/gcc/avr/4.7.0/avr5/libgcc.a(_si_to_sf.o)
                0x0000587c                __floatsisf
 .text          0x00005934       0x9e /usr/lib/gcc/avr/4.7.0/avr5/libgcc.a(_sf_to_si.o)
                0x00005934                __fixsfsi
 .text          0x000059d2       0xec /usr/lib/gcc/avr/4.7.0/avr5/libgcc.a(_usi_to_sf.o)
                0x000059d2                __floatunsisf
 .text          0x00005abe      0x182 /usr/lib/gcc/avr/4.7.0/avr5/libgcc.a(_pack_sf.o)
                0x00005abe                __pack_f
 .text          0x00005c40       0xde /usr/lib/gcc/avr/4.7.0/avr5/libgcc.a(_unpack_sf.o)
                0x00005c40                __unpack_f
 .text          0x00005d1e       0xc2 /usr/lib/gcc/avr/4.7.0/avr5/libgcc.a(_fpcmp_parts_sf.o)
                0x00005d1e                __fpcmp_parts_f
                0x00005de0                . = ALIGN (0x2)
 *(.text.*)
 .text.startup  0x00005de0       0x16 ./src/SensorModule.o
 .text.startup  0x00005df6       0x16 ./src/commandModule.o
 .text.startup  0x00005e0c       0x1c ./src/infoModule.o
 .text.startup  0x00005e28       0x40 ./src/main.o
                0x00005e28                main
 .text._ZN10W5100Class8writeGAREPh
                0x00005e68        0xe /home/jpose/Dropbox/ITBA/embebidos/embededClient/ArduinoCore/Release/libArduinoCore.a(Ethernet.o)
                0x00005e68                _ZN10W5100Class8writeGAREPh
 .text._ZN10W5100Class9writeSUBREPh
                0x00005e76        0xe /home/jpose/Dropbox/ITBA/embebidos/embededClient/ArduinoCore/Release/libArduinoCore.a(Ethernet.o)
                0x00005e76                _ZN10W5100Class9writeSUBREPh
 .text._ZN10W5100Class9writeSIPREPh
                0x00005e84        0xe /home/jpose/Dropbox/ITBA/embebidos/embededClient/ArduinoCore/Release/libArduinoCore.a(Ethernet.o)
                0x00005e84                _ZN10W5100Class9writeSIPREPh
 .text.startup  0x00005e92       0x1c /home/jpose/Dropbox/ITBA/embebidos/embededClient/ArduinoCore/Release/libArduinoCore.a(Ethernet.o)
 .text.startup  0x00005eae       0x16 /home/jpose/Dropbox/ITBA/embebidos/embededClient/ArduinoCore/Release/libArduinoCore.a(EthernetClient.o)
 .text.startup  0x00005ec4       0x16 /home/jpose/Dropbox/ITBA/embebidos/embededClient/ArduinoCore/Release/libArduinoCore.a(EthernetServer.o)
 .text._ZN11EthernetUDP4readEPcj
                0x00005eda        0xe /home/jpose/Dropbox/ITBA/embebidos/embededClient/ArduinoCore/Release/libArduinoCore.a(EthernetUdp.o)
                0x00005eda                _ZN11EthernetUDP4readEPcj
 .text._ZN11EthernetUDP8remoteIPEv
                0x00005ee8       0x20 /home/jpose/Dropbox/ITBA/embebidos/embededClient/ArduinoCore/Release/libArduinoCore.a(EthernetUdp.o)
                0x00005ee8                _ZN11EthernetUDP8remoteIPEv
 .text._ZN11EthernetUDP10remotePortEv
                0x00005f08        0x8 /home/jpose/Dropbox/ITBA/embebidos/embededClient/ArduinoCore/Release/libArduinoCore.a(EthernetUdp.o)
                0x00005f08                _ZN11EthernetUDP10remotePortEv
 .text.startup  0x00005f10       0x16 /home/jpose/Dropbox/ITBA/embebidos/embededClient/ArduinoCore/Release/libArduinoCore.a(EthernetUdp.o)
 .text.startup  0x00005f26       0xa0 /home/jpose/Dropbox/ITBA/embebidos/embededClient/ArduinoCore/Release/libArduinoCore.a(HardwareSerial.o)
 .text.startup  0x00005fc6       0x1e /home/jpose/Dropbox/ITBA/embebidos/embededClient/ArduinoCore/Release/libArduinoCore.a(IPAddress.o)
 .text._ZN5Print5writeEPKc
                0x00005fe4       0x20 /home/jpose/Dropbox/ITBA/embebidos/embededClient/ArduinoCore/Release/libArduinoCore.a(Print.o)
                0x00005fe4                _ZN5Print5writeEPKc
 .text._ZN10W5100Class11writeSnDIPREhPh
                0x00006004       0x12 /home/jpose/Dropbox/ITBA/embebidos/embededClient/ArduinoCore/Release/libArduinoCore.a(socket.o)
                0x00006004                _ZN10W5100Class11writeSnDIPREhPh
 .text._ZN10W5100Class6readSnEhj
                0x00006016       0x10 /home/jpose/Dropbox/ITBA/embebidos/embededClient/ArduinoCore/Release/libArduinoCore.a(socket.o)
                0x00006016                _ZN10W5100Class6readSnEhj
 .text._ZN10W5100Class8readSnIREh
                0x00006026        0x8 /home/jpose/Dropbox/ITBA/embebidos/embededClient/ArduinoCore/Release/libArduinoCore.a(socket.o)
                0x00006026                _ZN10W5100Class8readSnIREh
 .text._ZN10W5100Class7writeSnEhjh
                0x0000602e       0x14 /home/jpose/Dropbox/ITBA/embebidos/embededClient/ArduinoCore/Release/libArduinoCore.a(socket.o)
                0x0000602e                _ZN10W5100Class7writeSnEhjh
 .text._ZN10W5100Class9writeSnIREhh
                0x00006042        0xa /home/jpose/Dropbox/ITBA/embebidos/embededClient/ArduinoCore/Release/libArduinoCore.a(socket.o)
                0x00006042                _ZN10W5100Class9writeSnIREhh
 .text._ZN10W5100Class12writeSnDPORTEhj
                0x0000604c       0x22 /home/jpose/Dropbox/ITBA/embebidos/embededClient/ArduinoCore/Release/libArduinoCore.a(socket.o)
                0x0000604c                _ZN10W5100Class12writeSnDPORTEhj
 .text._ZN10W5100Class12writeSnRX_RDEhj
                0x0000606e       0x22 /home/jpose/Dropbox/ITBA/embebidos/embededClient/ArduinoCore/Release/libArduinoCore.a(socket.o)
                0x0000606e                _ZN10W5100Class12writeSnRX_RDEhj
 .text._ZN10W5100Class11writeSnPORTEhj
                0x00006090       0x22 /home/jpose/Dropbox/ITBA/embebidos/embededClient/ArduinoCore/Release/libArduinoCore.a(socket.o)
                0x00006090                _ZN10W5100Class11writeSnPORTEhj
 .text._ZN8SPIClass8transferEh
                0x000060b2        0xc /home/jpose/Dropbox/ITBA/embebidos/embededClient/ArduinoCore/Release/libArduinoCore.a(w5100.o)
                0x000060b2                _ZN8SPIClass8transferEh
 .text._ZN10W5100Class5setSSEv
                0x000060be        0x4 /home/jpose/Dropbox/ITBA/embebidos/embededClient/ArduinoCore/Release/libArduinoCore.a(w5100.o)
                0x000060be                _ZN10W5100Class5setSSEv
 .text._ZN10W5100Class7resetSSEv
                0x000060c2        0x4 /home/jpose/Dropbox/ITBA/embebidos/embededClient/ArduinoCore/Release/libArduinoCore.a(w5100.o)
                0x000060c2                _ZN10W5100Class7resetSSEv
 .text._ZN10W5100Class12readSnRX_RSREh
                0x000060c6       0x28 /home/jpose/Dropbox/ITBA/embebidos/embededClient/ArduinoCore/Release/libArduinoCore.a(w5100.o)
                0x000060c6                _ZN10W5100Class12readSnRX_RSREh
 .text._ZN10W5100Class12readSnTX_FSREh
                0x000060ee       0x28 /home/jpose/Dropbox/ITBA/embebidos/embededClient/ArduinoCore/Release/libArduinoCore.a(w5100.o)
                0x000060ee                _ZN10W5100Class12readSnTX_FSREh
 .text.startup  0x00006116       0x16 /home/jpose/Dropbox/ITBA/embebidos/embededClient/ArduinoCore/Release/libArduinoCore.a(Dhcp.o)
 .text.startup  0x0000612c       0x16 /home/jpose/Dropbox/ITBA/embebidos/embededClient/ArduinoCore/Release/libArduinoCore.a(Dns.o)
 .text.libgcc.mul
                0x00006142       0x20 /usr/lib/gcc/avr/4.7.0/avr5/libgcc.a(_mulsi3.o)
                0x00006142                __mulsi3
 .text.libgcc.div
                0x00006162       0x44 /usr/lib/gcc/avr/4.7.0/avr5/libgcc.a(_udivmodsi4.o)
                0x00006162                __udivmodsi4
 .text.libgcc.div
                0x000061a6       0x38 /usr/lib/gcc/avr/4.7.0/avr5/libgcc.a(_divmodsi4.o)
                0x000061a6                __divmodsi4
 .text.libgcc.builtins
                0x000061de        0xe /usr/lib/gcc/avr/4.7.0/avr5/libgcc.a(_bswapsi2.o)
                0x000061de                __bswapsi2
 .text.libgcc.mul
                0x000061ec       0x16 /usr/lib/gcc/avr/4.7.0/avr5/libgcc.a(_muluhisi3.o)
                0x000061ec                __muluhisi3
 .text.libgcc.prologue
                0x00006202       0x38 /usr/lib/gcc/avr/4.7.0/avr5/libgcc.a(_prologue.o)
                0x00006202                __prologue_saves__
 .text.libgcc.prologue
                0x0000623a       0x36 /usr/lib/gcc/avr/4.7.0/avr5/libgcc.a(_epilogue.o)
                0x0000623a                __epilogue_restores__
 .text.libgcc   0x00006270        0xc /usr/lib/gcc/avr/4.7.0/avr5/libgcc.a(_tablejump.o)
                0x00006270                __tablejump2__
                0x00006274                __tablejump__
 .text.libgcc.builtins
                0x0000627c       0x12 /usr/lib/gcc/avr/4.7.0/avr5/libgcc.a(_clzsi2.o)
                0x0000627c                __clzsi2
 .text.libgcc.builtins
                0x0000628e       0x24 /usr/lib/gcc/avr/4.7.0/avr5/libgcc.a(_clzhi2.o)
                0x0000628e                __clzhi2
 .text.libgcc.mul
                0x000062b2       0x18 /usr/lib/gcc/avr/4.7.0/avr5/libgcc.a(_umulhisi3.o)
                0x000062b2                __umulhisi3
 .text.avr-libc
                0x000062ca      0x26e /usr/lib/gcc/avr/4.7.0/../../../avr/lib/avr5/libc.a(malloc.o)
                0x000062ca                malloc
                0x00006400                free
 .text.avr-libc
                0x00006538       0xbc /usr/lib/gcc/avr/4.7.0/../../../avr/lib/avr5/libc.a(random.o)
                0x000065d2                random_r
                0x000065d8                random
                0x000065e2                srandom
 .text.avr-libc
                0x000065f4      0x190 /usr/lib/gcc/avr/4.7.0/../../../avr/lib/avr5/libc.a(realloc.o)
                0x000065f4                realloc
 .text.avr-libc
                0x00006784       0x4e /usr/lib/gcc/avr/4.7.0/../../../avr/lib/avr5/libc.a(atol.o)
                0x00006784                atol
 .text.avr-libc
                0x000067d2       0x10 /usr/lib/gcc/avr/4.7.0/../../../avr/lib/avr5/libc.a(isspace.o)
                0x000067d2                isspace
 .text.avr-libc
                0x000067e2       0x10 /usr/lib/gcc/avr/4.7.0/../../../avr/lib/avr5/libc.a(tolower.o)
                0x000067e2                tolower
 .text.avr-libc
                0x000067f2       0x10 /usr/lib/gcc/avr/4.7.0/../../../avr/lib/avr5/libc.a(toupper.o)
                0x000067f2                toupper
 .text.avr-libc
                0x00006802       0x1a /usr/lib/gcc/avr/4.7.0/../../../avr/lib/avr5/libc.a(memcmp.o)
                0x00006802                memcmp
 .text.avr-libc
                0x0000681c       0x12 /usr/lib/gcc/avr/4.7.0/../../../avr/lib/avr5/libc.a(memcpy.o)
                0x0000681c                memcpy
 .text.avr-libc
                0x0000682e       0x24 /usr/lib/gcc/avr/4.7.0/../../../avr/lib/avr5/libc.a(memmove.o)
                0x0000682e                memmove
 .text.avr-libc
                0x00006852       0x16 /usr/lib/gcc/avr/4.7.0/../../../avr/lib/avr5/libc.a(strchr.o)
                0x00006852                strchr
 .text.avr-libc
                0x00006868       0x12 /usr/lib/gcc/avr/4.7.0/../../../avr/lib/avr5/libc.a(strcmp.o)
                0x00006868                strcmp
 .text.avr-libc
                0x0000687a        0xe /usr/lib/gcc/avr/4.7.0/../../../avr/lib/avr5/libc.a(strcpy.o)
                0x0000687a                strcpy
 .text.avr-libc
                0x00006888       0x1c /usr/lib/gcc/avr/4.7.0/../../../avr/lib/avr5/libc.a(strncmp.o)
                0x00006888                strncmp
 .text.avr-libc
                0x000068a4       0x1e /usr/lib/gcc/avr/4.7.0/../../../avr/lib/avr5/libc.a(strncpy.o)
                0x000068a4                strncpy
 .text.avr-libc
                0x000068c2       0x16 /usr/lib/gcc/avr/4.7.0/../../../avr/lib/avr5/libc.a(strrchr.o)
                0x000068c2                strrchr
 .text.avr-libc
                0x000068d8       0x34 /usr/lib/gcc/avr/4.7.0/../../../avr/lib/avr5/libc.a(strstr.o)
                0x000068d8                strstr
 .text.avr-libc
                0x0000690c       0x42 /usr/lib/gcc/avr/4.7.0/../../../avr/lib/avr5/libc.a(itoa.o)
                0x0000690c                itoa
 .text.avr-libc
                0x0000694e       0x68 /usr/lib/gcc/avr/4.7.0/../../../avr/lib/avr5/libc.a(ltoa.o)
                0x0000694e                ltoa
 .text.avr-libc
                0x000069b6       0x2a /usr/lib/gcc/avr/4.7.0/../../../avr/lib/avr5/libc.a(mulsi10.o)
                0x000069b6                __mulsi_const_10
 .text.avr-libc
                0x000069e0       0x4a /usr/lib/gcc/avr/4.7.0/../../../avr/lib/avr5/libc.a(ultoa.o)
                0x000069e0                ultoa
 .text.avr-libc
                0x00006a2a       0x2c /usr/lib/gcc/avr/4.7.0/../../../avr/lib/avr5/libc.a(utoa.o)
                0x00006a2a                utoa
 .text.avr-libc
                0x00006a56        0x6 /usr/lib/gcc/avr/4.7.0/../../../avr/lib/avr5/libc.a(cty_isfalse.o)
                0x00006a56                __ctype_isfalse
                0x00006a5a                __ctype_istrue
 .text.avr-libc
                0x00006a5c       0x20 /usr/lib/gcc/avr/4.7.0/../../../avr/lib/avr5/libc.a(strrev.o)
                0x00006a5c                strrev
 .text.libgcc.mul
                0x00006a7c       0x10 /usr/lib/gcc/avr/4.7.0/avr5/libgcc.a(_mulshisi3.o)
                0x00006a7c                __mulshisi3
                0x00006a82                __mulohisi3
 .text.libgcc.div
                0x00006a8c       0x28 /usr/lib/gcc/avr/4.7.0/avr5/libgcc.a(_udivmodhi4.o)
                0x00006a8c                __udivmodhi4
                0x00006ab4                . = ALIGN (0x2)
 *(.fini9)
 .fini9         0x00006ab4        0x0 /usr/lib/gcc/avr/4.7.0/avr5/libgcc.a(_exit.o)
                0x00006ab4                exit
                0x00006ab4                _exit
 *(.fini9)
 *(.fini8)
 *(.fini8)
 *(.fini7)
 *(.fini7)
 *(.fini6)
 *(.fini6)
 *(.fini5)
 *(.fini5)
 *(.fini4)
 *(.fini4)
 *(.fini3)
 *(.fini3)
 *(.fini2)
 *(.fini2)
 *(.fini1)
 *(.fini1)
 *(.fini0)
 .fini0         0x00006ab4        0x4 /usr/lib/gcc/avr/4.7.0/avr5/libgcc.a(_exit.o)
 *(.fini0)
                0x00006ab8                _etext = .

.data           0x00800100       0xb8 load address 0x00006ab8
                0x00800100                PROVIDE (__data_start, .)
 *(.data)
 .data          0x00800100        0xc ./src/main.o
                0x00800100                sensors
 .data          0x0080010c        0x2 /home/jpose/Dropbox/ITBA/embebidos/embededClient/ArduinoCore/Release/libArduinoCore.a(EthernetClient.o)
                0x0080010c                _ZN14EthernetClient8_srcportE
 .data          0x0080010e        0x6 /usr/lib/gcc/avr/4.7.0/../../../avr/lib/avr5/libc.a(malloc.o)
                0x0080010e                __malloc_heap_end
                0x00800110                __malloc_heap_start
                0x00800112                __malloc_margin
 .data          0x00800114        0x4 /usr/lib/gcc/avr/4.7.0/../../../avr/lib/avr5/libc.a(random.o)
 *(.data*)
 *(.rodata)
 .rodata        0x00800118        0x8 /usr/lib/gcc/avr/4.7.0/avr5/libgcc.a(_thenan_sf.o)
                0x00800118                __thenan_sf
 *(.rodata*)
 .rodata.str1.1
                0x00800120       0x14 ./src/SensorModule.o
 .rodata.str1.1
                0x00800134        0xb ./src/commandModule.o
 .rodata.str1.1
                0x0080013f        0xf ./src/main.o
 .rodata._ZTV14EthernetClient
                0x0080014e       0x1c /home/jpose/Dropbox/ITBA/embebidos/embededClient/ArduinoCore/Release/libArduinoCore.a(EthernetClient.o)
                0x0080014e                _ZTV14EthernetClient
 .rodata._ZTV14EthernetServer
                0x0080016a        0xa /home/jpose/Dropbox/ITBA/embebidos/embededClient/ArduinoCore/Release/libArduinoCore.a(EthernetServer.o)
                0x0080016a                _ZTV14EthernetServer
 .rodata._ZTV11EthernetUDP
                0x00800174       0x24 /home/jpose/Dropbox/ITBA/embebidos/embededClient/ArduinoCore/Release/libArduinoCore.a(EthernetUdp.o)
                0x00800174                _ZTV11EthernetUDP
 .rodata._ZTV14HardwareSerial
                0x00800198       0x10 /home/jpose/Dropbox/ITBA/embebidos/embededClient/ArduinoCore/Release/libArduinoCore.a(HardwareSerial.o)
                0x00800198                _ZTV14HardwareSerial
 .rodata._ZTV9IPAddress
                0x008001a8        0x6 /home/jpose/Dropbox/ITBA/embebidos/embededClient/ArduinoCore/Release/libArduinoCore.a(IPAddress.o)
                0x008001a8                _ZTV9IPAddress
 .rodata.str1.1
                0x008001ae        0x2 /home/jpose/Dropbox/ITBA/embebidos/embededClient/ArduinoCore/Release/libArduinoCore.a(Print.o)
 .rodata.str1.1
                0x00000000        0x2 /home/jpose/Dropbox/ITBA/embebidos/embededClient/ArduinoCore/Release/libArduinoCore.a(WString.o)
                                  0x1 (size before relaxing)
 .rodata.str1.1
                0x008001b0        0x7 /home/jpose/Dropbox/ITBA/embebidos/embededClient/ArduinoCore/Release/libArduinoCore.a(Dhcp.o)
 *(.gnu.linkonce.d*)
                0x008001b8                . = ALIGN (0x2)
 *fill*         0x008001b7        0x1 00
                0x008001b8                _edata = .
                0x008001b8                PROVIDE (__data_end, .)

.bss            0x008001b8      0x341
                0x008001b8                PROVIDE (__bss_start, .)
 *(.bss)
 .bss           0x008001b8        0x6 ./src/SensorModule.o
 .bss           0x008001be        0x8 ./src/commandModule.o
                0x008001be                server
 .bss           0x008001c6       0x21 ./src/infoModule.o
                0x008001c6                udpClient
 .bss           0x008001e7      0x20d ./src/main.o
                0x008001e7                sensorsStatus
                0x008003e7                sensorsChanged
 .bss           0x008003f4       0x1a /home/jpose/Dropbox/ITBA/embebidos/embededClient/ArduinoCore/Release/libArduinoCore.a(Ethernet.o)
                0x008003f4                Ethernet
                0x008003fc                _ZN13EthernetClass12_server_portE
                0x00800404                _ZN13EthernetClass6_stateE
 .bss           0x0080040e        0x6 /home/jpose/Dropbox/ITBA/embebidos/embededClient/ArduinoCore/Release/libArduinoCore.a(EthernetClient.o)
 .bss           0x00800414        0x6 /home/jpose/Dropbox/ITBA/embebidos/embededClient/ArduinoCore/Release/libArduinoCore.a(EthernetServer.o)
 .bss           0x0080041a        0x6 /home/jpose/Dropbox/ITBA/embebidos/embededClient/ArduinoCore/Release/libArduinoCore.a(EthernetUdp.o)
 .bss           0x00800420       0xa7 /home/jpose/Dropbox/ITBA/embebidos/embededClient/ArduinoCore/Release/libArduinoCore.a(HardwareSerial.o)
                0x00800420                Serial
                0x0080043f                tx_buffer
                0x00800483                rx_buffer
 .bss           0x008004c7        0x6 /home/jpose/Dropbox/ITBA/embebidos/embededClient/ArduinoCore/Release/libArduinoCore.a(IPAddress.o)
 .bss           0x008004cd        0x1 /home/jpose/Dropbox/ITBA/embebidos/embededClient/ArduinoCore/Release/libArduinoCore.a(WString.o)
 .bss           0x008004ce        0x9 /home/jpose/Dropbox/ITBA/embebidos/embededClient/ArduinoCore/Release/libArduinoCore.a(wiring.o)
                0x008004ce                timer0_millis
                0x008004d2                timer0_overflow_count
 .bss           0x008004d7        0x2 /home/jpose/Dropbox/ITBA/embebidos/embededClient/ArduinoCore/Release/libArduinoCore.a(socket.o)
 .bss           0x008004d9       0x10 /home/jpose/Dropbox/ITBA/embebidos/embededClient/ArduinoCore/Release/libArduinoCore.a(w5100.o)
                0x008004d9                W5100
 .bss           0x008004e9        0x6 /home/jpose/Dropbox/ITBA/embebidos/embededClient/ArduinoCore/Release/libArduinoCore.a(Dhcp.o)
 .bss           0x008004ef        0x6 /home/jpose/Dropbox/ITBA/embebidos/embededClient/ArduinoCore/Release/libArduinoCore.a(Dns.o)
 *(.bss*)
 *(COMMON)
 COMMON         0x008004f5        0x4 /usr/lib/gcc/avr/4.7.0/../../../avr/lib/avr5/libc.a(malloc.o)
                0x008004f5                __brkval
                0x008004f7                __flp
                0x008004f9                PROVIDE (__bss_end, .)
                0x00006ab8                __data_load_start = LOADADDR (.data)
                0x00006b70                __data_load_end = (__data_load_start + SIZEOF (.data))

.noinit         0x008004f9        0x0
                0x008004f9                PROVIDE (__noinit_start, .)
 *(.noinit*)
                0x008004f9                PROVIDE (__noinit_end, .)
                0x008004f9                _end = .
                0x008004f9                PROVIDE (__heap_start, .)

.eeprom         0x00810000        0x0
 *(.eeprom*)
                0x00810000                __eeprom_end = .

.fuse
 *(.fuse)
 *(.lfuse)
 *(.hfuse)
 *(.efuse)

.lock
 *(.lock*)

.signature
 *(.signature*)

.stab           0x00000000     0x2958
 *(.stab)
 .stab          0x00000000      0x6cc /usr/lib/gcc/avr/4.7.0/../../../avr/lib/avr5/crtm328p.o
 .stab          0x000006cc      0x78c /usr/lib/gcc/avr/4.7.0/../../../avr/lib/avr5/libc.a(malloc.o)
                                0x798 (size before relaxing)
 .stab          0x00000e58      0x2c4 /usr/lib/gcc/avr/4.7.0/../../../avr/lib/avr5/libc.a(random.o)
                                0x324 (size before relaxing)
 .stab          0x0000111c      0x3cc /usr/lib/gcc/avr/4.7.0/../../../avr/lib/avr5/libc.a(realloc.o)
                                0x5c4 (size before relaxing)
 .stab          0x000014e8      0x1e0 /usr/lib/gcc/avr/4.7.0/../../../avr/lib/avr5/libc.a(atol.o)
                                0x1ec (size before relaxing)
 .stab          0x000016c8       0x9c /usr/lib/gcc/avr/4.7.0/../../../avr/lib/avr5/libc.a(isspace.o)
                                 0xa8 (size before relaxing)
 .stab          0x00001764       0x9c /usr/lib/gcc/avr/4.7.0/../../../avr/lib/avr5/libc.a(tolower.o)
                                 0xa8 (size before relaxing)
 .stab          0x00001800       0x9c /usr/lib/gcc/avr/4.7.0/../../../avr/lib/avr5/libc.a(toupper.o)
                                 0xa8 (size before relaxing)
 .stab          0x0000189c       0xb4 /usr/lib/gcc/avr/4.7.0/../../../avr/lib/avr5/libc.a(memcmp.o)
                                 0xc0 (size before relaxing)
 .stab          0x00001950       0x84 /usr/lib/gcc/avr/4.7.0/../../../avr/lib/avr5/libc.a(memcpy.o)
                                 0x90 (size before relaxing)
 .stab          0x000019d4       0xe4 /usr/lib/gcc/avr/4.7.0/../../../avr/lib/avr5/libc.a(memmove.o)
                                 0xf0 (size before relaxing)
 .stab          0x00001ab8       0x9c /usr/lib/gcc/avr/4.7.0/../../../avr/lib/avr5/libc.a(strchr.o)
                                 0xa8 (size before relaxing)
 .stab          0x00001b54       0x84 /usr/lib/gcc/avr/4.7.0/../../../avr/lib/avr5/libc.a(strcmp.o)
                                 0x90 (size before relaxing)
 .stab          0x00001bd8       0x6c /usr/lib/gcc/avr/4.7.0/../../../avr/lib/avr5/libc.a(strcpy.o)
                                 0x78 (size before relaxing)
 .stab          0x00001c44       0xc0 /usr/lib/gcc/avr/4.7.0/../../../avr/lib/avr5/libc.a(strncmp.o)
                                 0xcc (size before relaxing)
 .stab          0x00001d04       0xcc /usr/lib/gcc/avr/4.7.0/../../../avr/lib/avr5/libc.a(strncpy.o)
                                 0xd8 (size before relaxing)
 .stab          0x00001dd0       0x9c /usr/lib/gcc/avr/4.7.0/../../../avr/lib/avr5/libc.a(strrchr.o)
                                 0xa8 (size before relaxing)
 .stab          0x00001e6c      0x150 /usr/lib/gcc/avr/4.7.0/../../../avr/lib/avr5/libc.a(strstr.o)
                                0x15c (size before relaxing)
 .stab          0x00001fbc      0x1b0 /usr/lib/gcc/avr/4.7.0/../../../avr/lib/avr5/libc.a(itoa.o)
                                0x1bc (size before relaxing)
 .stab          0x0000216c      0x294 /usr/lib/gcc/avr/4.7.0/../../../avr/lib/avr5/libc.a(ltoa.o)
                                0x2a0 (size before relaxing)
 .stab          0x00002400      0x114 /usr/lib/gcc/avr/4.7.0/../../../avr/lib/avr5/libc.a(mulsi10.o)
                                0x120 (size before relaxing)
 .stab          0x00002514      0x1e0 /usr/lib/gcc/avr/4.7.0/../../../avr/lib/avr5/libc.a(ultoa.o)
                                0x1ec (size before relaxing)
 .stab          0x000026f4      0x12c /usr/lib/gcc/avr/4.7.0/../../../avr/lib/avr5/libc.a(utoa.o)
                                0x138 (size before relaxing)
 .stab          0x00002820       0x60 /usr/lib/gcc/avr/4.7.0/../../../avr/lib/avr5/libc.a(cty_isfalse.o)
                                 0x6c (size before relaxing)
 .stab          0x00002880       0xd8 /usr/lib/gcc/avr/4.7.0/../../../avr/lib/avr5/libc.a(strrev.o)
                                 0xe4 (size before relaxing)

.stabstr        0x00000000      0xd46
 *(.stabstr)
 .stabstr       0x00000000      0xd46 /usr/lib/gcc/avr/4.7.0/../../../avr/lib/avr5/crtm328p.o

.stab.excl
 *(.stab.excl)

.stab.exclstr
 *(.stab.exclstr)

.stab.index
 *(.stab.index)

.stab.indexstr
 *(.stab.indexstr)

.comment        0x00000000       0x11
 *(.comment)
 .comment       0x00000000       0x11 ./src/CommandProtocolHandler.o
                                 0x12 (size before relaxing)
 .comment       0x00000000       0x12 ./src/CommunicationManager.o
 .comment       0x00000000       0x12 ./src/DigitalPinSensor.o
 .comment       0x00000000       0x12 ./src/EthernetInformationProtocolHandler.o
 .comment       0x00000000       0x12 ./src/InformationProtocolHandler.o
 .comment       0x00000000       0x12 ./src/InformationProtocolTranslator.o
 .comment       0x00000000       0x12 ./src/Sensor.o
 .comment       0x00000000       0x12 ./src/SensorManager.o
 .comment       0x00000000       0x12 ./src/SensorModule.o
 .comment       0x00000000       0x12 ./src/commandModule.o
 .comment       0x00000000       0x12 ./src/infoModule.o
 .comment       0x00000000       0x12 ./src/main.o
 .comment       0x00000000       0x12 /home/jpose/Dropbox/ITBA/embebidos/embededClient/ArduinoCore/Release/libArduinoCore.a(Ethernet.o)
 .comment       0x00000000       0x12 /home/jpose/Dropbox/ITBA/embebidos/embededClient/ArduinoCore/Release/libArduinoCore.a(EthernetClient.o)
 .comment       0x00000000       0x12 /home/jpose/Dropbox/ITBA/embebidos/embededClient/ArduinoCore/Release/libArduinoCore.a(EthernetServer.o)
 .comment       0x00000000       0x12 /home/jpose/Dropbox/ITBA/embebidos/embededClient/ArduinoCore/Release/libArduinoCore.a(EthernetUdp.o)
 .comment       0x00000000       0x12 /home/jpose/Dropbox/ITBA/embebidos/embededClient/ArduinoCore/Release/libArduinoCore.a(HardwareSerial.o)
 .comment       0x00000000       0x12 /home/jpose/Dropbox/ITBA/embebidos/embededClient/ArduinoCore/Release/libArduinoCore.a(IPAddress.o)
 .comment       0x00000000       0x12 /home/jpose/Dropbox/ITBA/embebidos/embededClient/ArduinoCore/Release/libArduinoCore.a(Print.o)
 .comment       0x00000000       0x12 /home/jpose/Dropbox/ITBA/embebidos/embededClient/ArduinoCore/Release/libArduinoCore.a(WString.o)
 .comment       0x00000000       0x12 /home/jpose/Dropbox/ITBA/embebidos/embededClient/ArduinoCore/Release/libArduinoCore.a(new.o)
 .comment       0x00000000       0x12 /home/jpose/Dropbox/ITBA/embebidos/embededClient/ArduinoCore/Release/libArduinoCore.a(wiring.o)
 .comment       0x00000000       0x12 /home/jpose/Dropbox/ITBA/embebidos/embededClient/ArduinoCore/Release/libArduinoCore.a(wiring_digital.o)
 .comment       0x00000000       0x12 /home/jpose/Dropbox/ITBA/embebidos/embededClient/ArduinoCore/Release/libArduinoCore.a(socket.o)
 .comment       0x00000000       0x12 /home/jpose/Dropbox/ITBA/embebidos/embededClient/ArduinoCore/Release/libArduinoCore.a(w5100.o)
 .comment       0x00000000       0x12 /home/jpose/Dropbox/ITBA/embebidos/embededClient/ArduinoCore/Release/libArduinoCore.a(Dhcp.o)
 .comment       0x00000000       0x12 /home/jpose/Dropbox/ITBA/embebidos/embededClient/ArduinoCore/Release/libArduinoCore.a(Dns.o)
 .comment       0x00000000       0x12 /home/jpose/Dropbox/ITBA/embebidos/embededClient/ArduinoCore/Release/libArduinoCore.a(WMath.o)
 .comment       0x00000000       0x12 /home/jpose/Dropbox/ITBA/embebidos/embededClient/ArduinoCore/Release/libArduinoCore.a(SPI.o)
 .comment       0x00000000       0x12 /usr/lib/gcc/avr/4.7.0/avr5/libgcc.a(_fixunssfsi.o)
 .comment       0x00000000       0x12 /usr/lib/gcc/avr/4.7.0/avr5/libgcc.a(_addsub_sf.o)
 .comment       0x00000000       0x12 /usr/lib/gcc/avr/4.7.0/avr5/libgcc.a(_mul_sf.o)
 .comment       0x00000000       0x12 /usr/lib/gcc/avr/4.7.0/avr5/libgcc.a(_div_sf.o)
 .comment       0x00000000       0x12 /usr/lib/gcc/avr/4.7.0/avr5/libgcc.a(_ge_sf.o)
 .comment       0x00000000       0x12 /usr/lib/gcc/avr/4.7.0/avr5/libgcc.a(_lt_sf.o)
 .comment       0x00000000       0x12 /usr/lib/gcc/avr/4.7.0/avr5/libgcc.a(_si_to_sf.o)
 .comment       0x00000000       0x12 /usr/lib/gcc/avr/4.7.0/avr5/libgcc.a(_sf_to_si.o)
 .comment       0x00000000       0x12 /usr/lib/gcc/avr/4.7.0/avr5/libgcc.a(_thenan_sf.o)
 .comment       0x00000000       0x12 /usr/lib/gcc/avr/4.7.0/avr5/libgcc.a(_usi_to_sf.o)
 .comment       0x00000000       0x12 /usr/lib/gcc/avr/4.7.0/avr5/libgcc.a(_pack_sf.o)
 .comment       0x00000000       0x12 /usr/lib/gcc/avr/4.7.0/avr5/libgcc.a(_unpack_sf.o)
 .comment       0x00000000       0x12 /usr/lib/gcc/avr/4.7.0/avr5/libgcc.a(_fpcmp_parts_sf.o)
 .comment       0x00000000       0x12 /usr/lib/gcc/avr/4.7.0/../../../avr/lib/avr5/libc.a(malloc.o)
 .comment       0x00000000       0x12 /usr/lib/gcc/avr/4.7.0/../../../avr/lib/avr5/libc.a(random.o)
 .comment       0x00000000       0x12 /usr/lib/gcc/avr/4.7.0/../../../avr/lib/avr5/libc.a(realloc.o)

.debug
 *(.debug)

.line
 *(.line)

.debug_srcinfo
 *(.debug_srcinfo)

.debug_sfnames
 *(.debug_sfnames)

.debug_aranges
 *(.debug_aranges)

.debug_pubnames
 *(.debug_pubnames)

.debug_info
 *(.debug_info)
 *(.gnu.linkonce.wi.*)

.debug_abbrev
 *(.debug_abbrev)

.debug_line
 *(.debug_line)

.debug_frame
 *(.debug_frame)

.debug_str
 *(.debug_str)

.debug_loc
 *(.debug_loc)

.debug_macinfo
 *(.debug_macinfo)
OUTPUT(newSensecar.elf elf32-avr)
LOAD linker stubs

Cross Reference Table

Symbol                                            File
DNSClient::BuildRequest(char const*)              /home/jpose/Dropbox/ITBA/embebidos/embededClient/ArduinoCore/Release/libArduinoCore.a(Dns.o)
DNSClient::ProcessResponse(unsigned int, IPAddress&) /home/jpose/Dropbox/ITBA/embebidos/embededClient/ArduinoCore/Release/libArduinoCore.a(Dns.o)
DNSClient::begin(IPAddress const&)                /home/jpose/Dropbox/ITBA/embebidos/embededClient/ArduinoCore/Release/libArduinoCore.a(Dns.o)
                                                  /home/jpose/Dropbox/ITBA/embebidos/embededClient/ArduinoCore/Release/libArduinoCore.a(EthernetUdp.o)
                                                  /home/jpose/Dropbox/ITBA/embebidos/embededClient/ArduinoCore/Release/libArduinoCore.a(EthernetClient.o)
DNSClient::getHostByName(char const*, IPAddress&) /home/jpose/Dropbox/ITBA/embebidos/embededClient/ArduinoCore/Release/libArduinoCore.a(Dns.o)
                                                  /home/jpose/Dropbox/ITBA/embebidos/embededClient/ArduinoCore/Release/libArduinoCore.a(EthernetUdp.o)
                                                  /home/jpose/Dropbox/ITBA/embebidos/embededClient/ArduinoCore/Release/libArduinoCore.a(EthernetClient.o)
DNSClient::inet_aton(char const*, IPAddress&)     /home/jpose/Dropbox/ITBA/embebidos/embededClient/ArduinoCore/Release/libArduinoCore.a(Dns.o)
DhcpClass::beginWithDHCP(unsigned char*, unsigned long, unsigned long) /home/jpose/Dropbox/ITBA/embebidos/embededClient/ArduinoCore/Release/libArduinoCore.a(Dhcp.o)
                                                  /home/jpose/Dropbox/ITBA/embebidos/embededClient/ArduinoCore/Release/libArduinoCore.a(Ethernet.o)
DhcpClass::checkLease()                           /home/jpose/Dropbox/ITBA/embebidos/embededClient/ArduinoCore/Release/libArduinoCore.a(Dhcp.o)
                                                  /home/jpose/Dropbox/ITBA/embebidos/embededClient/ArduinoCore/Release/libArduinoCore.a(Ethernet.o)
DhcpClass::getDhcpServerIp()                      /home/jpose/Dropbox/ITBA/embebidos/embededClient/ArduinoCore/Release/libArduinoCore.a(Dhcp.o)
DhcpClass::getDnsServerIp()                       /home/jpose/Dropbox/ITBA/embebidos/embededClient/ArduinoCore/Release/libArduinoCore.a(Dhcp.o)
                                                  /home/jpose/Dropbox/ITBA/embebidos/embededClient/ArduinoCore/Release/libArduinoCore.a(Ethernet.o)
DhcpClass::getGatewayIp()                         /home/jpose/Dropbox/ITBA/embebidos/embededClient/ArduinoCore/Release/libArduinoCore.a(Dhcp.o)
                                                  /home/jpose/Dropbox/ITBA/embebidos/embededClient/ArduinoCore/Release/libArduinoCore.a(Ethernet.o)
DhcpClass::getLocalIp()                           /home/jpose/Dropbox/ITBA/embebidos/embededClient/ArduinoCore/Release/libArduinoCore.a(Dhcp.o)
                                                  /home/jpose/Dropbox/ITBA/embebidos/embededClient/ArduinoCore/Release/libArduinoCore.a(Ethernet.o)
DhcpClass::getSubnetMask()                        /home/jpose/Dropbox/ITBA/embebidos/embededClient/ArduinoCore/Release/libArduinoCore.a(Dhcp.o)
                                                  /home/jpose/Dropbox/ITBA/embebidos/embededClient/ArduinoCore/Release/libArduinoCore.a(Ethernet.o)
DhcpClass::parseDHCPResponse(unsigned long, unsigned long&) /home/jpose/Dropbox/ITBA/embebidos/embededClient/ArduinoCore/Release/libArduinoCore.a(Dhcp.o)
DhcpClass::presend_DHCP()                         /home/jpose/Dropbox/ITBA/embebidos/embededClient/ArduinoCore/Release/libArduinoCore.a(Dhcp.o)
DhcpClass::printByte(char*, unsigned char)        /home/jpose/Dropbox/ITBA/embebidos/embededClient/ArduinoCore/Release/libArduinoCore.a(Dhcp.o)
DhcpClass::request_DHCP_lease()                   /home/jpose/Dropbox/ITBA/embebidos/embededClient/ArduinoCore/Release/libArduinoCore.a(Dhcp.o)
DhcpClass::reset_DHCP_lease()                     /home/jpose/Dropbox/ITBA/embebidos/embededClient/ArduinoCore/Release/libArduinoCore.a(Dhcp.o)
DhcpClass::send_DHCP_MESSAGE(unsigned char, unsigned int) /home/jpose/Dropbox/ITBA/embebidos/embededClient/ArduinoCore/Release/libArduinoCore.a(Dhcp.o)
Ethernet                                          /home/jpose/Dropbox/ITBA/embebidos/embededClient/ArduinoCore/Release/libArduinoCore.a(Ethernet.o)
                                                  /home/jpose/Dropbox/ITBA/embebidos/embededClient/ArduinoCore/Release/libArduinoCore.a(EthernetUdp.o)
                                                  /home/jpose/Dropbox/ITBA/embebidos/embededClient/ArduinoCore/Release/libArduinoCore.a(EthernetClient.o)
                                                  ./src/main.o
EthernetClass::_server_port                       /home/jpose/Dropbox/ITBA/embebidos/embededClient/ArduinoCore/Release/libArduinoCore.a(Ethernet.o)
                                                  /home/jpose/Dropbox/ITBA/embebidos/embededClient/ArduinoCore/Release/libArduinoCore.a(EthernetUdp.o)
                                                  /home/jpose/Dropbox/ITBA/embebidos/embededClient/ArduinoCore/Release/libArduinoCore.a(EthernetServer.o)
                                                  /home/jpose/Dropbox/ITBA/embebidos/embededClient/ArduinoCore/Release/libArduinoCore.a(EthernetClient.o)
EthernetClass::_state                             /home/jpose/Dropbox/ITBA/embebidos/embededClient/ArduinoCore/Release/libArduinoCore.a(Ethernet.o)
EthernetClass::begin(unsigned char*)              /home/jpose/Dropbox/ITBA/embebidos/embededClient/ArduinoCore/Release/libArduinoCore.a(Ethernet.o)
EthernetClass::begin(unsigned char*, IPAddress)   /home/jpose/Dropbox/ITBA/embebidos/embededClient/ArduinoCore/Release/libArduinoCore.a(Ethernet.o)
                                                  ./src/main.o
EthernetClass::begin(unsigned char*, IPAddress, IPAddress) /home/jpose/Dropbox/ITBA/embebidos/embededClient/ArduinoCore/Release/libArduinoCore.a(Ethernet.o)
EthernetClass::begin(unsigned char*, IPAddress, IPAddress, IPAddress) /home/jpose/Dropbox/ITBA/embebidos/embededClient/ArduinoCore/Release/libArduinoCore.a(Ethernet.o)
EthernetClass::begin(unsigned char*, IPAddress, IPAddress, IPAddress, IPAddress) /home/jpose/Dropbox/ITBA/embebidos/embededClient/ArduinoCore/Release/libArduinoCore.a(Ethernet.o)
EthernetClass::dnsServerIP()                      /home/jpose/Dropbox/ITBA/embebidos/embededClient/ArduinoCore/Release/libArduinoCore.a(Ethernet.o)
                                                  /home/jpose/Dropbox/ITBA/embebidos/embededClient/ArduinoCore/Release/libArduinoCore.a(EthernetUdp.o)
                                                  /home/jpose/Dropbox/ITBA/embebidos/embededClient/ArduinoCore/Release/libArduinoCore.a(EthernetClient.o)
EthernetClass::gatewayIP()                        /home/jpose/Dropbox/ITBA/embebidos/embededClient/ArduinoCore/Release/libArduinoCore.a(Ethernet.o)
EthernetClass::localIP()                          /home/jpose/Dropbox/ITBA/embebidos/embededClient/ArduinoCore/Release/libArduinoCore.a(Ethernet.o)
EthernetClass::maintain()                         /home/jpose/Dropbox/ITBA/embebidos/embededClient/ArduinoCore/Release/libArduinoCore.a(Ethernet.o)
EthernetClass::subnetMask()                       /home/jpose/Dropbox/ITBA/embebidos/embededClient/ArduinoCore/Release/libArduinoCore.a(Ethernet.o)
EthernetClient::EthernetClient()                  /home/jpose/Dropbox/ITBA/embebidos/embededClient/ArduinoCore/Release/libArduinoCore.a(EthernetClient.o)
EthernetClient::EthernetClient()                  /home/jpose/Dropbox/ITBA/embebidos/embededClient/ArduinoCore/Release/libArduinoCore.a(EthernetClient.o)
EthernetClient::EthernetClient(unsigned char)     /home/jpose/Dropbox/ITBA/embebidos/embededClient/ArduinoCore/Release/libArduinoCore.a(EthernetClient.o)
EthernetClient::EthernetClient(unsigned char)     /home/jpose/Dropbox/ITBA/embebidos/embededClient/ArduinoCore/Release/libArduinoCore.a(EthernetClient.o)
                                                  /home/jpose/Dropbox/ITBA/embebidos/embededClient/ArduinoCore/Release/libArduinoCore.a(EthernetServer.o)
EthernetClient::_srcport                          /home/jpose/Dropbox/ITBA/embebidos/embededClient/ArduinoCore/Release/libArduinoCore.a(EthernetClient.o)
EthernetClient::available()                       /home/jpose/Dropbox/ITBA/embebidos/embededClient/ArduinoCore/Release/libArduinoCore.a(EthernetClient.o)
                                                  /home/jpose/Dropbox/ITBA/embebidos/embededClient/ArduinoCore/Release/libArduinoCore.a(EthernetServer.o)
EthernetClient::connect(IPAddress, unsigned int)  /home/jpose/Dropbox/ITBA/embebidos/embededClient/ArduinoCore/Release/libArduinoCore.a(EthernetClient.o)
EthernetClient::connect(char const*, unsigned int) /home/jpose/Dropbox/ITBA/embebidos/embededClient/ArduinoCore/Release/libArduinoCore.a(EthernetClient.o)
EthernetClient::connected()                       /home/jpose/Dropbox/ITBA/embebidos/embededClient/ArduinoCore/Release/libArduinoCore.a(EthernetClient.o)
EthernetClient::flush()                           /home/jpose/Dropbox/ITBA/embebidos/embededClient/ArduinoCore/Release/libArduinoCore.a(EthernetClient.o)
EthernetClient::operator bool()                   /home/jpose/Dropbox/ITBA/embebidos/embededClient/ArduinoCore/Release/libArduinoCore.a(EthernetClient.o)
                                                  ./src/commandModule.o
EthernetClient::peek()                            /home/jpose/Dropbox/ITBA/embebidos/embededClient/ArduinoCore/Release/libArduinoCore.a(EthernetClient.o)
EthernetClient::read()                            /home/jpose/Dropbox/ITBA/embebidos/embededClient/ArduinoCore/Release/libArduinoCore.a(EthernetClient.o)
EthernetClient::read(unsigned char*, unsigned int) /home/jpose/Dropbox/ITBA/embebidos/embededClient/ArduinoCore/Release/libArduinoCore.a(EthernetClient.o)
EthernetClient::status()                          /home/jpose/Dropbox/ITBA/embebidos/embededClient/ArduinoCore/Release/libArduinoCore.a(EthernetClient.o)
                                                  /home/jpose/Dropbox/ITBA/embebidos/embededClient/ArduinoCore/Release/libArduinoCore.a(EthernetServer.o)
EthernetClient::stop()                            /home/jpose/Dropbox/ITBA/embebidos/embededClient/ArduinoCore/Release/libArduinoCore.a(EthernetClient.o)
                                                  /home/jpose/Dropbox/ITBA/embebidos/embededClient/ArduinoCore/Release/libArduinoCore.a(EthernetServer.o)
                                                  ./src/commandModule.o
EthernetClient::write(unsigned char const*, unsigned int) /home/jpose/Dropbox/ITBA/embebidos/embededClient/ArduinoCore/Release/libArduinoCore.a(EthernetClient.o)
                                                  /home/jpose/Dropbox/ITBA/embebidos/embededClient/ArduinoCore/Release/libArduinoCore.a(EthernetServer.o)
EthernetClient::write(unsigned char)              /home/jpose/Dropbox/ITBA/embebidos/embededClient/ArduinoCore/Release/libArduinoCore.a(EthernetClient.o)
EthernetServer::EthernetServer(unsigned int)      /home/jpose/Dropbox/ITBA/embebidos/embededClient/ArduinoCore/Release/libArduinoCore.a(EthernetServer.o)
EthernetServer::EthernetServer(unsigned int)      /home/jpose/Dropbox/ITBA/embebidos/embededClient/ArduinoCore/Release/libArduinoCore.a(EthernetServer.o)
                                                  ./src/commandModule.o
EthernetServer::accept()                          /home/jpose/Dropbox/ITBA/embebidos/embededClient/ArduinoCore/Release/libArduinoCore.a(EthernetServer.o)
EthernetServer::available()                       /home/jpose/Dropbox/ITBA/embebidos/embededClient/ArduinoCore/Release/libArduinoCore.a(EthernetServer.o)
                                                  ./src/commandModule.o
EthernetServer::begin()                           /home/jpose/Dropbox/ITBA/embebidos/embededClient/ArduinoCore/Release/libArduinoCore.a(EthernetServer.o)
EthernetServer::write(unsigned char const*, unsigned int) /home/jpose/Dropbox/ITBA/embebidos/embededClient/ArduinoCore/Release/libArduinoCore.a(EthernetServer.o)
EthernetServer::write(unsigned char)              /home/jpose/Dropbox/ITBA/embebidos/embededClient/ArduinoCore/Release/libArduinoCore.a(EthernetServer.o)
EthernetUDP::EthernetUDP()                        /home/jpose/Dropbox/ITBA/embebidos/embededClient/ArduinoCore/Release/libArduinoCore.a(EthernetUdp.o)
EthernetUDP::EthernetUDP()                        /home/jpose/Dropbox/ITBA/embebidos/embededClient/ArduinoCore/Release/libArduinoCore.a(EthernetUdp.o)
                                                  /home/jpose/Dropbox/ITBA/embebidos/embededClient/ArduinoCore/Release/libArduinoCore.a(EthernetClient.o)
                                                  /home/jpose/Dropbox/ITBA/embebidos/embededClient/ArduinoCore/Release/libArduinoCore.a(Ethernet.o)
                                                  ./src/infoModule.o
EthernetUDP::available()                          /home/jpose/Dropbox/ITBA/embebidos/embededClient/ArduinoCore/Release/libArduinoCore.a(EthernetUdp.o)
                                                  /home/jpose/Dropbox/ITBA/embebidos/embededClient/ArduinoCore/Release/libArduinoCore.a(Dns.o)
                                                  /home/jpose/Dropbox/ITBA/embebidos/embededClient/ArduinoCore/Release/libArduinoCore.a(Dhcp.o)
EthernetUDP::begin(unsigned int)                  /home/jpose/Dropbox/ITBA/embebidos/embededClient/ArduinoCore/Release/libArduinoCore.a(EthernetUdp.o)
                                                  /home/jpose/Dropbox/ITBA/embebidos/embededClient/ArduinoCore/Release/libArduinoCore.a(Dns.o)
                                                  /home/jpose/Dropbox/ITBA/embebidos/embededClient/ArduinoCore/Release/libArduinoCore.a(Dhcp.o)
                                                  ./src/infoModule.o
EthernetUDP::beginPacket(IPAddress, unsigned int) /home/jpose/Dropbox/ITBA/embebidos/embededClient/ArduinoCore/Release/libArduinoCore.a(EthernetUdp.o)
                                                  /home/jpose/Dropbox/ITBA/embebidos/embededClient/ArduinoCore/Release/libArduinoCore.a(Dns.o)
                                                  /home/jpose/Dropbox/ITBA/embebidos/embededClient/ArduinoCore/Release/libArduinoCore.a(Dhcp.o)
                                                  ./src/infoModule.o
EthernetUDP::beginPacket(char const*, unsigned int) /home/jpose/Dropbox/ITBA/embebidos/embededClient/ArduinoCore/Release/libArduinoCore.a(EthernetUdp.o)
EthernetUDP::endPacket()                          /home/jpose/Dropbox/ITBA/embebidos/embededClient/ArduinoCore/Release/libArduinoCore.a(EthernetUdp.o)
                                                  /home/jpose/Dropbox/ITBA/embebidos/embededClient/ArduinoCore/Release/libArduinoCore.a(Dns.o)
                                                  /home/jpose/Dropbox/ITBA/embebidos/embededClient/ArduinoCore/Release/libArduinoCore.a(Dhcp.o)
                                                  ./src/infoModule.o
EthernetUDP::flush()                              /home/jpose/Dropbox/ITBA/embebidos/embededClient/ArduinoCore/Release/libArduinoCore.a(EthernetUdp.o)
                                                  /home/jpose/Dropbox/ITBA/embebidos/embededClient/ArduinoCore/Release/libArduinoCore.a(Dns.o)
                                                  /home/jpose/Dropbox/ITBA/embebidos/embededClient/ArduinoCore/Release/libArduinoCore.a(Dhcp.o)
EthernetUDP::parsePacket()                        /home/jpose/Dropbox/ITBA/embebidos/embededClient/ArduinoCore/Release/libArduinoCore.a(EthernetUdp.o)
                                                  /home/jpose/Dropbox/ITBA/embebidos/embededClient/ArduinoCore/Release/libArduinoCore.a(Dns.o)
                                                  /home/jpose/Dropbox/ITBA/embebidos/embededClient/ArduinoCore/Release/libArduinoCore.a(Dhcp.o)
EthernetUDP::peek()                               /home/jpose/Dropbox/ITBA/embebidos/embededClient/ArduinoCore/Release/libArduinoCore.a(EthernetUdp.o)
EthernetUDP::read()                               /home/jpose/Dropbox/ITBA/embebidos/embededClient/ArduinoCore/Release/libArduinoCore.a(EthernetUdp.o)
                                                  /home/jpose/Dropbox/ITBA/embebidos/embededClient/ArduinoCore/Release/libArduinoCore.a(Dns.o)
                                                  /home/jpose/Dropbox/ITBA/embebidos/embededClient/ArduinoCore/Release/libArduinoCore.a(Dhcp.o)
EthernetUDP::read(char*, unsigned int)            /home/jpose/Dropbox/ITBA/embebidos/embededClient/ArduinoCore/Release/libArduinoCore.a(EthernetUdp.o)
EthernetUDP::read(unsigned char*, unsigned int)   /home/jpose/Dropbox/ITBA/embebidos/embededClient/ArduinoCore/Release/libArduinoCore.a(EthernetUdp.o)
                                                  /home/jpose/Dropbox/ITBA/embebidos/embededClient/ArduinoCore/Release/libArduinoCore.a(Dns.o)
                                                  /home/jpose/Dropbox/ITBA/embebidos/embededClient/ArduinoCore/Release/libArduinoCore.a(Dhcp.o)
EthernetUDP::remoteIP()                           /home/jpose/Dropbox/ITBA/embebidos/embededClient/ArduinoCore/Release/libArduinoCore.a(EthernetUdp.o)
EthernetUDP::remotePort()                         /home/jpose/Dropbox/ITBA/embebidos/embededClient/ArduinoCore/Release/libArduinoCore.a(EthernetUdp.o)
EthernetUDP::stop()                               /home/jpose/Dropbox/ITBA/embebidos/embededClient/ArduinoCore/Release/libArduinoCore.a(EthernetUdp.o)
                                                  /home/jpose/Dropbox/ITBA/embebidos/embededClient/ArduinoCore/Release/libArduinoCore.a(Dns.o)
                                                  /home/jpose/Dropbox/ITBA/embebidos/embededClient/ArduinoCore/Release/libArduinoCore.a(Dhcp.o)
EthernetUDP::write(unsigned char const*, unsigned int) /home/jpose/Dropbox/ITBA/embebidos/embededClient/ArduinoCore/Release/libArduinoCore.a(EthernetUdp.o)
                                                  /home/jpose/Dropbox/ITBA/embebidos/embededClient/ArduinoCore/Release/libArduinoCore.a(Dns.o)
                                                  /home/jpose/Dropbox/ITBA/embebidos/embededClient/ArduinoCore/Release/libArduinoCore.a(Dhcp.o)
EthernetUDP::write(unsigned char)                 /home/jpose/Dropbox/ITBA/embebidos/embededClient/ArduinoCore/Release/libArduinoCore.a(EthernetUdp.o)
HardwareSerial::HardwareSerial(ring_buffer*, ring_buffer*, unsigned char volatile*, unsigned char volatile*, unsigned char volatile*, unsigned char volatile*, unsigned char volatile*, unsigned char, unsigned char, unsigned char, unsigned char, unsigned char) /home/jpose/Dropbox/ITBA/embebidos/embededClient/ArduinoCore/Release/libArduinoCore.a(HardwareSerial.o)
HardwareSerial::HardwareSerial(ring_buffer*, ring_buffer*, unsigned char volatile*, unsigned char volatile*, unsigned char volatile*, unsigned char volatile*, unsigned char volatile*, unsigned char, unsigned char, unsigned char, unsigned char, unsigned char) /home/jpose/Dropbox/ITBA/embebidos/embededClient/ArduinoCore/Release/libArduinoCore.a(HardwareSerial.o)
HardwareSerial::available()                       /home/jpose/Dropbox/ITBA/embebidos/embededClient/ArduinoCore/Release/libArduinoCore.a(HardwareSerial.o)
HardwareSerial::begin(unsigned long)              /home/jpose/Dropbox/ITBA/embebidos/embededClient/ArduinoCore/Release/libArduinoCore.a(HardwareSerial.o)
                                                  ./src/main.o
HardwareSerial::end()                             /home/jpose/Dropbox/ITBA/embebidos/embededClient/ArduinoCore/Release/libArduinoCore.a(HardwareSerial.o)
HardwareSerial::flush()                           /home/jpose/Dropbox/ITBA/embebidos/embededClient/ArduinoCore/Release/libArduinoCore.a(HardwareSerial.o)
HardwareSerial::operator bool()                   /home/jpose/Dropbox/ITBA/embebidos/embededClient/ArduinoCore/Release/libArduinoCore.a(HardwareSerial.o)
HardwareSerial::peek()                            /home/jpose/Dropbox/ITBA/embebidos/embededClient/ArduinoCore/Release/libArduinoCore.a(HardwareSerial.o)
HardwareSerial::read()                            /home/jpose/Dropbox/ITBA/embebidos/embededClient/ArduinoCore/Release/libArduinoCore.a(HardwareSerial.o)
HardwareSerial::write(unsigned char)              /home/jpose/Dropbox/ITBA/embebidos/embededClient/ArduinoCore/Release/libArduinoCore.a(HardwareSerial.o)
IPAddress::IPAddress()                            /home/jpose/Dropbox/ITBA/embebidos/embededClient/ArduinoCore/Release/libArduinoCore.a(IPAddress.o)
IPAddress::IPAddress()                            /home/jpose/Dropbox/ITBA/embebidos/embededClient/ArduinoCore/Release/libArduinoCore.a(IPAddress.o)
                                                  /home/jpose/Dropbox/ITBA/embebidos/embededClient/ArduinoCore/Release/libArduinoCore.a(EthernetUdp.o)
                                                  /home/jpose/Dropbox/ITBA/embebidos/embededClient/ArduinoCore/Release/libArduinoCore.a(EthernetClient.o)
                                                  /home/jpose/Dropbox/ITBA/embebidos/embededClient/ArduinoCore/Release/libArduinoCore.a(Ethernet.o)
IPAddress::IPAddress(unsigned char const*)        /home/jpose/Dropbox/ITBA/embebidos/embededClient/ArduinoCore/Release/libArduinoCore.a(IPAddress.o)
                                                  /home/jpose/Dropbox/ITBA/embebidos/embededClient/ArduinoCore/Release/libArduinoCore.a(Dhcp.o)
IPAddress::IPAddress(unsigned char const*)        /home/jpose/Dropbox/ITBA/embebidos/embededClient/ArduinoCore/Release/libArduinoCore.a(IPAddress.o)
IPAddress::IPAddress(unsigned char, unsigned char, unsigned char, unsigned char) /home/jpose/Dropbox/ITBA/embebidos/embededClient/ArduinoCore/Release/libArduinoCore.a(IPAddress.o)
                                                  /home/jpose/Dropbox/ITBA/embebidos/embededClient/ArduinoCore/Release/libArduinoCore.a(Dns.o)
                                                  /home/jpose/Dropbox/ITBA/embebidos/embededClient/ArduinoCore/Release/libArduinoCore.a(Dhcp.o)
                                                  /home/jpose/Dropbox/ITBA/embebidos/embededClient/ArduinoCore/Release/libArduinoCore.a(EthernetUdp.o)
                                                  /home/jpose/Dropbox/ITBA/embebidos/embededClient/ArduinoCore/Release/libArduinoCore.a(EthernetServer.o)
                                                  /home/jpose/Dropbox/ITBA/embebidos/embededClient/ArduinoCore/Release/libArduinoCore.a(EthernetClient.o)
                                                  /home/jpose/Dropbox/ITBA/embebidos/embededClient/ArduinoCore/Release/libArduinoCore.a(Ethernet.o)
                                                  ./src/main.o
                                                  ./src/infoModule.o
                                                  ./src/commandModule.o
                                                  ./src/SensorModule.o
IPAddress::IPAddress(unsigned char, unsigned char, unsigned char, unsigned char) /home/jpose/Dropbox/ITBA/embebidos/embededClient/ArduinoCore/Release/libArduinoCore.a(IPAddress.o)
IPAddress::IPAddress(unsigned long)               /home/jpose/Dropbox/ITBA/embebidos/embededClient/ArduinoCore/Release/libArduinoCore.a(IPAddress.o)
IPAddress::IPAddress(unsigned long)               /home/jpose/Dropbox/ITBA/embebidos/embededClient/ArduinoCore/Release/libArduinoCore.a(IPAddress.o)
IPAddress::operator=(unsigned char const*)        /home/jpose/Dropbox/ITBA/embebidos/embededClient/ArduinoCore/Release/libArduinoCore.a(IPAddress.o)
                                                  /home/jpose/Dropbox/ITBA/embebidos/embededClient/ArduinoCore/Release/libArduinoCore.a(EthernetUdp.o)
IPAddress::operator=(unsigned long)               /home/jpose/Dropbox/ITBA/embebidos/embededClient/ArduinoCore/Release/libArduinoCore.a(IPAddress.o)
IPAddress::operator==(unsigned char const*)       /home/jpose/Dropbox/ITBA/embebidos/embededClient/ArduinoCore/Release/libArduinoCore.a(IPAddress.o)
IPAddress::printTo(Print&) const                  /home/jpose/Dropbox/ITBA/embebidos/embededClient/ArduinoCore/Release/libArduinoCore.a(IPAddress.o)
Print::print(Printable const&)                    /home/jpose/Dropbox/ITBA/embebidos/embededClient/ArduinoCore/Release/libArduinoCore.a(Print.o)
Print::print(String const&)                       /home/jpose/Dropbox/ITBA/embebidos/embededClient/ArduinoCore/Release/libArduinoCore.a(Print.o)
Print::print(__FlashStringHelper const*)          /home/jpose/Dropbox/ITBA/embebidos/embededClient/ArduinoCore/Release/libArduinoCore.a(Print.o)
Print::print(char const*)                         /home/jpose/Dropbox/ITBA/embebidos/embededClient/ArduinoCore/Release/libArduinoCore.a(Print.o)
Print::print(char)                                /home/jpose/Dropbox/ITBA/embebidos/embededClient/ArduinoCore/Release/libArduinoCore.a(Print.o)
                                                  /home/jpose/Dropbox/ITBA/embebidos/embededClient/ArduinoCore/Release/libArduinoCore.a(IPAddress.o)
Print::print(double, int)                         /home/jpose/Dropbox/ITBA/embebidos/embededClient/ArduinoCore/Release/libArduinoCore.a(Print.o)
Print::print(int, int)                            /home/jpose/Dropbox/ITBA/embebidos/embededClient/ArduinoCore/Release/libArduinoCore.a(Print.o)
Print::print(long, int)                           /home/jpose/Dropbox/ITBA/embebidos/embededClient/ArduinoCore/Release/libArduinoCore.a(Print.o)
Print::print(unsigned char, int)                  /home/jpose/Dropbox/ITBA/embebidos/embededClient/ArduinoCore/Release/libArduinoCore.a(Print.o)
                                                  /home/jpose/Dropbox/ITBA/embebidos/embededClient/ArduinoCore/Release/libArduinoCore.a(IPAddress.o)
Print::print(unsigned int, int)                   /home/jpose/Dropbox/ITBA/embebidos/embededClient/ArduinoCore/Release/libArduinoCore.a(Print.o)
Print::print(unsigned long, int)                  /home/jpose/Dropbox/ITBA/embebidos/embededClient/ArduinoCore/Release/libArduinoCore.a(Print.o)
Print::printFloat(double, unsigned char)          /home/jpose/Dropbox/ITBA/embebidos/embededClient/ArduinoCore/Release/libArduinoCore.a(Print.o)
Print::printNumber(unsigned long, unsigned char)  /home/jpose/Dropbox/ITBA/embebidos/embededClient/ArduinoCore/Release/libArduinoCore.a(Print.o)
Print::println()                                  /home/jpose/Dropbox/ITBA/embebidos/embededClient/ArduinoCore/Release/libArduinoCore.a(Print.o)
Print::println(Printable const&)                  /home/jpose/Dropbox/ITBA/embebidos/embededClient/ArduinoCore/Release/libArduinoCore.a(Print.o)
Print::println(String const&)                     /home/jpose/Dropbox/ITBA/embebidos/embededClient/ArduinoCore/Release/libArduinoCore.a(Print.o)
Print::println(__FlashStringHelper const*)        /home/jpose/Dropbox/ITBA/embebidos/embededClient/ArduinoCore/Release/libArduinoCore.a(Print.o)
Print::println(char const*)                       /home/jpose/Dropbox/ITBA/embebidos/embededClient/ArduinoCore/Release/libArduinoCore.a(Print.o)
                                                  ./src/main.o
                                                  ./src/commandModule.o
                                                  ./src/SensorModule.o
Print::println(char)                              /home/jpose/Dropbox/ITBA/embebidos/embededClient/ArduinoCore/Release/libArduinoCore.a(Print.o)
Print::println(double, int)                       /home/jpose/Dropbox/ITBA/embebidos/embededClient/ArduinoCore/Release/libArduinoCore.a(Print.o)
Print::println(int, int)                          /home/jpose/Dropbox/ITBA/embebidos/embededClient/ArduinoCore/Release/libArduinoCore.a(Print.o)
Print::println(long, int)                         /home/jpose/Dropbox/ITBA/embebidos/embededClient/ArduinoCore/Release/libArduinoCore.a(Print.o)
Print::println(unsigned char, int)                /home/jpose/Dropbox/ITBA/embebidos/embededClient/ArduinoCore/Release/libArduinoCore.a(Print.o)
Print::println(unsigned int, int)                 /home/jpose/Dropbox/ITBA/embebidos/embededClient/ArduinoCore/Release/libArduinoCore.a(Print.o)
Print::println(unsigned long, int)                /home/jpose/Dropbox/ITBA/embebidos/embededClient/ArduinoCore/Release/libArduinoCore.a(Print.o)
Print::write(char const*)                         /home/jpose/Dropbox/ITBA/embebidos/embededClient/ArduinoCore/Release/libArduinoCore.a(Print.o)
Print::write(unsigned char const*, unsigned int)  /home/jpose/Dropbox/ITBA/embebidos/embededClient/ArduinoCore/Release/libArduinoCore.a(Print.o)
                                                  /home/jpose/Dropbox/ITBA/embebidos/embededClient/ArduinoCore/Release/libArduinoCore.a(HardwareSerial.o)
                                                  /home/jpose/Dropbox/ITBA/embebidos/embededClient/ArduinoCore/Release/libArduinoCore.a(EthernetUdp.o)
                                                  /home/jpose/Dropbox/ITBA/embebidos/embededClient/ArduinoCore/Release/libArduinoCore.a(EthernetServer.o)
                                                  /home/jpose/Dropbox/ITBA/embebidos/embededClient/ArduinoCore/Release/libArduinoCore.a(EthernetClient.o)
SPI                                               /home/jpose/Dropbox/ITBA/embebidos/embededClient/ArduinoCore/Release/libArduinoCore.a(SPI.o)
SPIClass::begin()                                 /home/jpose/Dropbox/ITBA/embebidos/embededClient/ArduinoCore/Release/libArduinoCore.a(SPI.o)
                                                  /home/jpose/Dropbox/ITBA/embebidos/embededClient/ArduinoCore/Release/libArduinoCore.a(w5100.o)
SPIClass::end()                                   /home/jpose/Dropbox/ITBA/embebidos/embededClient/ArduinoCore/Release/libArduinoCore.a(SPI.o)
SPIClass::setBitOrder(unsigned char)              /home/jpose/Dropbox/ITBA/embebidos/embededClient/ArduinoCore/Release/libArduinoCore.a(SPI.o)
SPIClass::setClockDivider(unsigned char)          /home/jpose/Dropbox/ITBA/embebidos/embededClient/ArduinoCore/Release/libArduinoCore.a(SPI.o)
SPIClass::setDataMode(unsigned char)              /home/jpose/Dropbox/ITBA/embebidos/embededClient/ArduinoCore/Release/libArduinoCore.a(SPI.o)
SPIClass::transfer(unsigned char)                 /home/jpose/Dropbox/ITBA/embebidos/embededClient/ArduinoCore/Release/libArduinoCore.a(w5100.o)
Serial                                            /home/jpose/Dropbox/ITBA/embebidos/embededClient/ArduinoCore/Release/libArduinoCore.a(HardwareSerial.o)
                                                  ./src/main.o
                                                  ./src/commandModule.o
                                                  ./src/SensorModule.o
String::String(String const&)                     /home/jpose/Dropbox/ITBA/embebidos/embededClient/ArduinoCore/Release/libArduinoCore.a(WString.o)
String::String(String const&)                     /home/jpose/Dropbox/ITBA/embebidos/embededClient/ArduinoCore/Release/libArduinoCore.a(WString.o)
String::String(char const*)                       /home/jpose/Dropbox/ITBA/embebidos/embededClient/ArduinoCore/Release/libArduinoCore.a(WString.o)
String::String(char const*)                       /home/jpose/Dropbox/ITBA/embebidos/embededClient/ArduinoCore/Release/libArduinoCore.a(WString.o)
String::String(char)                              /home/jpose/Dropbox/ITBA/embebidos/embededClient/ArduinoCore/Release/libArduinoCore.a(WString.o)
String::String(char)                              /home/jpose/Dropbox/ITBA/embebidos/embededClient/ArduinoCore/Release/libArduinoCore.a(WString.o)
String::String(int, unsigned char)                /home/jpose/Dropbox/ITBA/embebidos/embededClient/ArduinoCore/Release/libArduinoCore.a(WString.o)
String::String(int, unsigned char)                /home/jpose/Dropbox/ITBA/embebidos/embededClient/ArduinoCore/Release/libArduinoCore.a(WString.o)
String::String(long, unsigned char)               /home/jpose/Dropbox/ITBA/embebidos/embededClient/ArduinoCore/Release/libArduinoCore.a(WString.o)
String::String(long, unsigned char)               /home/jpose/Dropbox/ITBA/embebidos/embededClient/ArduinoCore/Release/libArduinoCore.a(WString.o)
String::String(unsigned char, unsigned char)      /home/jpose/Dropbox/ITBA/embebidos/embededClient/ArduinoCore/Release/libArduinoCore.a(WString.o)
String::String(unsigned char, unsigned char)      /home/jpose/Dropbox/ITBA/embebidos/embededClient/ArduinoCore/Release/libArduinoCore.a(WString.o)
String::String(unsigned int, unsigned char)       /home/jpose/Dropbox/ITBA/embebidos/embededClient/ArduinoCore/Release/libArduinoCore.a(WString.o)
String::String(unsigned int, unsigned char)       /home/jpose/Dropbox/ITBA/embebidos/embededClient/ArduinoCore/Release/libArduinoCore.a(WString.o)
String::String(unsigned long, unsigned char)      /home/jpose/Dropbox/ITBA/embebidos/embededClient/ArduinoCore/Release/libArduinoCore.a(WString.o)
String::String(unsigned long, unsigned char)      /home/jpose/Dropbox/ITBA/embebidos/embededClient/ArduinoCore/Release/libArduinoCore.a(WString.o)
String::changeBuffer(unsigned int)                /home/jpose/Dropbox/ITBA/embebidos/embededClient/ArduinoCore/Release/libArduinoCore.a(WString.o)
String::charAt(unsigned int) const                /home/jpose/Dropbox/ITBA/embebidos/embededClient/ArduinoCore/Release/libArduinoCore.a(WString.o)
String::compareTo(String const&) const            /home/jpose/Dropbox/ITBA/embebidos/embededClient/ArduinoCore/Release/libArduinoCore.a(WString.o)
String::concat(String const&)                     /home/jpose/Dropbox/ITBA/embebidos/embededClient/ArduinoCore/Release/libArduinoCore.a(WString.o)
String::concat(char const*)                       /home/jpose/Dropbox/ITBA/embebidos/embededClient/ArduinoCore/Release/libArduinoCore.a(WString.o)
String::concat(char const*, unsigned int)         /home/jpose/Dropbox/ITBA/embebidos/embededClient/ArduinoCore/Release/libArduinoCore.a(WString.o)
String::concat(char)                              /home/jpose/Dropbox/ITBA/embebidos/embededClient/ArduinoCore/Release/libArduinoCore.a(WString.o)
String::concat(int)                               /home/jpose/Dropbox/ITBA/embebidos/embededClient/ArduinoCore/Release/libArduinoCore.a(WString.o)
String::concat(long)                              /home/jpose/Dropbox/ITBA/embebidos/embededClient/ArduinoCore/Release/libArduinoCore.a(WString.o)
String::concat(unsigned char)                     /home/jpose/Dropbox/ITBA/embebidos/embededClient/ArduinoCore/Release/libArduinoCore.a(WString.o)
String::concat(unsigned int)                      /home/jpose/Dropbox/ITBA/embebidos/embededClient/ArduinoCore/Release/libArduinoCore.a(WString.o)
String::concat(unsigned long)                     /home/jpose/Dropbox/ITBA/embebidos/embededClient/ArduinoCore/Release/libArduinoCore.a(WString.o)
String::copy(char const*, unsigned int)           /home/jpose/Dropbox/ITBA/embebidos/embededClient/ArduinoCore/Release/libArduinoCore.a(WString.o)
String::endsWith(String const&) const             /home/jpose/Dropbox/ITBA/embebidos/embededClient/ArduinoCore/Release/libArduinoCore.a(WString.o)
String::equals(String const&) const               /home/jpose/Dropbox/ITBA/embebidos/embededClient/ArduinoCore/Release/libArduinoCore.a(WString.o)
String::equals(char const*) const                 /home/jpose/Dropbox/ITBA/embebidos/embededClient/ArduinoCore/Release/libArduinoCore.a(WString.o)
String::equalsIgnoreCase(String const&) const     /home/jpose/Dropbox/ITBA/embebidos/embededClient/ArduinoCore/Release/libArduinoCore.a(WString.o)
String::getBytes(unsigned char*, unsigned int, unsigned int) const /home/jpose/Dropbox/ITBA/embebidos/embededClient/ArduinoCore/Release/libArduinoCore.a(WString.o)
String::indexOf(String const&) const              /home/jpose/Dropbox/ITBA/embebidos/embededClient/ArduinoCore/Release/libArduinoCore.a(WString.o)
String::indexOf(String const&, unsigned int) const /home/jpose/Dropbox/ITBA/embebidos/embededClient/ArduinoCore/Release/libArduinoCore.a(WString.o)
String::indexOf(char) const                       /home/jpose/Dropbox/ITBA/embebidos/embededClient/ArduinoCore/Release/libArduinoCore.a(WString.o)
String::indexOf(char, unsigned int) const         /home/jpose/Dropbox/ITBA/embebidos/embededClient/ArduinoCore/Release/libArduinoCore.a(WString.o)
String::invalidate()                              /home/jpose/Dropbox/ITBA/embebidos/embededClient/ArduinoCore/Release/libArduinoCore.a(WString.o)
String::lastIndexOf(String const&) const          /home/jpose/Dropbox/ITBA/embebidos/embededClient/ArduinoCore/Release/libArduinoCore.a(WString.o)
String::lastIndexOf(String const&, unsigned int) const /home/jpose/Dropbox/ITBA/embebidos/embededClient/ArduinoCore/Release/libArduinoCore.a(WString.o)
String::lastIndexOf(char) const                   /home/jpose/Dropbox/ITBA/embebidos/embededClient/ArduinoCore/Release/libArduinoCore.a(WString.o)
String::lastIndexOf(char, unsigned int) const     /home/jpose/Dropbox/ITBA/embebidos/embededClient/ArduinoCore/Release/libArduinoCore.a(WString.o)