Archive member included because of file (symbol)

/usr/lib/gcc/avr/4.3.4/avr5/libgcc.a(_divmodhi4.o)
                              ./ej1/ej1.o (__divmodhi4)
/usr/lib/gcc/avr/4.3.4/avr5/libgcc.a(_exit.o)
                              /usr/lib/gcc/avr/4.3.4/../../../avr/lib/avr5/crtm644.o (exit)
/usr/lib/gcc/avr/4.3.4/avr5/libgcc.a(_copy_data.o)
                              ./ej1/ej1.o (__do_copy_data)
/usr/lib/gcc/avr/4.3.4/avr5/libgcc.a(_clear_bss.o)
                              ./ej1/ej1.o (__do_clear_bss)
/usr/lib/gcc/avr/4.3.4/avr5/libgcc.a(_udivmodhi4.o)
                              /usr/lib/gcc/avr/4.3.4/avr5/libgcc.a(_divmodhi4.o) (__udivmodhi4)
/usr/lib/gcc/avr/4.3.4/../../../avr/lib/avr5/libc.a(itoa.o)
                              ./ej1/ej1.o (itoa)
/usr/lib/gcc/avr/4.3.4/../../../avr/lib/avr5/libc.a(strrev.o)
                              /usr/lib/gcc/avr/4.3.4/../../../avr/lib/avr5/libc.a(itoa.o) (strrev)

Allocating common symbols
Common symbol       size              file

showingMode         0x1               ./ej1/ej1.o
running             0x2               ./ej1/ej1.o
showHours           0x2               ./ej1/ej1.o
segs                0x2               ./ej1/ej1.o
showSegs            0x2               ./ej1/ej1.o
mins                0x2               ./ej1/ej1.o
showMins            0x2               ./ej1/ej1.o
hours               0x2               ./ej1/ej1.o

Memory Configuration

Name             Origin             Length             Attributes
text             0x00000000         0x00020000         xr
data             0x00800060         0x0000ffa0         rw !x
eeprom           0x00810000         0x00010000         rw !x
fuse             0x00820000         0x00000400         rw !x
lock             0x00830000         0x00000400         rw !x
signature        0x00840000         0x00000400         rw !x
*default*        0x00000000         0xffffffff

Linker script and memory map

Address of section .data set to 0x800100
LOAD /usr/lib/gcc/avr/4.3.4/../../../avr/lib/avr5/crtm644.o
LOAD ./ej1/ej1.o
LOAD ./EEPROM.o
LOAD ./Leds.o
LOAD ./Switches.o
LOAD ./Timer1.o
LOAD ./USART.o
LOAD ./main.o
LOAD /usr/lib/gcc/avr/4.3.4/avr5/libgcc.a
LOAD /usr/lib/gcc/avr/4.3.4/../../../avr/lib/avr5/libc.a
LOAD /usr/lib/gcc/avr/4.3.4/avr5/libgcc.a

.hash
 *(.hash)

.dynsym
 *(.dynsym)

.dynstr
 *(.dynstr)

.gnu.version
 *(.gnu.version)

.gnu.version_d
 *(.gnu.version_d)

.gnu.version_r
 *(.gnu.version_r)

.rel.init
 *(.rel.init)

.rela.init
 *(.rela.init)

.rel.text
 *(.rel.text)
 *(.rel.text.*)
 *(.rel.gnu.linkonce.t*)

.rela.text
 *(.rela.text)
 *(.rela.text.*)
 *(.rela.gnu.linkonce.t*)

.rel.fini
 *(.rel.fini)

.rela.fini
 *(.rela.fini)

.rel.rodata
 *(.rel.rodata)
 *(.rel.rodata.*)
 *(.rel.gnu.linkonce.r*)

.rela.rodata
 *(.rela.rodata)
 *(.rela.rodata.*)
 *(.rela.gnu.linkonce.r*)

.rel.data
 *(.rel.data)
 *(.rel.data.*)
 *(.rel.gnu.linkonce.d*)

.rela.data
 *(.rela.data)
 *(.rela.data.*)
 *(.rela.gnu.linkonce.d*)

.rel.ctors
 *(.rel.ctors)

.rela.ctors
 *(.rela.ctors)

.rel.dtors
 *(.rel.dtors)

.rela.dtors
 *(.rela.dtors)

.rel.got
 *(.rel.got)

.rela.got
 *(.rela.got)

.rel.bss
 *(.rel.bss)

.rela.bss
 *(.rela.bss)

.rel.plt
 *(.rel.plt)

.rela.plt
 *(.rela.plt)

.text           0x00000000      0xa60
 *(.vectors)
 .vectors       0x00000000       0x70 /usr/lib/gcc/avr/4.3.4/../../../avr/lib/avr5/crtm644.o
                0x00000000                __vectors
                0x00000000                __vector_default
 *(.vectors)
 *(.progmem.gcc*)
 *(.progmem*)
                0x00000070                . = ALIGN (0x2)
                0x00000070                __trampolines_start = .
 *(.trampolines)
 .trampolines   0x00000070        0x0 linker stubs
 *(.trampolines*)
                0x00000070                __trampolines_end = .
 *(.jumptables)
 *(.jumptables*)
 *(.lowtext)
 *(.lowtext*)
                0x00000070                __ctors_start = .
 *(.ctors)
                0x00000070                __ctors_end = .
                0x00000070                __dtors_start = .
 *(.dtors)
                0x00000070                __dtors_end = .
 SORT(*)(.ctors)
 SORT(*)(.dtors)
 *(.init0)
 .init0         0x00000070        0x0 /usr/lib/gcc/avr/4.3.4/../../../avr/lib/avr5/crtm644.o
                0x00000070                __init
 *(.init0)
 *(.init1)
 *(.init1)
 *(.init2)
 .init2         0x00000070        0xc /usr/lib/gcc/avr/4.3.4/../../../avr/lib/avr5/crtm644.o
 *(.init2)
 *(.init3)
 *(.init3)
 *(.init4)
 .init4         0x0000007c       0x16 /usr/lib/gcc/avr/4.3.4/avr5/libgcc.a(_copy_data.o)
                0x0000007c                __do_copy_data
 .init4         0x00000092       0x10 /usr/lib/gcc/avr/4.3.4/avr5/libgcc.a(_clear_bss.o)
                0x00000092                __do_clear_bss
 *(.init4)
 *(.init5)
 *(.init5)
 *(.init6)
 *(.init6)
 *(.init7)
 *(.init7)
 *(.init8)
 *(.init8)
 *(.init9)
 .init9         0x000000a2        0x8 /usr/lib/gcc/avr/4.3.4/../../../avr/lib/avr5/crtm644.o
 *(.init9)
 *(.text)
 .text          0x000000aa        0x4 /usr/lib/gcc/avr/4.3.4/../../../avr/lib/avr5/crtm644.o
                0x000000aa                __vector_22
                0x000000aa                __vector_1
                0x000000aa                __vector_24
                0x000000aa                __vector_12
                0x000000aa                __bad_interrupt
                0x000000aa                __vector_6
                0x000000aa                __vector_3
                0x000000aa                __vector_23
                0x000000aa                __vector_25
                0x000000aa                __vector_11
                0x000000aa                __vector_17
                0x000000aa                __vector_19
                0x000000aa                __vector_27
                0x000000aa                __vector_5
                0x000000aa                __vector_4
                0x000000aa                __vector_9
                0x000000aa                __vector_2
                0x000000aa                __vector_21
                0x000000aa                __vector_15
                0x000000aa                __vector_8
                0x000000aa                __vector_26
                0x000000aa                __vector_14
                0x000000aa                __vector_10
                0x000000aa                __vector_16
                0x000000aa                __vector_18
                0x000000aa                __vector_20
 .text          0x000000ae      0x510 ./ej1/ej1.o
                0x000000ae                __vector_13
                0x00000172                __vector_7
                0x000002c0                save
                0x00000312                newSeg
                0x000003dc                swsPlus
                0x000004b0                swsMinus
                0x00000584                generalConfig
                0x000005a4                ej1
 .text          0x000005be      0x128 ./EEPROM.o
                0x000005be                EEPROM_write
                0x0000061e                EEPROM_read
                0x00000668                EEPROM_write_string
 .text          0x000006e6      0x172 ./Leds.o
                0x000006e6                configureLeds
                0x00000704                turnOn
                0x00000776                turnOff
                0x000007c2                toggle
                0x0000080e                ledsOff
                0x00000824                ledsOn
                0x00000838                setLeds
 .text          0x00000858       0x26 ./Switches.o
                0x00000858                configureSwitches
 .text          0x0000087e       0x38 ./Timer1.o
                0x0000087e                configureTimer1
 .text          0x000008b6       0xe0 ./USART.o
                0x000008b6                USART_Init
                0x000008f4                USART_Transmit
                0x00000922                USART_Receive
                0x00000940                USART_SendString
 .text          0x00000996       0x16 ./main.o
                0x00000996                main
 .text          0x000009ac        0x0 /usr/lib/gcc/avr/4.3.4/avr5/libgcc.a(_divmodhi4.o)
 .text          0x000009ac        0x0 /usr/lib/gcc/avr/4.3.4/avr5/libgcc.a(_exit.o)
 .text          0x000009ac        0x0 /usr/lib/gcc/avr/4.3.4/avr5/libgcc.a(_copy_data.o)
 .text          0x000009ac        0x0 /usr/lib/gcc/avr/4.3.4/avr5/libgcc.a(_clear_bss.o)
 .text          0x000009ac        0x0 /usr/lib/gcc/avr/4.3.4/avr5/libgcc.a(_udivmodhi4.o)
 .text          0x000009ac        0x0 /usr/lib/gcc/avr/4.3.4/../../../avr/lib/avr5/libc.a(itoa.o)
 .text          0x000009ac        0x0 /usr/lib/gcc/avr/4.3.4/../../../avr/lib/avr5/libc.a(strrev.o)
                0x000009ac                . = ALIGN (0x2)
 *(.text.*)
 .text.libgcc   0x000009ac       0x26 /usr/lib/gcc/avr/4.3.4/avr5/libgcc.a(_divmodhi4.o)
                0x000009ac                __divmodhi4
                0x000009ac                _div
 .text.libgcc   0x000009d2        0x0 /usr/lib/gcc/avr/4.3.4/avr5/libgcc.a(_exit.o)
 .text.libgcc   0x000009d2        0x0 /usr/lib/gcc/avr/4.3.4/avr5/libgcc.a(_copy_data.o)
 .text.libgcc   0x000009d2        0x0 /usr/lib/gcc/avr/4.3.4/avr5/libgcc.a(_clear_bss.o)
 .text.libgcc   0x000009d2       0x28 /usr/lib/gcc/avr/4.3.4/avr5/libgcc.a(_udivmodhi4.o)
                0x000009d2                __udivmodhi4
 .text.avr-libc
                0x000009fa       0x42 /usr/lib/gcc/avr/4.3.4/../../../avr/lib/avr5/libc.a(itoa.o)
                0x000009fa                itoa
 .text.avr-libc
                0x00000a3c       0x20 /usr/lib/gcc/avr/4.3.4/../../../avr/lib/avr5/libc.a(strrev.o)
                0x00000a3c                strrev
                0x00000a5c                . = ALIGN (0x2)
 *(.fini9)
 .fini9         0x00000a5c        0x0 /usr/lib/gcc/avr/4.3.4/avr5/libgcc.a(_exit.o)
                0x00000a5c                exit
                0x00000a5c                _exit
 *(.fini9)
 *(.fini8)
 *(.fini8)
 *(.fini7)
 *(.fini7)
 *(.fini6)
 *(.fini6)
 *(.fini5)
 *(.fini5)
 *(.fini4)
 *(.fini4)
 *(.fini3)
 *(.fini3)
 *(.fini2)
 *(.fini2)
 *(.fini1)
 *(.fini1)
 *(.fini0)
 .fini0         0x00000a5c        0x4 /usr/lib/gcc/avr/4.3.4/avr5/libgcc.a(_exit.o)
 *(.fini0)
                0x00000a60                _etext = .

.data           0x00800100        0xc load address 0x00000a60
                0x00800100                PROVIDE (__data_start, .)
 *(.data)
 .data          0x00800100        0x0 /usr/lib/gcc/avr/4.3.4/../../../avr/lib/avr5/crtm644.o
 .data          0x00800100        0x6 ./ej1/ej1.o
                0x00800100                segsAddr
                0x00800102                minsAddr
                0x00800104                hoursAddr
 .data          0x00800106        0x0 ./EEPROM.o
 .data          0x00800106        0x0 ./Leds.o
 .data          0x00800106        0x0 ./Switches.o
 .data          0x00800106        0x0 ./Timer1.o
 .data          0x00800106        0x0 ./USART.o
 .data          0x00800106        0x6 ./main.o
 .data          0x0080010c        0x0 /usr/lib/gcc/avr/4.3.4/avr5/libgcc.a(_divmodhi4.o)
 .data          0x0080010c        0x0 /usr/lib/gcc/avr/4.3.4/avr5/libgcc.a(_exit.o)
 .data          0x0080010c        0x0 /usr/lib/gcc/avr/4.3.4/avr5/libgcc.a(_copy_data.o)
 .data          0x0080010c        0x0 /usr/lib/gcc/avr/4.3.4/avr5/libgcc.a(_clear_bss.o)
 .data          0x0080010c        0x0 /usr/lib/gcc/avr/4.3.4/avr5/libgcc.a(_udivmodhi4.o)
 .data          0x0080010c        0x0 /usr/lib/gcc/avr/4.3.4/../../../avr/lib/avr5/libc.a(itoa.o)
 .data          0x0080010c        0x0 /usr/lib/gcc/avr/4.3.4/../../../avr/lib/avr5/libc.a(strrev.o)
 *(.data*)
 *(.rodata)
 *(.rodata*)
 *(.gnu.linkonce.d*)
                0x0080010c                . = ALIGN (0x2)
                0x0080010c                _edata = .
                0x0080010c                PROVIDE (__data_end, .)

.bss            0x0080010c        0xf
                0x0080010c                PROVIDE (__bss_start, .)
 *(.bss)
 .bss           0x0080010c        0x0 /usr/lib/gcc/avr/4.3.4/../../../avr/lib/avr5/crtm644.o
 .bss           0x0080010c        0x0 ./ej1/ej1.o
 .bss           0x0080010c        0x0 ./EEPROM.o
 .bss           0x0080010c        0x0 ./Leds.o
 .bss           0x0080010c        0x0 ./Switches.o
 .bss           0x0080010c        0x0 ./Timer1.o
 .bss           0x0080010c        0x0 ./USART.o
 .bss           0x0080010c        0x0 ./main.o
 .bss           0x0080010c        0x0 /usr/lib/gcc/avr/4.3.4/avr5/libgcc.a(_divmodhi4.o)
 .bss           0x0080010c        0x0 /usr/lib/gcc/avr/4.3.4/avr5/libgcc.a(_exit.o)
 .bss           0x0080010c        0x0 /usr/lib/gcc/avr/4.3.4/avr5/libgcc.a(_copy_data.o)
 .bss           0x0080010c        0x0 /usr/lib/gcc/avr/4.3.4/avr5/libgcc.a(_clear_bss.o)
 .bss           0x0080010c        0x0 /usr/lib/gcc/avr/4.3.4/avr5/libgcc.a(_udivmodhi4.o)
 .bss           0x0080010c        0x0 /usr/lib/gcc/avr/4.3.4/../../../avr/lib/avr5/libc.a(itoa.o)
 .bss           0x0080010c        0x0 /usr/lib/gcc/avr/4.3.4/../../../avr/lib/avr5/libc.a(strrev.o)
 *(.bss*)
 *(COMMON)
 COMMON         0x0080010c        0xf ./ej1/ej1.o
                0x0080010c                showingMode
                0x0080010d                running
                0x0080010f                showHours
                0x00800111                segs
                0x00800113                showSegs
                0x00800115                mins
                0x00800117                showMins
                0x00800119                hours
                0x0080011b                PROVIDE (__bss_end, .)
                0x00000a60                __data_load_start = LOADADDR (.data)
                0x00000a6c                __data_load_end = (__data_load_start + SIZEOF (.data))

.noinit         0x0080011b        0x0
                0x0080011b                PROVIDE (__noinit_start, .)
 *(.noinit*)
                0x0080011b                PROVIDE (__noinit_end, .)
                0x0080011b                _end = .
                0x0080011b                PROVIDE (__heap_start, .)

.eeprom         0x00810000        0x0
 *(.eeprom*)
                0x00810000                __eeprom_end = .

.fuse
 *(.fuse)
 *(.lfuse)
 *(.hfuse)
 *(.efuse)

.lock
 *(.lock*)

.signature
 *(.signature*)

.stab           0x00000000     0x1efc
 *(.stab)
 .stab          0x00000000      0x6b4 /usr/lib/gcc/avr/4.3.4/../../../avr/lib/avr5/crtm644.o
 .stab          0x000006b4      0x7a4 ./ej1/ej1.o
                                0x7b0 (size before relaxing)
 .stab          0x00000e58      0x2ac ./EEPROM.o
                                0x468 (size before relaxing)
 .stab          0x00001104      0x39c ./Leds.o
                                0x558 (size before relaxing)
 .stab          0x000014a0      0x180 ./Switches.o
                                0x33c (size before relaxing)
 .stab          0x00001620      0x1a4 ./Timer1.o
                                0x36c (size before relaxing)
 .stab          0x000017c4      0x288 ./USART.o
                                0x444 (size before relaxing)
 .stab          0x00001a4c      0x228 ./main.o
                                0x450 (size before relaxing)
 .stab          0x00001c74      0x1b0 /usr/lib/gcc/avr/4.3.4/../../../avr/lib/avr5/libc.a(itoa.o)
                                0x1bc (size before relaxing)
 .stab          0x00001e24       0xd8 /usr/lib/gcc/avr/4.3.4/../../../avr/lib/avr5/libc.a(strrev.o)
                                 0xe4 (size before relaxing)

.stabstr        0x00000000      0xcf8
 *(.stabstr)
 .stabstr       0x00000000      0xcf8 /usr/lib/gcc/avr/4.3.4/../../../avr/lib/avr5/crtm644.o

.stab.excl
 *(.stab.excl)

.stab.exclstr
 *(.stab.exclstr)

.stab.index
 *(.stab.index)

.stab.indexstr
 *(.stab.indexstr)

.comment
 *(.comment)

.debug
 *(.debug)

.line
 *(.line)

.debug_srcinfo
 *(.debug_srcinfo)

.debug_sfnames
 *(.debug_sfnames)

.debug_aranges
 *(.debug_aranges)

.debug_pubnames
 *(.debug_pubnames)

.debug_info
 *(.debug_info)
 *(.gnu.linkonce.wi.*)

.debug_abbrev
 *(.debug_abbrev)

.debug_line
 *(.debug_line)

.debug_frame
 *(.debug_frame)

.debug_str
 *(.debug_str)

.debug_loc
 *(.debug_loc)

.debug_macinfo
 *(.debug_macinfo)
OUTPUT(tp4.elf elf32-avr)
LOAD linker stubs
