Archive member included because of file (symbol)

/usr/lib/gcc/avr/4.7.0/avr5/libgcc.a(_divmodhi4.o)
                              ./ej3.o (__divmodhi4)
/usr/lib/gcc/avr/4.7.0/avr5/libgcc.a(_exit.o)
                              /usr/lib/gcc/avr/4.7.0/../../../avr/lib/avr5/crtm644.o (exit)
/usr/lib/gcc/avr/4.7.0/avr5/libgcc.a(_clear_bss.o)
                              ./ej3.o (__do_clear_bss)
/usr/lib/gcc/avr/4.7.0/avr5/libgcc.a(_udivmodhi4.o)
                              /usr/lib/gcc/avr/4.7.0/avr5/libgcc.a(_divmodhi4.o) (__udivmodhi4)

Allocating common symbols
Common symbol       size              file

showingMode         0x1               ./ej3.o
running             0x2               ./ej3.o
showHours           0x2               ./ej3.o
segs                0x2               ./ej3.o
showSegs            0x2               ./ej3.o
mins                0x2               ./ej3.o
showMins            0x2               ./ej3.o
hours               0x2               ./ej3.o

Memory Configuration

Name             Origin             Length             Attributes
text             0x00000000         0x00020000         xr
data             0x00800060         0x0000ffa0         rw !x
eeprom           0x00810000         0x00010000         rw !x
fuse             0x00820000         0x00000400         rw !x
lock             0x00830000         0x00000400         rw !x
signature        0x00840000         0x00000400         rw !x
*default*        0x00000000         0xffffffff

Linker script and memory map

Address of section .data set to 0x800100
LOAD /usr/lib/gcc/avr/4.7.0/../../../avr/lib/avr5/crtm644.o
LOAD ./ej3.o
LOAD ./main.o
LOAD /usr/lib/gcc/avr/4.7.0/avr5/libgcc.a
LOAD /usr/lib/gcc/avr/4.7.0/../../../avr/lib/avr5/libc.a
LOAD /usr/lib/gcc/avr/4.7.0/avr5/libgcc.a

.hash
 *(.hash)

.dynsym
 *(.dynsym)

.dynstr
 *(.dynstr)

.gnu.version
 *(.gnu.version)

.gnu.version_d
 *(.gnu.version_d)

.gnu.version_r
 *(.gnu.version_r)

.rel.init
 *(.rel.init)

.rela.init
 *(.rela.init)

.rel.text
 *(.rel.text)
 *(.rel.text.*)
 *(.rel.gnu.linkonce.t*)

.rela.text
 *(.rela.text)
 *(.rela.text.*)
 *(.rela.gnu.linkonce.t*)

.rel.fini
 *(.rel.fini)

.rela.fini
 *(.rela.fini)

.rel.rodata
 *(.rel.rodata)
 *(.rel.rodata.*)
 *(.rel.gnu.linkonce.r*)

.rela.rodata
 *(.rela.rodata)
 *(.rela.rodata.*)
 *(.rela.gnu.linkonce.r*)

.rel.data
 *(.rel.data)
 *(.rel.data.*)
 *(.rel.gnu.linkonce.d*)

.rela.data
 *(.rela.data)
 *(.rela.data.*)
 *(.rela.gnu.linkonce.d*)

.rel.ctors
 *(.rel.ctors)

.rela.ctors
 *(.rela.ctors)

.rel.dtors
 *(.rel.dtors)

.rela.dtors
 *(.rela.dtors)

.rel.got
 *(.rel.got)

.rela.got
 *(.rela.got)

.rel.bss
 *(.rel.bss)

.rela.bss
 *(.rela.bss)

.rel.plt
 *(.rel.plt)

.rela.plt
 *(.rela.plt)

.text           0x00000000      0x3be
 *(.vectors)
 .vectors       0x00000000       0x70 /usr/lib/gcc/avr/4.7.0/../../../avr/lib/avr5/crtm644.o
                0x00000000                __vectors
                0x00000000                __vector_default
 *(.vectors)
 *(.progmem.gcc*)
 *(.progmem*)
                0x00000070                . = ALIGN (0x2)
                0x00000070                __trampolines_start = .
 *(.trampolines)
 .trampolines   0x00000070        0x0 linker stubs
 *(.trampolines*)
                0x00000070                __trampolines_end = .
 *(.jumptables)
 *(.jumptables*)
 *(.lowtext)
 *(.lowtext*)
                0x00000070                __ctors_start = .
 *(.ctors)
                0x00000070                __ctors_end = .
                0x00000070                __dtors_start = .
 *(.dtors)
                0x00000070                __dtors_end = .
 SORT(*)(.ctors)
 SORT(*)(.dtors)
 *(.init0)
 .init0         0x00000070        0x0 /usr/lib/gcc/avr/4.7.0/../../../avr/lib/avr5/crtm644.o
                0x00000070                __init
 *(.init0)
 *(.init1)
 *(.init1)
 *(.init2)
 .init2         0x00000070        0xc /usr/lib/gcc/avr/4.7.0/../../../avr/lib/avr5/crtm644.o
 *(.init2)
 *(.init3)
 *(.init3)
 *(.init4)
 .init4         0x0000007c       0x10 /usr/lib/gcc/avr/4.7.0/avr5/libgcc.a(_clear_bss.o)
                0x0000007c                __do_clear_bss
 *(.init4)
 *(.init5)
 *(.init5)
 *(.init6)
 *(.init6)
 *(.init7)
 *(.init7)
 *(.init8)
 *(.init8)
 *(.init9)
 .init9         0x0000008c        0x8 /usr/lib/gcc/avr/4.7.0/../../../avr/lib/avr5/crtm644.o
 *(.init9)
 *(.text)
 .text          0x00000094        0x4 /usr/lib/gcc/avr/4.7.0/../../../avr/lib/avr5/crtm644.o
                0x00000094                __vector_22
                0x00000094                __vector_1
                0x00000094                __vector_24
                0x00000094                __vector_12
                0x00000094                __bad_interrupt
                0x00000094                __vector_6
                0x00000094                __vector_3
                0x00000094                __vector_23
                0x00000094                __vector_25
                0x00000094                __vector_11
                0x00000094                __vector_17
                0x00000094                __vector_19
                0x00000094                __vector_27
                0x00000094                __vector_5
                0x00000094                __vector_4
                0x00000094                __vector_9
                0x00000094                __vector_2
                0x00000094                __vector_21
                0x00000094                __vector_15
                0x00000094                __vector_8
                0x00000094                __vector_26
                0x00000094                __vector_14
                0x00000094                __vector_10
                0x00000094                __vector_16
                0x00000094                __vector_18
                0x00000094                __vector_20
 .text          0x00000098      0x2c8 ./ej3.o
                0x00000098                newSeg
                0x000000f4                __vector_13
                0x0000016a                swsPlus
                0x000001dc                swsMinus
                0x0000024e                __vector_7
                0x00000302                configureTimer11
                0x00000322                configureSwitches
                0x00000330                configureInterruptions
                0x0000033c                generalConfig
                0x00000350                ej3
 .text          0x00000360        0x0 ./main.o
 .text          0x00000360        0x0 /usr/lib/gcc/avr/4.7.0/avr5/libgcc.a(_divmodhi4.o)
 .text          0x00000360        0x0 /usr/lib/gcc/avr/4.7.0/avr5/libgcc.a(_exit.o)
 .text          0x00000360        0x0 /usr/lib/gcc/avr/4.7.0/avr5/libgcc.a(_clear_bss.o)
 .text          0x00000360        0x0 /usr/lib/gcc/avr/4.7.0/avr5/libgcc.a(_udivmodhi4.o)
                0x00000360                . = ALIGN (0x2)
 *(.text.*)
 .text.startup  0x00000360        0xa ./main.o
                0x00000360                main
 .text.libgcc.mul
                0x0000036a        0x0 /usr/lib/gcc/avr/4.7.0/avr5/libgcc.a(_divmodhi4.o)
 .text.libgcc.div
                0x0000036a       0x28 /usr/lib/gcc/avr/4.7.0/avr5/libgcc.a(_divmodhi4.o)
                0x0000036a                __divmodhi4
                0x0000036a                _div
 .text.libgcc   0x00000392        0x0 /usr/lib/gcc/avr/4.7.0/avr5/libgcc.a(_divmodhi4.o)
 .text.libgcc.prologue
                0x00000392        0x0 /usr/lib/gcc/avr/4.7.0/avr5/libgcc.a(_divmodhi4.o)
 .text.libgcc.builtins
                0x00000392        0x0 /usr/lib/gcc/avr/4.7.0/avr5/libgcc.a(_divmodhi4.o)
 .text.libgcc.fmul
                0x00000392        0x0 /usr/lib/gcc/avr/4.7.0/avr5/libgcc.a(_divmodhi4.o)
 .text.libgcc.mul
                0x00000392        0x0 /usr/lib/gcc/avr/4.7.0/avr5/libgcc.a(_exit.o)
 .text.libgcc.div
                0x00000392        0x0 /usr/lib/gcc/avr/4.7.0/avr5/libgcc.a(_exit.o)
 .text.libgcc   0x00000392        0x0 /usr/lib/gcc/avr/4.7.0/avr5/libgcc.a(_exit.o)
 .text.libgcc.prologue
                0x00000392        0x0 /usr/lib/gcc/avr/4.7.0/avr5/libgcc.a(_exit.o)
 .text.libgcc.builtins
                0x00000392        0x0 /usr/lib/gcc/avr/4.7.0/avr5/libgcc.a(_exit.o)
 .text.libgcc.fmul
                0x00000392        0x0 /usr/lib/gcc/avr/4.7.0/avr5/libgcc.a(_exit.o)
 .text.libgcc.mul
                0x00000392        0x0 /usr/lib/gcc/avr/4.7.0/avr5/libgcc.a(_clear_bss.o)
 .text.libgcc.div
                0x00000392        0x0 /usr/lib/gcc/avr/4.7.0/avr5/libgcc.a(_clear_bss.o)
 .text.libgcc   0x00000392        0x0 /usr/lib/gcc/avr/4.7.0/avr5/libgcc.a(_clear_bss.o)
 .text.libgcc.prologue
                0x00000392        0x0 /usr/lib/gcc/avr/4.7.0/avr5/libgcc.a(_clear_bss.o)
 .text.libgcc.builtins
                0x00000392        0x0 /usr/lib/gcc/avr/4.7.0/avr5/libgcc.a(_clear_bss.o)
 .text.libgcc.fmul
                0x00000392        0x0 /usr/lib/gcc/avr/4.7.0/avr5/libgcc.a(_clear_bss.o)
 .text.libgcc.mul
                0x00000392        0x0 /usr/lib/gcc/avr/4.7.0/avr5/libgcc.a(_udivmodhi4.o)
 .text.libgcc.div
                0x00000392       0x28 /usr/lib/gcc/avr/4.7.0/avr5/libgcc.a(_udivmodhi4.o)
                0x00000392                __udivmodhi4
 .text.libgcc   0x000003ba        0x0 /usr/lib/gcc/avr/4.7.0/avr5/libgcc.a(_udivmodhi4.o)
 .text.libgcc.prologue
                0x000003ba        0x0 /usr/lib/gcc/avr/4.7.0/avr5/libgcc.a(_udivmodhi4.o)
 .text.libgcc.builtins
                0x000003ba        0x0 /usr/lib/gcc/avr/4.7.0/avr5/libgcc.a(_udivmodhi4.o)
 .text.libgcc.fmul
                0x000003ba        0x0 /usr/lib/gcc/avr/4.7.0/avr5/libgcc.a(_udivmodhi4.o)
                0x000003ba                . = ALIGN (0x2)
 *(.fini9)
 .fini9         0x000003ba        0x0 /usr/lib/gcc/avr/4.7.0/avr5/libgcc.a(_exit.o)
                0x000003ba                exit
                0x000003ba                _exit
 *(.fini9)
 *(.fini8)
 *(.fini8)
 *(.fini7)
 *(.fini7)
 *(.fini6)
 *(.fini6)
 *(.fini5)
 *(.fini5)
 *(.fini4)
 *(.fini4)
 *(.fini3)
 *(.fini3)
 *(.fini2)
 *(.fini2)
 *(.fini1)
 *(.fini1)
 *(.fini0)
 .fini0         0x000003ba        0x4 /usr/lib/gcc/avr/4.7.0/avr5/libgcc.a(_exit.o)
 *(.fini0)
                0x000003be                _etext = .

.data           0x00800100        0x0 load address 0x000003be
                0x00800100                PROVIDE (__data_start, .)
 *(.data)
 .data          0x00800100        0x0 /usr/lib/gcc/avr/4.7.0/../../../avr/lib/avr5/crtm644.o
 .data          0x00800100        0x0 ./ej3.o
 .data          0x00800100        0x0 ./main.o
 .data          0x00800100        0x0 /usr/lib/gcc/avr/4.7.0/avr5/libgcc.a(_divmodhi4.o)
 .data          0x00800100        0x0 /usr/lib/gcc/avr/4.7.0/avr5/libgcc.a(_exit.o)
 .data          0x00800100        0x0 /usr/lib/gcc/avr/4.7.0/avr5/libgcc.a(_clear_bss.o)
 .data          0x00800100        0x0 /usr/lib/gcc/avr/4.7.0/avr5/libgcc.a(_udivmodhi4.o)
 *(.data*)
 *(.rodata)
 *(.rodata*)
 *(.gnu.linkonce.d*)
                0x00800100                . = ALIGN (0x2)
                0x00800100                _edata = .
                0x00800100                PROVIDE (__data_end, .)

.bss            0x00800100        0xf
                0x00800100                PROVIDE (__bss_start, .)
 *(.bss)
 .bss           0x00800100        0x0 /usr/lib/gcc/avr/4.7.0/../../../avr/lib/avr5/crtm644.o
 .bss           0x00800100        0x0 ./ej3.o
 .bss           0x00800100        0x0 ./main.o
 .bss           0x00800100        0x0 /usr/lib/gcc/avr/4.7.0/avr5/libgcc.a(_divmodhi4.o)
 .bss           0x00800100        0x0 /usr/lib/gcc/avr/4.7.0/avr5/libgcc.a(_exit.o)
 .bss           0x00800100        0x0 /usr/lib/gcc/avr/4.7.0/avr5/libgcc.a(_clear_bss.o)
 .bss           0x00800100        0x0 /usr/lib/gcc/avr/4.7.0/avr5/libgcc.a(_udivmodhi4.o)
 *(.bss*)
 *(COMMON)
 COMMON         0x00800100        0xf ./ej3.o
                0x00800100                showingMode
                0x00800101                running
                0x00800103                showHours
                0x00800105                segs
                0x00800107                showSegs
                0x00800109                mins
                0x0080010b                showMins
                0x0080010d                hours
                0x0080010f                PROVIDE (__bss_end, .)
                0x000003be                __data_load_start = LOADADDR (.data)
                0x000003be                __data_load_end = (__data_load_start + SIZEOF (.data))

.noinit         0x0080010f        0x0
                0x0080010f                PROVIDE (__noinit_start, .)
 *(.noinit*)
                0x0080010f                PROVIDE (__noinit_end, .)
                0x0080010f                _end = .
                0x0080010f                PROVIDE (__heap_start, .)

.eeprom         0x00810000        0x0
 *(.eeprom*)
                0x00810000                __eeprom_end = .

.fuse
 *(.fuse)
 *(.lfuse)
 *(.hfuse)
 *(.efuse)

.lock
 *(.lock*)

.signature
 *(.signature*)

.stab           0x00000000      0x6cc
 *(.stab)
 .stab          0x00000000      0x6cc /usr/lib/gcc/avr/4.7.0/../../../avr/lib/avr5/crtm644.o

.stabstr        0x00000000       0x54
 *(.stabstr)
 .stabstr       0x00000000       0x54 /usr/lib/gcc/avr/4.7.0/../../../avr/lib/avr5/crtm644.o

.stab.excl
 *(.stab.excl)

.stab.exclstr
 *(.stab.exclstr)

.stab.index
 *(.stab.index)

.stab.indexstr
 *(.stab.indexstr)

.comment        0x00000000       0x11
 *(.comment)
 .comment       0x00000000       0x11 ./ej3.o
                                 0x12 (size before relaxing)
 .comment       0x00000000       0x12 ./main.o

.debug
 *(.debug)

.line
 *(.line)

.debug_srcinfo
 *(.debug_srcinfo)

.debug_sfnames
 *(.debug_sfnames)

.debug_aranges
 *(.debug_aranges)

.debug_pubnames
 *(.debug_pubnames)

.debug_info
 *(.debug_info)
 *(.gnu.linkonce.wi.*)

.debug_abbrev
 *(.debug_abbrev)

.debug_line
 *(.debug_line)

.debug_frame
 *(.debug_frame)

.debug_str
 *(.debug_str)

.debug_loc
 *(.debug_loc)

.debug_macinfo
 *(.debug_macinfo)
OUTPUT(tp2Ej2.elf elf32-avr)
LOAD linker stubs
