Archive member included because of file (symbol)

/usr/lib/gcc/avr/4.7.0/avr5/libgcc.a(_divmodhi4.o)
                              ./main.o (__divmodhi4)
/usr/lib/gcc/avr/4.7.0/avr5/libgcc.a(_exit.o)
                              /usr/lib/gcc/avr/4.7.0/../../../avr/lib/avr5/crtm644.o (exit)
/usr/lib/gcc/avr/4.7.0/avr5/libgcc.a(_copy_data.o)
                              ./Leds.o (__do_copy_data)
/usr/lib/gcc/avr/4.7.0/avr5/libgcc.a(_clear_bss.o)
                              ./Leds.o (__do_clear_bss)
/usr/lib/gcc/avr/4.7.0/avr5/libgcc.a(_udivmodhi4.o)
                              /usr/lib/gcc/avr/4.7.0/avr5/libgcc.a(_divmodhi4.o) (__udivmodhi4)
/usr/lib/gcc/avr/4.7.0/../../../avr/lib/avr5/libc.a(strtol.o)
                              ./main.o (strtol)
/usr/lib/gcc/avr/4.7.0/../../../avr/lib/avr5/libc.a(isspace.o)
                              /usr/lib/gcc/avr/4.7.0/../../../avr/lib/avr5/libc.a(strtol.o) (isspace)
/usr/lib/gcc/avr/4.7.0/../../../avr/lib/avr5/libc.a(strncmp.o)
                              ./main.o (strncmp)
/usr/lib/gcc/avr/4.7.0/../../../avr/lib/avr5/libc.a(sprintf.o)
                              ./main.o (sprintf)
/usr/lib/gcc/avr/4.7.0/../../../avr/lib/avr5/libc.a(vfprintf_std.o)
                              /usr/lib/gcc/avr/4.7.0/../../../avr/lib/avr5/libc.a(sprintf.o) (vfprintf)
/usr/lib/gcc/avr/4.7.0/../../../avr/lib/avr5/libc.a(errno.o)
                              /usr/lib/gcc/avr/4.7.0/../../../avr/lib/avr5/libc.a(strtol.o) (errno)
/usr/lib/gcc/avr/4.7.0/../../../avr/lib/avr5/libc.a(cty_isfalse.o)
                              /usr/lib/gcc/avr/4.7.0/../../../avr/lib/avr5/libc.a(isspace.o) (__ctype_isfalse)
/usr/lib/gcc/avr/4.7.0/../../../avr/lib/avr5/libc.a(strnlen_P.o)
                              /usr/lib/gcc/avr/4.7.0/../../../avr/lib/avr5/libc.a(vfprintf_std.o) (strnlen_P)
/usr/lib/gcc/avr/4.7.0/../../../avr/lib/avr5/libc.a(strnlen.o)
                              /usr/lib/gcc/avr/4.7.0/../../../avr/lib/avr5/libc.a(vfprintf_std.o) (strnlen)
/usr/lib/gcc/avr/4.7.0/../../../avr/lib/avr5/libc.a(fputc.o)
                              /usr/lib/gcc/avr/4.7.0/../../../avr/lib/avr5/libc.a(vfprintf_std.o) (fputc)
/usr/lib/gcc/avr/4.7.0/../../../avr/lib/avr5/libc.a(ultoa_invert.o)
                              /usr/lib/gcc/avr/4.7.0/../../../avr/lib/avr5/libc.a(vfprintf_std.o) (__ultoa_invert)
/usr/lib/gcc/avr/4.7.0/avr5/libgcc.a(_mulsi3.o)
                              /usr/lib/gcc/avr/4.7.0/../../../avr/lib/avr5/libc.a(strtol.o) (__mulsi3)
/usr/lib/gcc/avr/4.7.0/avr5/libgcc.a(_udivmodsi4.o)
                              /usr/lib/gcc/avr/4.7.0/../../../avr/lib/avr5/libc.a(strtol.o) (__udivmodsi4)
/usr/lib/gcc/avr/4.7.0/avr5/libgcc.a(_prologue.o)
                              /usr/lib/gcc/avr/4.7.0/../../../avr/lib/avr5/libc.a(strtol.o) (__prologue_saves__)
/usr/lib/gcc/avr/4.7.0/avr5/libgcc.a(_epilogue.o)
                              /usr/lib/gcc/avr/4.7.0/../../../avr/lib/avr5/libc.a(strtol.o) (__epilogue_restores__)
/usr/lib/gcc/avr/4.7.0/avr5/libgcc.a(_muluhisi3.o)
                              /usr/lib/gcc/avr/4.7.0/avr5/libgcc.a(_mulsi3.o) (__muluhisi3)
/usr/lib/gcc/avr/4.7.0/avr5/libgcc.a(_umulhisi3.o)
                              /usr/lib/gcc/avr/4.7.0/avr5/libgcc.a(_muluhisi3.o) (__umulhisi3)

Allocating common symbols
Common symbol       size              file

errno               0x2               /usr/lib/gcc/avr/4.7.0/../../../avr/lib/avr5/libc.a(errno.o)
segs                0x2               ./main.o
buf                 0x1e              ./main.o

Memory Configuration

Name             Origin             Length             Attributes
text             0x00000000         0x00020000         xr
data             0x00800060         0x0000ffa0         rw !x
eeprom           0x00810000         0x00010000         rw !x
fuse             0x00820000         0x00000400         rw !x
lock             0x00830000         0x00000400         rw !x
signature        0x00840000         0x00000400         rw !x
*default*        0x00000000         0xffffffff

Linker script and memory map

Address of section .data set to 0x800100
LOAD /usr/lib/gcc/avr/4.7.0/../../../avr/lib/avr5/crtm644.o
LOAD ./Leds.o
LOAD ./Switches.o
LOAD ./Timer1.o
LOAD ./USART.o
LOAD ./main.o
LOAD /usr/lib/gcc/avr/4.7.0/avr5/libgcc.a
LOAD /usr/lib/gcc/avr/4.7.0/../../../avr/lib/avr5/libc.a
LOAD /usr/lib/gcc/avr/4.7.0/avr5/libgcc.a

.hash
 *(.hash)

.dynsym
 *(.dynsym)

.dynstr
 *(.dynstr)

.gnu.version
 *(.gnu.version)

.gnu.version_d
 *(.gnu.version_d)

.gnu.version_r
 *(.gnu.version_r)

.rel.init
 *(.rel.init)

.rela.init
 *(.rela.init)

.rel.text
 *(.rel.text)
 *(.rel.text.*)
 *(.rel.gnu.linkonce.t*)

.rela.text
 *(.rela.text)
 *(.rela.text.*)
 *(.rela.gnu.linkonce.t*)

.rel.fini
 *(.rel.fini)

.rela.fini
 *(.rela.fini)

.rel.rodata
 *(.rel.rodata)
 *(.rel.rodata.*)
 *(.rel.gnu.linkonce.r*)

.rela.rodata
 *(.rela.rodata)
 *(.rela.rodata.*)
 *(.rela.gnu.linkonce.r*)

.rel.data
 *(.rel.data)
 *(.rel.data.*)
 *(.rel.gnu.linkonce.d*)

.rela.data
 *(.rela.data)
 *(.rela.data.*)
 *(.rela.gnu.linkonce.d*)

.rel.ctors
 *(.rel.ctors)

.rela.ctors
 *(.rela.ctors)

.rel.dtors
 *(.rel.dtors)

.rela.dtors
 *(.rela.dtors)

.rel.got
 *(.rel.got)

.rela.got
 *(.rela.got)

.rel.bss
 *(.rel.bss)

.rela.bss
 *(.rela.bss)

.rel.plt
 *(.rel.plt)

.rela.plt
 *(.rela.plt)

.text           0x00000000      0xe6a
 *(.vectors)
 .vectors       0x00000000       0x70 /usr/lib/gcc/avr/4.7.0/../../../avr/lib/avr5/crtm644.o
                0x00000000                __vectors
                0x00000000                __vector_default
 *(.vectors)
 *(.progmem.gcc*)
 *(.progmem*)
                0x00000070                . = ALIGN (0x2)
                0x00000070                __trampolines_start = .
 *(.trampolines)
 .trampolines   0x00000070        0x0 linker stubs
 *(.trampolines*)
                0x00000070                __trampolines_end = .
 *(.jumptables)
 *(.jumptables*)
 *(.lowtext)
 *(.lowtext*)
                0x00000070                __ctors_start = .
 *(.ctors)
                0x00000070                __ctors_end = .
                0x00000070                __dtors_start = .
 *(.dtors)
                0x00000070                __dtors_end = .
 SORT(*)(.ctors)
 SORT(*)(.dtors)
 *(.init0)
 .init0         0x00000070        0x0 /usr/lib/gcc/avr/4.7.0/../../../avr/lib/avr5/crtm644.o
                0x00000070                __init
 *(.init0)
 *(.init1)
 *(.init1)
 *(.init2)
 .init2         0x00000070        0xc /usr/lib/gcc/avr/4.7.0/../../../avr/lib/avr5/crtm644.o
 *(.init2)
 *(.init3)
 *(.init3)
 *(.init4)
 .init4         0x0000007c       0x16 /usr/lib/gcc/avr/4.7.0/avr5/libgcc.a(_copy_data.o)
                0x0000007c                __do_copy_data
 .init4         0x00000092       0x10 /usr/lib/gcc/avr/4.7.0/avr5/libgcc.a(_clear_bss.o)
                0x00000092                __do_clear_bss
 *(.init4)
 *(.init5)
 *(.init5)
 *(.init6)
 *(.init6)
 *(.init7)
 *(.init7)
 *(.init8)
 *(.init8)
 *(.init9)
 .init9         0x000000a2        0x8 /usr/lib/gcc/avr/4.7.0/../../../avr/lib/avr5/crtm644.o
 *(.init9)
 *(.text)
 .text          0x000000aa        0x4 /usr/lib/gcc/avr/4.7.0/../../../avr/lib/avr5/crtm644.o
                0x000000aa                __vector_22
                0x000000aa                __vector_1
                0x000000aa                __vector_24
                0x000000aa                __vector_12
                0x000000aa                __bad_interrupt
                0x000000aa                __vector_6
                0x000000aa                __vector_3
                0x000000aa                __vector_23
                0x000000aa                __vector_25
                0x000000aa                __vector_11
                0x000000aa                __vector_17
                0x000000aa                __vector_19
                0x000000aa                __vector_7
                0x000000aa                __vector_27
                0x000000aa                __vector_5
                0x000000aa                __vector_9
                0x000000aa                __vector_2
                0x000000aa                __vector_21
                0x000000aa                __vector_15
                0x000000aa                __vector_8
                0x000000aa                __vector_26
                0x000000aa                __vector_14
                0x000000aa                __vector_10
                0x000000aa                __vector_16
                0x000000aa                __vector_18
                0x000000aa                __vector_20
 .text          0x000000ae       0x60 ./Leds.o
                0x000000ae                configureLeds
                0x000000b6                turnOn
                0x000000d8                turnOff
                0x000000ee                toggle
                0x00000104                ledsOff
                0x0000010a                ledsOn
 .text          0x0000010e       0x12 ./Switches.o
                0x0000010e                configureSwitches
 .text          0x00000120       0x22 ./Timer1.o
                0x00000120                configureTimer1
 .text          0x00000142       0x4e ./USART.o
                0x00000142                USART_Init
                0x00000158                USART_Transmit
                0x00000168                USART_Receive
                0x00000176                USART_SendString
 .text          0x00000190      0x3e0 ./main.o
                0x00000190                __vector_13
                0x000001be                echo
                0x000001d0                checkCommand
                0x00000238                initLigths
                0x00000244                lights
                0x00000282                getDate
                0x000002e8                setDate
                0x0000034e                reset
                0x0000035e                checkCommandDateTime
                0x000003de                initDateTime
                0x000003ea                dateTime
                0x0000042c                speed1
                0x00000440                speed2
                0x00000454                speed3
                0x00000468                chartobin
                0x000004a0                ascii
                0x000004fa                __vector_4
                0x00000560                ej2
 .text          0x00000570        0x0 /usr/lib/gcc/avr/4.7.0/avr5/libgcc.a(_divmodhi4.o)
 .text          0x00000570        0x0 /usr/lib/gcc/avr/4.7.0/avr5/libgcc.a(_exit.o)
 .text          0x00000570        0x0 /usr/lib/gcc/avr/4.7.0/avr5/libgcc.a(_copy_data.o)
 .text          0x00000570        0x0 /usr/lib/gcc/avr/4.7.0/avr5/libgcc.a(_clear_bss.o)
 .text          0x00000570        0x0 /usr/lib/gcc/avr/4.7.0/avr5/libgcc.a(_udivmodhi4.o)
 .text          0x00000570        0x0 /usr/lib/gcc/avr/4.7.0/../../../avr/lib/avr5/libc.a(strtol.o)
 .text          0x00000570        0x0 /usr/lib/gcc/avr/4.7.0/../../../avr/lib/avr5/libc.a(isspace.o)
 .text          0x00000570        0x0 /usr/lib/gcc/avr/4.7.0/../../../avr/lib/avr5/libc.a(strncmp.o)
 .text          0x00000570        0x0 /usr/lib/gcc/avr/4.7.0/../../../avr/lib/avr5/libc.a(sprintf.o)
 .text          0x00000570        0x0 /usr/lib/gcc/avr/4.7.0/../../../avr/lib/avr5/libc.a(vfprintf_std.o)
 .text          0x00000570        0x0 /usr/lib/gcc/avr/4.7.0/../../../avr/lib/avr5/libc.a(errno.o)
 .text          0x00000570        0x0 /usr/lib/gcc/avr/4.7.0/../../../avr/lib/avr5/libc.a(cty_isfalse.o)
 .text          0x00000570        0x0 /usr/lib/gcc/avr/4.7.0/../../../avr/lib/avr5/libc.a(strnlen_P.o)
 .text          0x00000570        0x0 /usr/lib/gcc/avr/4.7.0/../../../avr/lib/avr5/libc.a(strnlen.o)
 .text          0x00000570        0x0 /usr/lib/gcc/avr/4.7.0/../../../avr/lib/avr5/libc.a(fputc.o)
 .text          0x00000570        0x0 /usr/lib/gcc/avr/4.7.0/../../../avr/lib/avr5/libc.a(ultoa_invert.o)
 .text          0x00000570        0x0 /usr/lib/gcc/avr/4.7.0/avr5/libgcc.a(_mulsi3.o)
 .text          0x00000570        0x0 /usr/lib/gcc/avr/4.7.0/avr5/libgcc.a(_udivmodsi4.o)
 .text          0x00000570        0x0 /usr/lib/gcc/avr/4.7.0/avr5/libgcc.a(_prologue.o)
 .text          0x00000570        0x0 /usr/lib/gcc/avr/4.7.0/avr5/libgcc.a(_epilogue.o)
 .text          0x00000570        0x0 /usr/lib/gcc/avr/4.7.0/avr5/libgcc.a(_muluhisi3.o)
 .text          0x00000570        0x0 /usr/lib/gcc/avr/4.7.0/avr5/libgcc.a(_umulhisi3.o)
                0x00000570                . = ALIGN (0x2)
 *(.text.*)
 .text.startup  0x00000570        0x4 ./main.o
                0x00000570                main
 .text.libgcc.mul
                0x00000574        0x0 /usr/lib/gcc/avr/4.7.0/avr5/libgcc.a(_divmodhi4.o)
 .text.libgcc.div
                0x00000574       0x28 /usr/lib/gcc/avr/4.7.0/avr5/libgcc.a(_divmodhi4.o)
                0x00000574                __divmodhi4
                0x00000574                _div
 .text.libgcc   0x0000059c        0x0 /usr/lib/gcc/avr/4.7.0/avr5/libgcc.a(_divmodhi4.o)
 .text.libgcc.prologue
                0x0000059c        0x0 /usr/lib/gcc/avr/4.7.0/avr5/libgcc.a(_divmodhi4.o)
 .text.libgcc.builtins
                0x0000059c        0x0 /usr/lib/gcc/avr/4.7.0/avr5/libgcc.a(_divmodhi4.o)
 .text.libgcc.fmul
                0x0000059c        0x0 /usr/lib/gcc/avr/4.7.0/avr5/libgcc.a(_divmodhi4.o)
 .text.libgcc.mul
                0x0000059c        0x0 /usr/lib/gcc/avr/4.7.0/avr5/libgcc.a(_exit.o)
 .text.libgcc.div
                0x0000059c        0x0 /usr/lib/gcc/avr/4.7.0/avr5/libgcc.a(_exit.o)
 .text.libgcc   0x0000059c        0x0 /usr/lib/gcc/avr/4.7.0/avr5/libgcc.a(_exit.o)
 .text.libgcc.prologue
                0x0000059c        0x0 /usr/lib/gcc/avr/4.7.0/avr5/libgcc.a(_exit.o)
 .text.libgcc.builtins
                0x0000059c        0x0 /usr/lib/gcc/avr/4.7.0/avr5/libgcc.a(_exit.o)
 .text.libgcc.fmul
                0x0000059c        0x0 /usr/lib/gcc/avr/4.7.0/avr5/libgcc.a(_exit.o)
 .text.libgcc.mul
                0x0000059c        0x0 /usr/lib/gcc/avr/4.7.0/avr5/libgcc.a(_copy_data.o)
 .text.libgcc.div
                0x0000059c        0x0 /usr/lib/gcc/avr/4.7.0/avr5/libgcc.a(_copy_data.o)
 .text.libgcc   0x0000059c        0x0 /usr/lib/gcc/avr/4.7.0/avr5/libgcc.a(_copy_data.o)
 .text.libgcc.prologue
                0x0000059c        0x0 /usr/lib/gcc/avr/4.7.0/avr5/libgcc.a(_copy_data.o)
 .text.libgcc.builtins
                0x0000059c        0x0 /usr/lib/gcc/avr/4.7.0/avr5/libgcc.a(_copy_data.o)
 .text.libgcc.fmul
                0x0000059c        0x0 /usr/lib/gcc/avr/4.7.0/avr5/libgcc.a(_copy_data.o)
 .text.libgcc.mul
                0x0000059c        0x0 /usr/lib/gcc/avr/4.7.0/avr5/libgcc.a(_clear_bss.o)
 .text.libgcc.div
                0x0000059c        0x0 /usr/lib/gcc/avr/4.7.0/avr5/libgcc.a(_clear_bss.o)
 .text.libgcc   0x0000059c        0x0 /usr/lib/gcc/avr/4.7.0/avr5/libgcc.a(_clear_bss.o)
 .text.libgcc.prologue
                0x0000059c        0x0 /usr/lib/gcc/avr/4.7.0/avr5/libgcc.a(_clear_bss.o)
 .text.libgcc.builtins
                0x0000059c        0x0 /usr/lib/gcc/avr/4.7.0/avr5/libgcc.a(_clear_bss.o)
 .text.libgcc.fmul
                0x0000059c        0x0 /usr/lib/gcc/avr/4.7.0/avr5/libgcc.a(_clear_bss.o)
 .text.libgcc.mul
                0x0000059c        0x0 /usr/lib/gcc/avr/4.7.0/avr5/libgcc.a(_udivmodhi4.o)
 .text.libgcc.div
                0x0000059c       0x28 /usr/lib/gcc/avr/4.7.0/avr5/libgcc.a(_udivmodhi4.o)
                0x0000059c                __udivmodhi4
 .text.libgcc   0x000005c4        0x0 /usr/lib/gcc/avr/4.7.0/avr5/libgcc.a(_udivmodhi4.o)
 .text.libgcc.prologue
                0x000005c4        0x0 /usr/lib/gcc/avr/4.7.0/avr5/libgcc.a(_udivmodhi4.o)
 .text.libgcc.builtins
                0x000005c4        0x0 /usr/lib/gcc/avr/4.7.0/avr5/libgcc.a(_udivmodhi4.o)
 .text.libgcc.fmul
                0x000005c4        0x0 /usr/lib/gcc/avr/4.7.0/avr5/libgcc.a(_udivmodhi4.o)
 .text.avr-libc
                0x000005c4      0x22e /usr/lib/gcc/avr/4.7.0/../../../avr/lib/avr5/libc.a(strtol.o)
                0x000005c4                strtol
 .text.avr-libc
                0x000007f2       0x10 /usr/lib/gcc/avr/4.7.0/../../../avr/lib/avr5/libc.a(isspace.o)
                0x000007f2                isspace
 .text.avr-libc
                0x00000802       0x1c /usr/lib/gcc/avr/4.7.0/../../../avr/lib/avr5/libc.a(strncmp.o)
                0x00000802                strncmp
 .text.avr-libc
                0x0000081e       0x48 /usr/lib/gcc/avr/4.7.0/../../../avr/lib/avr5/libc.a(sprintf.o)
                0x0000081e                sprintf
 .text.avr-libc
                0x00000866      0x3ba /usr/lib/gcc/avr/4.7.0/../../../avr/lib/avr5/libc.a(vfprintf_std.o)
                0x00000866                vfprintf
 .text.avr-libc
                0x00000c20        0x6 /usr/lib/gcc/avr/4.7.0/../../../avr/lib/avr5/libc.a(cty_isfalse.o)
                0x00000c20                __ctype_isfalse
                0x00000c24                __ctype_istrue
 .text.avr-libc
                0x00000c26       0x16 /usr/lib/gcc/avr/4.7.0/../../../avr/lib/avr5/libc.a(strnlen_P.o)
                0x00000c26                strnlen_P
 .text.avr-libc
                0x00000c3c       0x16 /usr/lib/gcc/avr/4.7.0/../../../avr/lib/avr5/libc.a(strnlen.o)
                0x00000c3c                strnlen
 .text.avr-libc
                0x00000c52       0x58 /usr/lib/gcc/avr/4.7.0/../../../avr/lib/avr5/libc.a(fputc.o)
                0x00000c52                fputc
 .text.avr-libc
                0x00000caa       0xbc /usr/lib/gcc/avr/4.7.0/../../../avr/lib/avr5/libc.a(ultoa_invert.o)
                0x00000caa                __ultoa_invert
 .text.libgcc.mul
                0x00000d66       0x20 /usr/lib/gcc/avr/4.7.0/avr5/libgcc.a(_mulsi3.o)
                0x00000d66                __mulsi3
 .text.libgcc.div
                0x00000d86        0x0 /usr/lib/gcc/avr/4.7.0/avr5/libgcc.a(_mulsi3.o)
 .text.libgcc   0x00000d86        0x0 /usr/lib/gcc/avr/4.7.0/avr5/libgcc.a(_mulsi3.o)
 .text.libgcc.prologue
                0x00000d86        0x0 /usr/lib/gcc/avr/4.7.0/avr5/libgcc.a(_mulsi3.o)
 .text.libgcc.builtins
                0x00000d86        0x0 /usr/lib/gcc/avr/4.7.0/avr5/libgcc.a(_mulsi3.o)
 .text.libgcc.fmul
                0x00000d86        0x0 /usr/lib/gcc/avr/4.7.0/avr5/libgcc.a(_mulsi3.o)
 .text.libgcc.mul
                0x00000d86        0x0 /usr/lib/gcc/avr/4.7.0/avr5/libgcc.a(_udivmodsi4.o)
 .text.libgcc.div
                0x00000d86       0x44 /usr/lib/gcc/avr/4.7.0/avr5/libgcc.a(_udivmodsi4.o)
                0x00000d86                __udivmodsi4
 .text.libgcc   0x00000dca        0x0 /usr/lib/gcc/avr/4.7.0/avr5/libgcc.a(_udivmodsi4.o)
 .text.libgcc.prologue
                0x00000dca        0x0 /usr/lib/gcc/avr/4.7.0/avr5/libgcc.a(_udivmodsi4.o)
 .text.libgcc.builtins
                0x00000dca        0x0 /usr/lib/gcc/avr/4.7.0/avr5/libgcc.a(_udivmodsi4.o)
 .text.libgcc.fmul
                0x00000dca        0x0 /usr/lib/gcc/avr/4.7.0/avr5/libgcc.a(_udivmodsi4.o)
 .text.libgcc.mul
                0x00000dca        0x0 /usr/lib/gcc/avr/4.7.0/avr5/libgcc.a(_prologue.o)
 .text.libgcc.div
                0x00000dca        0x0 /usr/lib/gcc/avr/4.7.0/avr5/libgcc.a(_prologue.o)
 .text.libgcc   0x00000dca        0x0 /usr/lib/gcc/avr/4.7.0/avr5/libgcc.a(_prologue.o)
 .text.libgcc.prologue
                0x00000dca       0x38 /usr/lib/gcc/avr/4.7.0/avr5/libgcc.a(_prologue.o)
                0x00000dca                __prologue_saves__
 .text.libgcc.builtins
                0x00000e02        0x0 /usr/lib/gcc/avr/4.7.0/avr5/libgcc.a(_prologue.o)
 .text.libgcc.fmul
                0x00000e02        0x0 /usr/lib/gcc/avr/4.7.0/avr5/libgcc.a(_prologue.o)
 .text.libgcc.mul
                0x00000e02        0x0 /usr/lib/gcc/avr/4.7.0/avr5/libgcc.a(_epilogue.o)
 .text.libgcc.div
                0x00000e02        0x0 /usr/lib/gcc/avr/4.7.0/avr5/libgcc.a(_epilogue.o)
 .text.libgcc   0x00000e02        0x0 /usr/lib/gcc/avr/4.7.0/avr5/libgcc.a(_epilogue.o)
 .text.libgcc.prologue
                0x00000e02       0x36 /usr/lib/gcc/avr/4.7.0/avr5/libgcc.a(_epilogue.o)
                0x00000e02                __epilogue_restores__
 .text.libgcc.builtins
                0x00000e38        0x0 /usr/lib/gcc/avr/4.7.0/avr5/libgcc.a(_epilogue.o)
 .text.libgcc.fmul
                0x00000e38        0x0 /usr/lib/gcc/avr/4.7.0/avr5/libgcc.a(_epilogue.o)
 .text.libgcc.mul
                0x00000e38       0x16 /usr/lib/gcc/avr/4.7.0/avr5/libgcc.a(_muluhisi3.o)
                0x00000e38                __muluhisi3
 .text.libgcc.div
                0x00000e4e        0x0 /usr/lib/gcc/avr/4.7.0/avr5/libgcc.a(_muluhisi3.o)
 .text.libgcc   0x00000e4e        0x0 /usr/lib/gcc/avr/4.7.0/avr5/libgcc.a(_muluhisi3.o)
 .text.libgcc.prologue
                0x00000e4e        0x0 /usr/lib/gcc/avr/4.7.0/avr5/libgcc.a(_muluhisi3.o)
 .text.libgcc.builtins
                0x00000e4e        0x0 /usr/lib/gcc/avr/4.7.0/avr5/libgcc.a(_muluhisi3.o)
 .text.libgcc.fmul
                0x00000e4e        0x0 /usr/lib/gcc/avr/4.7.0/avr5/libgcc.a(_muluhisi3.o)
 .text.libgcc.mul
                0x00000e4e       0x18 /usr/lib/gcc/avr/4.7.0/avr5/libgcc.a(_umulhisi3.o)
                0x00000e4e                __umulhisi3
 .text.libgcc.div
                0x00000e66        0x0 /usr/lib/gcc/avr/4.7.0/avr5/libgcc.a(_umulhisi3.o)
 .text.libgcc   0x00000e66        0x0 /usr/lib/gcc/avr/4.7.0/avr5/libgcc.a(_umulhisi3.o)
 .text.libgcc.prologue
                0x00000e66        0x0 /usr/lib/gcc/avr/4.7.0/avr5/libgcc.a(_umulhisi3.o)
 .text.libgcc.builtins
                0x00000e66        0x0 /usr/lib/gcc/avr/4.7.0/avr5/libgcc.a(_umulhisi3.o)
 .text.libgcc.fmul
                0x00000e66        0x0 /usr/lib/gcc/avr/4.7.0/avr5/libgcc.a(_umulhisi3.o)
                0x00000e66                . = ALIGN (0x2)
 *(.fini9)
 .fini9         0x00000e66        0x0 /usr/lib/gcc/avr/4.7.0/avr5/libgcc.a(_exit.o)
                0x00000e66                exit
                0x00000e66                _exit
 *(.fini9)
 *(.fini8)
 *(.fini8)
 *(.fini7)
 *(.fini7)
 *(.fini6)
 *(.fini6)
 *(.fini5)
 *(.fini5)
 *(.fini4)
 *(.fini4)
 *(.fini3)
 *(.fini3)
 *(.fini2)
 *(.fini2)
 *(.fini1)
 *(.fini1)
 *(.fini0)
 .fini0         0x00000e66        0x4 /usr/lib/gcc/avr/4.7.0/avr5/libgcc.a(_exit.o)
 *(.fini0)
                0x00000e6a                _etext = .

.data           0x00800100       0x9c load address 0x00000e6a
                0x00800100                PROVIDE (__data_start, .)
 *(.data)
 .data          0x00800100        0x0 /usr/lib/gcc/avr/4.7.0/../../../avr/lib/avr5/crtm644.o
 .data          0x00800100        0x0 ./Leds.o
 .data          0x00800100        0x0 ./Switches.o
 .data          0x00800100        0x0 ./Timer1.o
 .data          0x00800100        0x0 ./USART.o
 .data          0x00800100        0x0 ./main.o
 .data          0x00800100        0x0 /usr/lib/gcc/avr/4.7.0/avr5/libgcc.a(_divmodhi4.o)
 .data          0x00800100        0x0 /usr/lib/gcc/avr/4.7.0/avr5/libgcc.a(_exit.o)
 .data          0x00800100        0x0 /usr/lib/gcc/avr/4.7.0/avr5/libgcc.a(_copy_data.o)
 .data          0x00800100        0x0 /usr/lib/gcc/avr/4.7.0/avr5/libgcc.a(_clear_bss.o)
 .data          0x00800100        0x0 /usr/lib/gcc/avr/4.7.0/avr5/libgcc.a(_udivmodhi4.o)
 .data          0x00800100        0x0 /usr/lib/gcc/avr/4.7.0/../../../avr/lib/avr5/libc.a(strtol.o)
 .data          0x00800100        0x0 /usr/lib/gcc/avr/4.7.0/../../../avr/lib/avr5/libc.a(isspace.o)
 .data          0x00800100        0x0 /usr/lib/gcc/avr/4.7.0/../../../avr/lib/avr5/libc.a(strncmp.o)
 .data          0x00800100        0x0 /usr/lib/gcc/avr/4.7.0/../../../avr/lib/avr5/libc.a(sprintf.o)
 .data          0x00800100        0x0 /usr/lib/gcc/avr/4.7.0/../../../avr/lib/avr5/libc.a(vfprintf_std.o)
 .data          0x00800100        0x0 /usr/lib/gcc/avr/4.7.0/../../../avr/lib/avr5/libc.a(errno.o)
 .data          0x00800100        0x0 /usr/lib/gcc/avr/4.7.0/../../../avr/lib/avr5/libc.a(cty_isfalse.o)
 .data          0x00800100        0x0 /usr/lib/gcc/avr/4.7.0/../../../avr/lib/avr5/libc.a(strnlen_P.o)
 .data          0x00800100        0x0 /usr/lib/gcc/avr/4.7.0/../../../avr/lib/avr5/libc.a(strnlen.o)
 .data          0x00800100        0x0 /usr/lib/gcc/avr/4.7.0/../../../avr/lib/avr5/libc.a(fputc.o)
 .data          0x00800100        0x0 /usr/lib/gcc/avr/4.7.0/../../../avr/lib/avr5/libc.a(ultoa_invert.o)
 .data          0x00800100        0x0 /usr/lib/gcc/avr/4.7.0/avr5/libgcc.a(_mulsi3.o)
 .data          0x00800100        0x0 /usr/lib/gcc/avr/4.7.0/avr5/libgcc.a(_udivmodsi4.o)
 .data          0x00800100        0x0 /usr/lib/gcc/avr/4.7.0/avr5/libgcc.a(_prologue.o)
 .data          0x00800100        0x0 /usr/lib/gcc/avr/4.7.0/avr5/libgcc.a(_epilogue.o)
 .data          0x00800100        0x0 /usr/lib/gcc/avr/4.7.0/avr5/libgcc.a(_muluhisi3.o)
 .data          0x00800100        0x0 /usr/lib/gcc/avr/4.7.0/avr5/libgcc.a(_umulhisi3.o)
 *(.data*)
 *(.rodata)
 *(.rodata*)
 .rodata.str1.1
                0x00800100       0x9b ./main.o
 *(.gnu.linkonce.d*)
                0x0080019c                . = ALIGN (0x2)
 *fill*         0x0080019b        0x1 00
                0x0080019c                _edata = .
                0x0080019c                PROVIDE (__data_end, .)

.bss            0x0080019c       0x2a
                0x0080019c                PROVIDE (__bss_start, .)
 *(.bss)
 .bss           0x0080019c        0x0 /usr/lib/gcc/avr/4.7.0/../../../avr/lib/avr5/crtm644.o
 .bss           0x0080019c        0x0 ./Leds.o
 .bss           0x0080019c        0x0 ./Switches.o
 .bss           0x0080019c        0x0 ./Timer1.o
 .bss           0x0080019c        0x0 ./USART.o
 .bss           0x0080019c        0x8 ./main.o
 .bss           0x008001a4        0x0 /usr/lib/gcc/avr/4.7.0/avr5/libgcc.a(_divmodhi4.o)
 .bss           0x008001a4        0x0 /usr/lib/gcc/avr/4.7.0/avr5/libgcc.a(_exit.o)
 .bss           0x008001a4        0x0 /usr/lib/gcc/avr/4.7.0/avr5/libgcc.a(_copy_data.o)
 .bss           0x008001a4        0x0 /usr/lib/gcc/avr/4.7.0/avr5/libgcc.a(_clear_bss.o)
 .bss           0x008001a4        0x0 /usr/lib/gcc/avr/4.7.0/avr5/libgcc.a(_udivmodhi4.o)
 .bss           0x008001a4        0x0 /usr/lib/gcc/avr/4.7.0/../../../avr/lib/avr5/libc.a(strtol.o)
 .bss           0x008001a4        0x0 /usr/lib/gcc/avr/4.7.0/../../../avr/lib/avr5/libc.a(isspace.o)
 .bss           0x008001a4        0x0 /usr/lib/gcc/avr/4.7.0/../../../avr/lib/avr5/libc.a(strncmp.o)
 .bss           0x008001a4        0x0 /usr/lib/gcc/avr/4.7.0/../../../avr/lib/avr5/libc.a(sprintf.o)
 .bss           0x008001a4        0x0 /usr/lib/gcc/avr/4.7.0/../../../avr/lib/avr5/libc.a(vfprintf_std.o)
 .bss           0x008001a4        0x0 /usr/lib/gcc/avr/4.7.0/../../../avr/lib/avr5/libc.a(errno.o)
 .bss           0x008001a4        0x0 /usr/lib/gcc/avr/4.7.0/../../../avr/lib/avr5/libc.a(cty_isfalse.o)
 .bss           0x008001a4        0x0 /usr/lib/gcc/avr/4.7.0/../../../avr/lib/avr5/libc.a(strnlen_P.o)
 .bss           0x008001a4        0x0 /usr/lib/gcc/avr/4.7.0/../../../avr/lib/avr5/libc.a(strnlen.o)
 .bss           0x008001a4        0x0 /usr/lib/gcc/avr/4.7.0/../../../avr/lib/avr5/libc.a(fputc.o)
 .bss           0x008001a4        0x0 /usr/lib/gcc/avr/4.7.0/../../../avr/lib/avr5/libc.a(ultoa_invert.o)
 .bss           0x008001a4        0x0 /usr/lib/gcc/avr/4.7.0/avr5/libgcc.a(_mulsi3.o)
 .bss           0x008001a4        0x0 /usr/lib/gcc/avr/4.7.0/avr5/libgcc.a(_udivmodsi4.o)
 .bss           0x008001a4        0x0 /usr/lib/gcc/avr/4.7.0/avr5/libgcc.a(_prologue.o)
 .bss           0x008001a4        0x0 /usr/lib/gcc/avr/4.7.0/avr5/libgcc.a(_epilogue.o)
 .bss           0x008001a4        0x0 /usr/lib/gcc/avr/4.7.0/avr5/libgcc.a(_muluhisi3.o)
 .bss           0x008001a4        0x0 /usr/lib/gcc/avr/4.7.0/avr5/libgcc.a(_umulhisi3.o)
 *(.bss*)
 *(COMMON)
 COMMON         0x008001a4       0x20 ./main.o
                0x008001a4                segs
                0x008001a6                buf
 COMMON         0x008001c4        0x2 /usr/lib/gcc/avr/4.7.0/../../../avr/lib/avr5/libc.a(errno.o)
                0x008001c4                errno
                0x008001c6                PROVIDE (__bss_end, .)
                0x00000e6a                __data_load_start = LOADADDR (.data)
                0x00000f06                __data_load_end = (__data_load_start + SIZEOF (.data))

.noinit         0x008001c6        0x0
                0x008001c6                PROVIDE (__noinit_start, .)
 *(.noinit*)
                0x008001c6                PROVIDE (__noinit_end, .)
                0x008001c6                _end = .
                0x008001c6                PROVIDE (__heap_start, .)

.eeprom         0x00810000        0x0
 *(.eeprom*)
                0x00810000                __eeprom_end = .

.fuse
 *(.fuse)
 *(.lfuse)
 *(.hfuse)
 *(.efuse)

.lock
 *(.lock*)

.signature
 *(.signature*)

.stab           0x00000000     0x23c4
 *(.stab)
 .stab          0x00000000      0x6cc /usr/lib/gcc/avr/4.7.0/../../../avr/lib/avr5/crtm644.o
 .stab          0x000006cc      0x4d4 /usr/lib/gcc/avr/4.7.0/../../../avr/lib/avr5/libc.a(strtol.o)
                                0x4e0 (size before relaxing)
 .stab          0x00000ba0       0x9c /usr/lib/gcc/avr/4.7.0/../../../avr/lib/avr5/libc.a(isspace.o)
                                 0xa8 (size before relaxing)
 .stab          0x00000c3c       0xc0 /usr/lib/gcc/avr/4.7.0/../../../avr/lib/avr5/libc.a(strncmp.o)
                                 0xcc (size before relaxing)
 .stab          0x00000cfc      0x3d8 /usr/lib/gcc/avr/4.7.0/../../../avr/lib/avr5/libc.a(sprintf.o)
                                0x3e4 (size before relaxing)
 .stab          0x000010d4      0xa14 /usr/lib/gcc/avr/4.7.0/../../../avr/lib/avr5/libc.a(vfprintf_std.o)
                                0xc24 (size before relaxing)
 .stab          0x00001ae8       0xf0 /usr/lib/gcc/avr/4.7.0/../../../avr/lib/avr5/libc.a(errno.o)
                                 0xfc (size before relaxing)
 .stab          0x00001bd8       0x60 /usr/lib/gcc/avr/4.7.0/../../../avr/lib/avr5/libc.a(cty_isfalse.o)
                                 0x6c (size before relaxing)
 .stab          0x00001c38       0x9c /usr/lib/gcc/avr/4.7.0/../../../avr/lib/avr5/libc.a(strnlen_P.o)
                                 0xa8 (size before relaxing)
 .stab          0x00001cd4       0x9c /usr/lib/gcc/avr/4.7.0/../../../avr/lib/avr5/libc.a(strnlen.o)
                                 0xa8 (size before relaxing)
 .stab          0x00001d70      0x1d4 /usr/lib/gcc/avr/4.7.0/../../../avr/lib/avr5/libc.a(fputc.o)
                                0x3b4 (size before relaxing)
 .stab          0x00001f44      0x480 /usr/lib/gcc/avr/4.7.0/../../../avr/lib/avr5/libc.a(ultoa_invert.o)
                                0x48c (size before relaxing)

.stabstr        0x00000000      0xc63
 *(.stabstr)
 .stabstr       0x00000000      0xc63 /usr/lib/gcc/avr/4.7.0/../../../avr/lib/avr5/crtm644.o

.stab.excl
 *(.stab.excl)

.stab.exclstr
 *(.stab.exclstr)

.stab.index
 *(.stab.index)

.stab.indexstr
 *(.stab.indexstr)

.comment        0x00000000       0x11
 *(.comment)
 .comment       0x00000000       0x11 ./main.o
                                 0x12 (size before relaxing)
 .comment       0x00000000       0x12 /usr/lib/gcc/avr/4.7.0/../../../avr/lib/avr5/libc.a(strtol.o)
 .comment       0x00000000       0x12 /usr/lib/gcc/avr/4.7.0/../../../avr/lib/avr5/libc.a(sprintf.o)
 .comment       0x00000000       0x12 /usr/lib/gcc/avr/4.7.0/../../../avr/lib/avr5/libc.a(vfprintf_std.o)
 .comment       0x00000000       0x12 /usr/lib/gcc/avr/4.7.0/../../../avr/lib/avr5/libc.a(errno.o)
 .comment       0x00000000       0x12 /usr/lib/gcc/avr/4.7.0/../../../avr/lib/avr5/libc.a(fputc.o)

.debug
 *(.debug)

.line
 *(.line)

.debug_srcinfo
 *(.debug_srcinfo)

.debug_sfnames
 *(.debug_sfnames)

.debug_aranges
 *(.debug_aranges)

.debug_pubnames
 *(.debug_pubnames)

.debug_info
 *(.debug_info)
 *(.gnu.linkonce.wi.*)

.debug_abbrev
 *(.debug_abbrev)

.debug_line
 *(.debug_line)

.debug_frame
 *(.debug_frame)

.debug_str
 *(.debug_str)

.debug_loc
 *(.debug_loc)

.debug_macinfo
 *(.debug_macinfo)
OUTPUT(tp3.elf elf32-avr)
LOAD linker stubs
